E/use-Rlog/RLOG-RIL(  168): requestRegistrationState()
E/use-Rlog/RLOG-RIL(  168): TxNET_GetNetworkRegistration()
E/use-Rlog/RLOG-RIL(  168): get_msg_sequence()
E/use-Rlog/RLOG-RIL(  168): ipc_debug_send_ipc: timestamp 1424081205487302
E/use-Rlog/RLOG-RIL(  168): TX: Time: 2447030511 / 75049
E/use-Rlog/RLOG-RIL(  168): TX: (M)IPC_NET_CMD  (S)IPC_NET_REGIST  (T)IPC_CMD_GET  len:9 mseq:1f aseq:0
E/use-Rlog/RLOG-RIL(  168): TX: ---- DATA BEGIN ----
E/use-Rlog/RLOG-RIL(  168): TX: FF 02 
E/use-Rlog/RLOG-RIL(  168): TX: ---- DATA  END ----
E/use-Rlog/RLOG-RIL(  168): WaitForExpectedCmd(): cur_time: 75049, cur_req->timeout: 110049, ph->near_timeout: 110049
D/RILC    (  168): SOCKET RIL_SOCKET_1 REQUEST: QUERY_NETWORK_SELECTION_MODE length:8
E/use-Rlog/RLOG-RIL(  168): onRequest: QUERY_NETWORK_SELECTION_MODE
E/use-Rlog/RLOG-RIL(  168): CreateRequest(): req(0x418b8b40), id(45), tok(0x418b8ad0) - FUNC(0x40510465)
E/use-Rlog/RLOG-RIL(  168): [EVT]:Req(2), RX(0)
D/PHONE   (  953): [ServiceState] setDataRegState=0
D/PHONE   (  953): [ServiceState] setDataRadioTechnology=3
D/GsmSST  (  953): [GsmSST] handlPollStateResultMessage: GsmSST setDataRegState=0 regState=1 dataRadioTechnology=3
E/use-Rlog/RLOG-RIL(  168): processLine():
E/use-Rlog/RLOG-RIL(  168): processLine: got a single frame.
E/use-Rlog/RLOG-RIL(  168): ipc_debug_send_ipc: timestamp 1424081205490230
E/use-Rlog/RLOG-RIL(  168): [EVT]:Req(2), RX(1)
E/use-Rlog/RLOG-RIL(  168): RX: Time: 2447030514 / 75052
E/use-Rlog/RLOG-RIL(  168): RX: (M)IPC_NET_CMD  (S)IPC_NET_REGIST  (T)IPC_CMD_RESP  len:12 mseq:0 aseq:1f
E/use-Rlog/RLOG-RIL(  168): RX: ---- DATA BEGIN ----
E/use-Rlog/RLOG-RIL(  168): RX: 04 02 02 63 F7 5C 
E/use-Rlog/RLOG-RIL(  168): RX: 5F 08 6F 00 00 
E/use-Rlog/RLOG-RIL(  168): RX: ---- DATA  END ----
E/use-Rlog/RLOG-RIL(  168): requestRegistrationState()
E/use-Rlog/RLOG-RIL(  168): RxNET_ResNetworkRegistration()
E/use-Rlog/RLOG-RIL(  168): RegiStatus_Ipc2Ril()
E/use-Rlog/RLOG-RIL(  168): RxNET_ResNetworkRegistration: cs_reg_status: 1, rej_cause 0
E/use-Rlog/RLOG-RIL(  168): RIL_onRequestComplete: tok(0x418b69d0)
D/RILC    (  168): RequestComplete, RIL_SOCKET_1
E/RILC    (  168): Send Response to RIL_SOCKET_1
E/use-Rlog/RLOG-RIL(  168): [RM REQ]: req(0x418b8a70), tok(0x418b69d0)
E/use-Rlog/RLOG-RIL(  168): [EVT]:Req(1), RX(0)
E/use-Rlog/RLOG-RIL(  168): [EVT]:Req(1), RX(0)
E/use-Rlog/RLOG-RIL(  168): requestQueryNetworkSelectionMode()
E/use-Rlog/RLOG-RIL(  168): TxNET_GetPLMNSelection()
E/use-Rlog/RLOG-RIL(  168): get_msg_sequence()
E/use-Rlog/RLOG-RIL(  168): ipc_debug_send_ipc: timestamp 1424081205492305
E/use-Rlog/RLOG-RIL(  168): TX: Time: 2447030516 / 75054
E/use-Rlog/RLOG-RIL(  168): TX: (M)IPC_NET_CMD  (S)IPC_NET_PLMN_SEL  (T)IPC_CMD_GET  len:7 mseq:20 aseq:0
E/use-Rlog/RLOG-RIL(  168): WaitForExpectedCmd(): cur_time: 75054, cur_req->timeout: 110054, ph->near_timeout: 110049
D/RILJ    (  953): Serial: 36
D/RILJ    (  953): Error: 0
D/RILJ    (  953): [3684]< VOICE_REGISTRATION_STATE {1, 5cf7, 006f085f, null, null, null, null, null, null, null, null, null, null, 0}
D/PHONE   (  953): [ServiceState] setVoiceRegState=0
E/PHONE   (  953): [ServiceState] setState deprecated use setVoiceRegState()
E/use-Rlog/RLOG-RIL(  168): processLine():
E/use-Rlog/RLOG-RIL(  168): processLine: got a single frame.
E/use-Rlog/RLOG-RIL(  168): ipc_debug_send_ipc: timestamp 1424081205495539
E/use-Rlog/RLOG-RIL(  168): [EVT]:Req(1), RX(1)
E/use-Rlog/RLOG-RIL(  168): RX: Time: 2447030519 / 75057
E/use-Rlog/RLOG-RIL(  168): RX: (M)IPC_NET_CMD  (S)IPC_NET_PLMN_SEL  (T)IPC_CMD_RESP  len:e mseq:0 aseq:20
E/use-Rlog/RLOG-RIL(  168): RX: ---- DATA BEGIN ----
E/use-Rlog/RLOG-RIL(  168): RX: 02 33 31 30 32 36 
E/use-Rlog/RLOG-RIL(  168): RX: 30 
E/use-Rlog/RLOG-RIL(  168): RX: ---- DATA  END ----
E/use-Rlog/RLOG-RIL(  168): requestQueryNetworkSelectionMode()
E/use-Rlog/RLOG-RIL(  168): RxNET_ResPLMNSelection()
E/use-Rlog/RLOG-RIL(  168): RIL_onRequestComplete: tok(0x418b8ad0)
D/RILC    (  168): RequestComplete, RIL_SOCKET_1
E/RILC    (  168): Send Response to RIL_SOCKET_1
E/use-Rlog/RLOG-RIL(  168): [RM REQ]: req(0x418b8b40), tok(0x418b8ad0)
E/use-Rlog/RLOG-RIL(  168): [EVT]:Req(0), RX(0)
E/use-Rlog/RLOG-RIL(  168): [EVT]:Req(0), RX(0)
D/RILJ    (  953): Serial: 37
D/RILJ    (  953): Error: 0
D/RILJ    (  953): [3685]< QUERY_NETWORK_SELECTION_MODE {0}
D/GsmSST  (  953): [GsmSST] Poll ServiceState done:  oldSS=[0 1 home T-Mobile  T-Mobile  310260  Unknown UMTS CSS not supported -1 -1 RoamInd=-1 DefRoamInd=-1 EmergOnly=false] newSS=[0 0 home T-Mobile  T-Mobile  310260  Unknown UMTS CSS not supported -1 -1 RoamInd=-1 DefRoamInd=-1 EmergOnly=false] oldMaxDataCalls=1 mNewMaxDataCalls=1 oldReasonDataDenied=-1 mNewReasonDataDenied=-1
D/PHONE   (  953): [ServiceState] setNullState=1
D/SubController(  953): [getSubId]- size == 0, return dummy instead
D/TelephonyManager(  953): setTelephonyProperty property=gsm.operator.alpha propVal=T-Mobile 
D/SubController(  953): [getSubId]- size == 0, return dummy instead
D/TelephonyManager(  953): setTelephonyProperty property=gsm.operator.numeric propVal=310260
D/SubController(  953): [getSubId]- size == 0, return dummy instead
D/TelephonyManager(  953): setTelephonyProperty property=gsm.operator.iso-country propVal=us
D/GsmSST  (  953): [GsmSST] shouldFixTimeZoneNow: retVal=true iccCardExist=false operatorNumeric=310260 mcc=310 prevOperatorNumeric=310260 prevMcc=310 needToFixTimeZone=true ltod=02-16 05:06:45.533
D/GsmSST  (  953): [GsmSST] pollStateDone: fix time zone zoneName='America/New_York' mZoneOffset=-18000000 mZoneDst=false iso-cc='us' iso-cc-idx=-21
D/GsmSST  (  953): [GsmSST] pollStateDone: using getTimeZone(off, dst, time, iso)
D/GsmSST  (  953): [GsmSST] pollStateDone: zone != null zone.getID=America/New_York
D/GsmSST  (  953): [GsmSST] setAndBroadcastNetworkSetTimeZone: setTimeZone=America/New_York
D/GsmSST  (  953): [GsmSST] setAndBroadcastNetworkSetTimeZone: call alarm.setTimeZone and broadcast zoneId=America/New_York
D/SubController(  953): [getSubId]- size == 0, return dummy instead
D/TelephonyManager(  953): setTelephonyProperty property=gsm.operator.isroaming propVal=false
D/SubController(  953): [getSubId]- size == 0, return dummy instead
D/DefaultPhoneNotifier(  953): nofityServiceState: mRegistry=com.android.internal.telephony.ITelephonyRegistry$Stub$Proxy@2659f38a ss=0 0 home T-Mobile  T-Mobile  310260  Unknown UMTS CSS not supported -1 -1 RoamInd=-1 DefRoamInd=-1 EmergOnly=false sender=Handler (com.android.internal.telephony.gsm.GSMPhone) {27560ae8} phondId=0 subId=-1
D/SubController(  953): [getSubId]- size == 0, return dummy instead
D/GsmSST  (  953): [GsmSST] notifyDataRegStateRilRadioTechnologyChanged: drs=0 rat=3
D/SubController(  953): [getSubId]- size == 0, return dummy instead
D/TelephonyManager(  953): setTelephonyProperty property=gsm.network.type propVal=UMTS
D/GsmSST  (  953): [GsmSST] Iwlan feature available = false
D/GsmSST  (  953): [GsmSST] Iwlan feature available = false
D/GsmDCT  (  953): [0]get all active apn types
D/DctController(  953): [DctController] DataStateReceiver: ignore invalid subId=-1 phoneId = 0
D/GsmDCT  (  953): [0]handleMessage msg={ when=-40ms what=270377 obj=android.os.AsyncResult@201e533a target=com.android.internal.telephony.dataconnection.DcTracker }
D/GsmDCT  (  953): [0]onUpdateIcc: newIccRecords null
D/GsmDCT  (  953): [0]handleMessage msg={ when=-40ms what=270352 obj=android.os.AsyncResult@3214beb target=com.android.internal.telephony.dataconnection.DcTracker }
D/GsmDCT  (  953): [0]onDataConnectionAttached
D/GsmDCT  (  953): [0]overall state is IDLE
D/SubController(  953): [getSubId]- size == 0, return dummy instead
D/GsmDCT  (  953): [0]isDataAllowed: not allowed due to - SIM not loaded and not NV subscription
D/GsmDCT  (  953): [ApnContext:default] getApnSetting: apnSetting=null
D/SubController(  953): [getPhoneId]- no sims, returning default phoneId=0
D/TelephonyRegistry(  492): Notify data connection state changed on sub: -1
D/TelephonyRegistry(  492): Notify data connection state changed on sub: -1
D/SubController(  953): [getSubId]- size == 0, return dummy instead
D/GsmDCT  (  953): [0]isDataAllowed: not allowed due to - SIM not loaded and not NV subscription
D/GsmDCT  (  953): [ApnContext:mms] getApnSetting: apnSetting=null
D/SubController(  953): [getPhoneId]- no sims, returning default phoneId=0
D/SubController(  953): [getSubId]- size == 0, return dummy instead
D/GsmDCT  (  953): [0]isDataAllowed: not allowed due to - SIM not loaded and not NV subscription
D/GsmDCT  (  953): [ApnContext:supl] getApnSetting: apnSetting=null
D/SubController(  953): [getPhoneId]- no sims, returning default phoneId=0
D/SubController(  953): [getSubId]- size == 0, return dummy instead
D/GsmDCT  (  953): [0]isDataAllowed: not allowed due to - SIM not loaded and not NV subscription
D/GsmDCT  (  953): [ApnContext:dun] getApnSetting: apnSetting=null
D/SubController(  953): [getPhoneId]- no sims, returning default phoneId=0
D/SubController(  953): [getSubId]- size == 0, return dummy instead
D/GsmDCT  (  953): [0]isDataAllowed: not allowed due to - SIM not loaded and not NV subscription
D/GsmDCT  (  953): [ApnContext:hipri] getApnSetting: apnSetting=null
D/SubController(  953): [getPhoneId]- no sims, returning default phoneId=0
D/GsmDCT  (  953): [0]setupDataOnConnectableApns: dataAttached
D/GsmDCT  (  953): [0]setupDataOnConnectableApns: apnContext {mApnType=dun mState=IDLE mWaitingApns={null} mWaitingApnsPermanentFailureCountDown=0 mApnSetting={null} mReason=radioTurnedOff mDataEnabled=false mDependencyMet=true}
D/GsmDCT  (  953): [0]setupDataOnConnectableApns: apnContext {mApnType=hipri mState=IDLE mWaitingApns={null} mWaitingApnsPermanentFailureCountDown=0 mApnSetting={null} mReason=radioTurnedOff mDataEnabled=false mDependencyMet=true}
D/GsmDCT  (  953): [0]setupDataOnConnectableApns: apnContext {mApnType=supl mState=IDLE mWaitingApns={null} mWaitingApnsPermanentFailureCountDown=0 mApnSetting={null} mReason=radioTurnedOff mDataEnabled=false mDependencyMet=true}
D/GsmDCT  (  953): [0]setupDataOnConnectableApns: apnContext {mApnType=default mState=IDLE mWaitingApns={null} mWaitingApnsPermanentFailureCountDown=0 mApnSetting={null} mReason=radioTurnedOff mDataEnabled=false mDependencyMet=true}
D/GsmDCT  (  953): [0]setupDataOnConnectableApns: apnContext {mApnType=mms mState=IDLE mWaitingApns={null} mWaitingApnsPermanentFailureCountDown=0 mApnSetting={null} mReason=radioTurnedOff mDataEnabled=false mDependencyMet=true}
E/use-Rlog/RLOG-RIL(  168): processLine():
E/use-Rlog/RLOG-RIL(  168): processLine: got a single frame.
E/use-Rlog/RLOG-RIL(  168): [EVT]:Req(0), RX(1)
I/RILC    (  168): RIL_SOCKET_1 UNSOLICITED: UNSOL_SIGNAL_STRENGTH length:60
E/RILC    (  168): Send Response to RIL_SOCKET_1
E/use-Rlog/RLOG-RIL(  168): RIL_onMultiClientUnsolicitedResponse:
E/use-Rlog/RLOG-RIL(  168): unsupported multiclient unsolicited response code 1009
D/SubController(  953): [getSubId]- size == 0, return dummy instead
D/DefaultPhoneNotifier(  953): notifySignalStrength: mRegistry=com.android.internal.telephony.ITelephonyRegistry$Stub$Proxy@2659f38a ss=SignalStrength: 18 -1 -120 -160 -120 -1 -1 99 2147483647 2147483647 2147483647 2147483647 2147483647 gsm|lte sender=Handler (com.android.internal.telephony.gsm.GSMPhone) {27560ae8}
E/use-Rlog/RLOG-RIL(  168): processLine():
E/use-Rlog/RLOG-RIL(  168): processLine: got a single frame.
E/use-Rlog/RLOG-RIL(  168): [EVT]:Req(0), RX(1)
I/RILC    (  168): RIL_SOCKET_1 UNSOLICITED: UNSOL_SIGNAL_STRENGTH length:60
E/RILC    (  168): Send Response to RIL_SOCKET_1
E/use-Rlog/RLOG-RIL(  168): RIL_onMultiClientUnsolicitedResponse:
E/use-Rlog/RLOG-RIL(  168): unsupported multiclient unsolicited response code 1009
D/SubController(  953): [getSubId]- size == 0, return dummy instead
D/DefaultPhoneNotifier(  953): notifySignalStrength: mRegistry=com.android.internal.telephony.ITelephonyRegistry$Stub$Proxy@2659f38a ss=SignalStrength: 20 -1 -120 -160 -120 -1 -1 99 2147483647 2147483647 2147483647 2147483647 2147483647 gsm|lte sender=Handler (com.android.internal.telephony.gsm.GSMPhone) {27560ae8}
E/use-Rlog/RLOG-RIL(  168): processLine():
E/use-Rlog/RLOG-RIL(  168): processLine: got a single frame.
E/use-Rlog/RLOG-RIL(  168): [EVT]:Req(0), RX(1)
I/RILC    (  168): RIL_SOCKET_1 UNSOLICITED: UNSOL_SIGNAL_STRENGTH length:60
E/RILC    (  168): Send Response to RIL_SOCKET_1
E/use-Rlog/RLOG-RIL(  168): RIL_onMultiClientUnsolicitedResponse:
E/use-Rlog/RLOG-RIL(  168): unsupported multiclient unsolicited response code 1009
D/SubController(  953): [getSubId]- size == 0, return dummy instead
D/DefaultPhoneNotifier(  953): notifySignalStrength: mRegistry=com.android.internal.telephony.ITelephonyRegistry$Stub$Proxy@2659f38a ss=SignalStrength: 20 -1 -120 -160 -120 -1 -1 99 2147483647 2147483647 2147483647 2147483647 2147483647 gsm|lte sender=Handler (com.android.internal.telephony.gsm.GSMPhone) {27560ae8}
E/use-Rlog/RLOG-RIL(  168): processLine():
E/use-Rlog/RLOG-RIL(  168): processLine: got a single frame.
E/use-Rlog/RLOG-RIL(  168): [EVT]:Req(0), RX(1)
I/RILC    (  168): RIL_SOCKET_1 UNSOLICITED: UNSOL_SIGNAL_STRENGTH length:60
E/RILC    (  168): Send Response to RIL_SOCKET_1
E/use-Rlog/RLOG-RIL(  168): RIL_onMultiClientUnsolicitedResponse:
E/use-Rlog/RLOG-RIL(  168): unsupported multiclient unsolicited response code 1009
D/SubController(  953): [getSubId]- size == 0, return dummy instead
D/DefaultPhoneNotifier(  953): notifySignalStrength: mRegistry=com.android.internal.telephony.ITelephonyRegistry$Stub$Proxy@2659f38a ss=SignalStrength: 20 -1 -120 -160 -120 -1 -1 99 2147483647 2147483647 2147483647 2147483647 2147483647 gsm|lte sender=Handler (com.android.internal.telephony.gsm.GSMPhone) {27560ae8}
D/SubController(  953): [getPhoneId] asked for default subId=9223372036854775807
D/SubController(  953): [getPhoneId]- no sims, returning default phoneId=0
D/SubController(  953): [getPhoneId] asked for default subId=9223372036854775807
D/SubController(  953): [getPhoneId]- no sims, returning default phoneId=0
D/SubController(  953): [getPhoneId] asked for default subId=9223372036854775807
D/SubController(  953): [getPhoneId]- no sims, returning default phoneId=0
D/SubController(  953): [getPhoneId] asked for default subId=9223372036854775807
D/SubController(  953): [getPhoneId]- no sims, returning default phoneId=0
E/use-Rlog/RLOG-RIL(  168): processLine():
E/use-Rlog/RLOG-RIL(  168): processLine: got a single frame.
E/use-Rlog/RLOG-RIL(  168): [EVT]:Req(0), RX(1)
I/RILC    (  168): RIL_SOCKET_1 UNSOLICITED: UNSOL_SIGNAL_STRENGTH length:60
E/RILC    (  168): Send Response to RIL_SOCKET_1
E/use-Rlog/RLOG-RIL(  168): RIL_onMultiClientUnsolicitedResponse:
E/use-Rlog/RLOG-RIL(  168): unsupported multiclient unsolicited response code 1009
D/SubController(  953): [getSubId]- size == 0, return dummy instead
D/DefaultPhoneNotifier(  953): notifySignalStrength: mRegistry=com.android.internal.telephony.ITelephonyRegistry$Stub$Proxy@2659f38a ss=SignalStrength: 17 -1 -120 -160 -120 -1 -1 99 2147483647 2147483647 2147483647 2147483647 2147483647 gsm|lte sender=Handler (com.android.internal.telephony.gsm.GSMPhone) {27560ae8}
D/SubController(  953): [getSlotId]- size == 0, return SIM_NOT_INSERTED instead
E/use-Rlog/RLOG-RIL(  168): processLine():
E/use-Rlog/RLOG-RIL(  168): processLine: got a single frame.
E/use-Rlog/RLOG-RIL(  168): [EVT]:Req(0), RX(1)
I/RILC    (  168): RIL_SOCKET_1 UNSOLICITED: UNSOL_SIGNAL_STRENGTH length:60
E/RILC    (  168): Send Response to RIL_SOCKET_1
E/use-Rlog/RLOG-RIL(  168): RIL_onMultiClientUnsolicitedResponse:
E/use-Rlog/RLOG-RIL(  168): unsupported multiclient unsolicited response code 1009
D/SubController(  953): [getSubId]- size == 0, return dummy instead
D/DefaultPhoneNotifier(  953): notifySignalStrength: mRegistry=com.android.internal.telephony.ITelephonyRegistry$Stub$Proxy@2659f38a ss=SignalStrength: 19 -1 -120 -160 -120 -1 -1 99 2147483647 2147483647 2147483647 2147483647 2147483647 gsm|lte sender=Handler (com.android.internal.telephony.gsm.GSMPhone) {27560ae8}
E/use-Rlog/RLOG-RIL(  168): processLine():
E/use-Rlog/RLOG-RIL(  168): processLine: got a single frame.
E/use-Rlog/RLOG-RIL(  168): [EVT]:Req(0), RX(1)
I/RILC    (  168): RIL_SOCKET_1 UNSOLICITED: UNSOL_SIGNAL_STRENGTH length:60
E/RILC    (  168): Send Response to RIL_SOCKET_1
E/use-Rlog/RLOG-RIL(  168): RIL_onMultiClientUnsolicitedResponse:
E/use-Rlog/RLOG-RIL(  168): unsupported multiclient unsolicited response code 1009
D/SubController(  953): [getSubId]- size == 0, return dummy instead
D/DefaultPhoneNotifier(  953): notifySignalStrength: mRegistry=com.android.internal.telephony.ITelephonyRegistry$Stub$Proxy@2659f38a ss=SignalStrength: 18 -1 -120 -160 -120 -1 -1 99 2147483647 2147483647 2147483647 2147483647 2147483647 gsm|lte sender=Handler (com.android.internal.telephony.gsm.GSMPhone) {27560ae8}
D/SubController(  953): [getPhoneId] asked for default subId=9223372036854775807
D/SubController(  953): [getPhoneId]- no sims, returning default phoneId=0
E/use-Rlog/RLOG-RIL(  168): processLine():
E/use-Rlog/RLOG-RIL(  168): processLine: got a single frame.
E/use-Rlog/RLOG-RIL(  168): [EVT]:Req(0), RX(1)
I/RILC    (  168): RIL_SOCKET_1 UNSOLICITED: UNSOL_SIGNAL_STRENGTH length:60
E/RILC    (  168): Send Response to RIL_SOCKET_1
E/use-Rlog/RLOG-RIL(  168): RIL_onMultiClientUnsolicitedResponse:
E/use-Rlog/RLOG-RIL(  168): unsupported multiclient unsolicited response code 1009
D/SubController(  953): [getSubId]- size == 0, return dummy instead
D/DefaultPhoneNotifier(  953): notifySignalStrength: mRegistry=com.android.internal.telephony.ITelephonyRegistry$Stub$Proxy@2659f38a ss=SignalStrength: 17 -1 -120 -160 -120 -1 -1 99 2147483647 2147483647 2147483647 2147483647 2147483647 gsm|lte sender=Handler (com.android.internal.telephony.gsm.GSMPhone) {27560ae8}
D/SubController(  953): [getPhoneId] asked for default subId=9223372036854775807
D/SubController(  953): [getPhoneId]- no sims, returning default phoneId=0
D/TelephonyManager(  492): getSimOperator(): default subId=9223372036854775807
D/SubController(  953): [getPhoneId] asked for default subId=9223372036854775807
D/SubController(  953): [getPhoneId]- no sims, returning default phoneId=0
D/TelephonyManager(  492): getSimOperator: subId=9223372036854775807 operator=
D/SubController(  953): [getPhoneId] asked for default subId=9223372036854775807
D/SubController(  953): [getPhoneId]- no sims, returning default phoneId=0
D/SubController(  953): [getSlotId]- size == 0, return SIM_NOT_INSERTED instead
D/SUB     (  492): [SubManager] [getSubId]- fail
D/SubController(  953): [getSlotId]- size == 0, return SIM_NOT_INSERTED instead
D/SUB     (  492): [SubManager] [getSubId]- fail
E/use-Rlog/RLOG-RIL(  168): processLine():
E/use-Rlog/RLOG-RIL(  168): processLine: got a single frame.
E/use-Rlog/RLOG-RIL(  168): [EVT]:Req(0), RX(1)
I/RILC    (  168): RIL_SOCKET_1 UNSOLICITED: UNSOL_SIGNAL_STRENGTH length:60
E/RILC    (  168): Send Response to RIL_SOCKET_1
E/use-Rlog/RLOG-RIL(  168): RIL_onMultiClientUnsolicitedResponse:
E/use-Rlog/RLOG-RIL(  168): unsupported multiclient unsolicited response code 1009
D/SubController(  953): [getSubId]- size == 0, return dummy instead
D/DefaultPhoneNotifier(  953): notifySignalStrength: mRegistry=com.android.internal.telephony.ITelephonyRegistry$Stub$Proxy@2659f38a ss=SignalStrength: 19 -1 -120 -160 -120 -1 -1 99 2147483647 2147483647 2147483647 2147483647 2147483647 gsm|lte sender=Handler (com.android.internal.telephony.gsm.GSMPhone) {27560ae8}
D/SubController(  953): [getPhoneId] asked for default subId=9223372036854775807
D/SubController(  953): [getPhoneId]- no sims, returning default phoneId=0
E/use-Rlog/RLOG-RIL(  168): processLine():
E/use-Rlog/RLOG-RIL(  168): processLine: got a single frame.
E/use-Rlog/RLOG-RIL(  168): [EVT]:Req(0), RX(1)
I/RILC    (  168): RIL_SOCKET_1 UNSOLICITED: UNSOL_SIGNAL_STRENGTH length:60
E/RILC    (  168): Send Response to RIL_SOCKET_1
E/use-Rlog/RLOG-RIL(  168): RIL_onMultiClientUnsolicitedResponse:
E/use-Rlog/RLOG-RIL(  168): unsupported multiclient unsolicited response code 1009
D/SubController(  953): [getSubId]- size == 0, return dummy instead
D/DefaultPhoneNotifier(  953): notifySignalStrength: mRegistry=com.android.internal.telephony.ITelephonyRegistry$Stub$Proxy@2659f38a ss=SignalStrength: 19 -1 -120 -160 -120 -1 -1 99 2147483647 2147483647 2147483647 2147483647 2147483647 gsm|lte sender=Handler (com.android.internal.telephony.gsm.GSMPhone) {27560ae8}
E/use-Rlog/RLOG-RIL(  168): processLine():
E/use-Rlog/RLOG-RIL(  168): processLine: got a single frame.
E/use-Rlog/RLOG-RIL(  168): [EVT]:Req(0), RX(1)
I/RILC    (  168): RIL_SOCKET_1 UNSOLICITED: UNSOL_SIGNAL_STRENGTH length:60
E/RILC    (  168): Send Response to RIL_SOCKET_1
E/use-Rlog/RLOG-RIL(  168): RIL_onMultiClientUnsolicitedResponse:
E/use-Rlog/RLOG-RIL(  168): unsupported multiclient unsolicited response code 1009
D/SubController(  953): [getSubId]- size == 0, return dummy instead
D/DefaultPhoneNotifier(  953): notifySignalStrength: mRegistry=com.android.internal.telephony.ITelephonyRegistry$Stub$Proxy@2659f38a ss=SignalStrength: 15 -1 -120 -160 -120 -1 -1 99 2147483647 2147483647 2147483647 2147483647 2147483647 gsm|lte sender=Handler (com.android.internal.telephony.gsm.GSMPhone) {27560ae8}
E/use-Rlog/RLOG-RIL(  168): processLine():
E/use-Rlog/RLOG-RIL(  168): processLine: got a single frame.
E/use-Rlog/RLOG-RIL(  168): [EVT]:Req(0), RX(1)
I/RILC    (  168): RIL_SOCKET_1 UNSOLICITED: UNSOL_SIGNAL_STRENGTH length:60
E/RILC    (  168): Send Response to RIL_SOCKET_1
E/use-Rlog/RLOG-RIL(  168): RIL_onMultiClientUnsolicitedResponse:
E/use-Rlog/RLOG-RIL(  168): unsupported multiclient unsolicited response code 1009
D/SubController(  953): [getSubId]- size == 0, return dummy instead
D/DefaultPhoneNotifier(  953): notifySignalStrength: mRegistry=com.android.internal.telephony.ITelephonyRegistry$Stub$Proxy@2659f38a ss=SignalStrength: 16 -1 -120 -160 -120 -1 -1 99 2147483647 2147483647 2147483647 2147483647 2147483647 gsm|lte sender=Handler (com.android.internal.telephony.gsm.GSMPhone) {27560ae8}
E/use-Rlog/RLOG-RIL(  168): processLine():
E/use-Rlog/RLOG-RIL(  168): processLine: got a single frame.
E/use-Rlog/RLOG-RIL(  168): [EVT]:Req(0), RX(1)
I/RILC    (  168): RIL_SOCKET_1 UNSOLICITED: UNSOL_SIGNAL_STRENGTH length:60
E/RILC    (  168): Send Response to RIL_SOCKET_1
E/use-Rlog/RLOG-RIL(  168): RIL_onMultiClientUnsolicitedResponse:
E/use-Rlog/RLOG-RIL(  168): unsupported multiclient unsolicited response code 1009
D/SubController(  953): [getSubId]- size == 0, return dummy instead
D/DefaultPhoneNotifier(  953): notifySignalStrength: mRegistry=com.android.internal.telephony.ITelephonyRegistry$Stub$Proxy@2659f38a ss=SignalStrength: 17 -1 -120 -160 -120 -1 -1 99 2147483647 2147483647 2147483647 2147483647 2147483647 gsm|lte sender=Handler (com.android.internal.telephony.gsm.GSMPhone) {27560ae8}
D/SubController(  953): [getPhoneId] asked for default subId=9223372036854775807
D/SubController(  953): [getPhoneId]- no sims, returning default phoneId=0
D/SubController(  953): [getPhoneId] asked for default subId=9223372036854775807
D/SubController(  953): [getPhoneId]- no sims, returning default phoneId=0
E/use-Rlog/RLOG-RIL(  168): processLine():
E/use-Rlog/RLOG-RIL(  168): processLine: got a single frame.
E/use-Rlog/RLOG-RIL(  168): [EVT]:Req(0), RX(1)
I/RILC    (  168): RIL_SOCKET_1 UNSOLICITED: UNSOL_SIGNAL_STRENGTH length:60
E/RILC    (  168): Send Response to RIL_SOCKET_1
E/use-Rlog/RLOG-RIL(  168): RIL_onMultiClientUnsolicitedResponse:
E/use-Rlog/RLOG-RIL(  168): unsupported multiclient unsolicited response code 1009
D/SubController(  953): [getSubId]- size == 0, return dummy instead
D/DefaultPhoneNotifier(  953): notifySignalStrength: mRegistry=com.android.internal.telephony.ITelephonyRegistry$Stub$Proxy@2659f38a ss=SignalStrength: 17 -1 -120 -160 -120 -1 -1 99 2147483647 2147483647 2147483647 2147483647 2147483647 gsm|lte sender=Handler (com.android.internal.telephony.gsm.GSMPhone) {27560ae8}
E/use-Rlog/RLOG-RIL(  168): processLine():
E/use-Rlog/RLOG-RIL(  168): processLine: got a single frame.
E/use-Rlog/RLOG-RIL(  168): [EVT]:Req(0), RX(1)
I/RILC    (  168): RIL_SOCKET_1 UNSOLICITED: UNSOL_SIGNAL_STRENGTH length:60
E/RILC    (  168): Send Response to RIL_SOCKET_1
E/use-Rlog/RLOG-RIL(  168): RIL_onMultiClientUnsolicitedResponse:
E/use-Rlog/RLOG-RIL(  168): unsupported multiclient unsolicited response code 1009
D/SubController(  953): [getSubId]- size == 0, return dummy instead
D/DefaultPhoneNotifier(  953): notifySignalStrength: mRegistry=com.android.internal.telephony.ITelephonyRegistry$Stub$Proxy@2659f38a ss=SignalStrength: 17 -1 -120 -160 -120 -1 -1 99 2147483647 2147483647 2147483647 2147483647 2147483647 gsm|lte sender=Handler (com.android.internal.telephony.gsm.GSMPhone) {27560ae8}
E/use-Rlog/RLOG-RIL(  168): processLine():
E/use-Rlog/RLOG-RIL(  168): processLine: got a single frame.
E/use-Rlog/RLOG-RIL(  168): [EVT]:Req(0), RX(1)
I/RILC    (  168): RIL_SOCKET_1 UNSOLICITED: UNSOL_SIGNAL_STRENGTH length:60
E/RILC    (  168): Send Response to RIL_SOCKET_1
E/use-Rlog/RLOG-RIL(  168): RIL_onMultiClientUnsolicitedResponse:
E/use-Rlog/RLOG-RIL(  168): unsupported multiclient unsolicited response code 1009
D/SubController(  953): [getSubId]- size == 0, return dummy instead
D/DefaultPhoneNotifier(  953): notifySignalStrength: mRegistry=com.android.internal.telephony.ITelephonyRegistry$Stub$Proxy@2659f38a ss=SignalStrength: 19 -1 -120 -160 -120 -1 -1 99 2147483647 2147483647 2147483647 2147483647 2147483647 gsm|lte sender=Handler (com.android.internal.telephony.gsm.GSMPhone) {27560ae8}
E/use-Rlog/RLOG-RIL(  168): processLine():
E/use-Rlog/RLOG-RIL(  168): processLine: got a single frame.
E/use-Rlog/RLOG-RIL(  168): [EVT]:Req(0), RX(1)
I/RILC    (  168): RIL_SOCKET_1 UNSOLICITED: UNSOL_SIGNAL_STRENGTH length:60
E/RILC    (  168): Send Response to RIL_SOCKET_1
E/use-Rlog/RLOG-RIL(  168): RIL_onMultiClientUnsolicitedResponse:
E/use-Rlog/RLOG-RIL(  168): unsupported multiclient unsolicited response code 1009
D/SubController(  953): [getSubId]- size == 0, return dummy instead
D/DefaultPhoneNotifier(  953): notifySignalStrength: mRegistry=com.android.internal.telephony.ITelephonyRegistry$Stub$Proxy@2659f38a ss=SignalStrength: 21 -1 -120 -160 -120 -1 -1 99 2147483647 2147483647 2147483647 2147483647 2147483647 gsm|lte sender=Handler (com.android.internal.telephony.gsm.GSMPhone) {27560ae8}
E/use-Rlog/RLOG-RIL(  168): processLine():
E/use-Rlog/RLOG-RIL(  168): processLine: got a single frame.
E/use-Rlog/RLOG-RIL(  168): [EVT]:Req(0), RX(1)
I/RILC    (  168): RIL_SOCKET_1 UNSOLICITED: UNSOL_SIGNAL_STRENGTH length:60
E/RILC    (  168): Send Response to RIL_SOCKET_1
E/use-Rlog/RLOG-RIL(  168): RIL_onMultiClientUnsolicitedResponse:
E/use-Rlog/RLOG-RIL(  168): unsupported multiclient unsolicited response code 1009
D/SubController(  953): [getSubId]- size == 0, return dummy instead
D/DefaultPhoneNotifier(  953): notifySignalStrength: mRegistry=com.android.internal.telephony.ITelephonyRegistry$Stub$Proxy@2659f38a ss=SignalStrength: 20 -1 -120 -160 -120 -1 -1 99 2147483647 2147483647 2147483647 2147483647 2147483647 gsm|lte sender=Handler (com.android.internal.telephony.gsm.GSMPhone) {27560ae8}
E/use-Rlog/RLOG-RIL(  168): processLine():
E/use-Rlog/RLOG-RIL(  168): processLine: got a single frame.
E/use-Rlog/RLOG-RIL(  168): [EVT]:Req(0), RX(1)
I/RILC    (  168): RIL_SOCKET_1 UNSOLICITED: UNSOL_SIGNAL_STRENGTH length:60
E/RILC    (  168): Send Response to RIL_SOCKET_1
E/use-Rlog/RLOG-RIL(  168): RIL_onMultiClientUnsolicitedResponse:
E/use-Rlog/RLOG-RIL(  168): unsupported multiclient unsolicited response code 1009
D/SubController(  953): [getSubId]- size == 0, return dummy instead
D/DefaultPhoneNotifier(  953): notifySignalStrength: mRegistry=com.android.internal.telephony.ITelephonyRegistry$Stub$Proxy@2659f38a ss=SignalStrength: 19 -1 -120 -160 -120 -1 -1 99 2147483647 2147483647 2147483647 2147483647 2147483647 gsm|lte sender=Handler (com.android.internal.telephony.gsm.GSMPhone) {27560ae8}
E/use-Rlog/RLOG-RIL(  168): processLine():
E/use-Rlog/RLOG-RIL(  168): processLine: got a single frame.
E/use-Rlog/RLOG-RIL(  168): [EVT]:Req(0), RX(1)
I/RILC    (  168): RIL_SOCKET_1 UNSOLICITED: UNSOL_SIGNAL_STRENGTH length:60
E/RILC    (  168): Send Response to RIL_SOCKET_1
E/use-Rlog/RLOG-RIL(  168): RIL_onMultiClientUnsolicitedResponse:
E/use-Rlog/RLOG-RIL(  168): unsupported multiclient unsolicited response code 1009
D/SubController(  953): [getSubId]- size == 0, return dummy instead
D/DefaultPhoneNotifier(  953): notifySignalStrength: mRegistry=com.android.internal.telephony.ITelephonyRegistry$Stub$Proxy@2659f38a ss=SignalStrength: 20 -1 -120 -160 -120 -1 -1 99 2147483647 2147483647 2147483647 2147483647 2147483647 gsm|lte sender=Handler (com.android.internal.telephony.gsm.GSMPhone) {27560ae8}
D/SubController(  953): [getPhoneId]- no sims, returning default phoneId=0
D/SubController(  953): [getPhoneId]- no sims, returning default phoneId=0
D/SubController(  953): [getSubId]- size == 0, return dummy instead
E/use-Rlog/RLOG-RIL(  168): processLine():
E/use-Rlog/RLOG-RIL(  168): processLine: got a single frame.
E/use-Rlog/RLOG-RIL(  168): [EVT]:Req(0), RX(1)
I/RILC    (  168): RIL_SOCKET_1 UNSOLICITED: UNSOL_SIGNAL_STRENGTH length:60
E/RILC    (  168): Send Response to RIL_SOCKET_1
E/use-Rlog/RLOG-RIL(  168): RIL_onMultiClientUnsolicitedResponse:
E/use-Rlog/RLOG-RIL(  168): unsupported multiclient unsolicited response code 1009
D/SubController(  953): [getSubId]- size == 0, return dummy instead
D/DefaultPhoneNotifier(  953): notifySignalStrength: mRegistry=com.android.internal.telephony.ITelephonyRegistry$Stub$Proxy@2659f38a ss=SignalStrength: 19 -1 -120 -160 -120 -1 -1 99 2147483647 2147483647 2147483647 2147483647 2147483647 gsm|lte sender=Handler (com.android.internal.telephony.gsm.GSMPhone) {27560ae8}
D/SubController(  953): [getPhoneId] asked for default subId=9223372036854775807
D/SubController(  953): [getPhoneId]- no sims, returning default phoneId=0
D/RILJ    (  953): [3686]> RIL_REQUEST_GSM_SET_BROADCAST_CONFIG with 1 configs : 
D/RILJ    (  953): SmsBroadcastConfigInfo: Id [4352,4354] Code [0,255] ENABLED
D/RILC    (  168): SOCKET RIL_SOCKET_1 REQUEST: GSM_SET_BROADCAST_SMS_CONFIG length:32
E/use-Rlog/RLOG-RIL(  168): onRequest: GSM_SET_BROADCAST_SMS_CONFIG
D/SubController(  953): [getPhoneId] asked for default subId=9223372036854775807
D/SubController(  953): [getPhoneId]- no sims, returning default phoneId=0
D/SubController(  953): [getPhoneId] asked for default subId=9223372036854775807
D/SubController(  953): [getPhoneId]- no sims, returning default phoneId=0
E/use-Rlog/RLOG-RIL(  168): processLine():
E/use-Rlog/RLOG-RIL(  168): processLine: got a single frame.
E/use-Rlog/RLOG-RIL(  168): [EVT]:Req(0), RX(1)
I/RILC    (  168): RIL_SOCKET_1 UNSOLICITED: UNSOL_SIGNAL_STRENGTH length:60
E/RILC    (  168): Send Response to RIL_SOCKET_1
E/use-Rlog/RLOG-RIL(  168): RIL_onMultiClientUnsolicitedResponse:
E/use-Rlog/RLOG-RIL(  168): unsupported multiclient unsolicited response code 1009
D/SubController(  953): [getSubId]- size == 0, return dummy instead
D/DefaultPhoneNotifier(  953): notifySignalStrength: mRegistry=com.android.internal.telephony.ITelephonyRegistry$Stub$Proxy@2659f38a ss=SignalStrength: 18 -1 -120 -160 -120 -1 -1 99 2147483647 2147483647 2147483647 2147483647 2147483647 gsm|lte sender=Handler (com.android.internal.telephony.gsm.GSMPhone) {27560ae8}
D/SubController(  953): [getPhoneId] asked for default subId=9223372036854775807
D/SubController(  953): [getPhoneId]- no sims, returning default phoneId=0
E/use-Rlog/RLOG-RIL(  168): processLine():
E/use-Rlog/RLOG-RIL(  168): processLine: got a single frame.
E/use-Rlog/RLOG-RIL(  168): [EVT]:Req(0), RX(1)
I/RILC    (  168): RIL_SOCKET_1 UNSOLICITED: UNSOL_SIGNAL_STRENGTH length:60
E/RILC    (  168): Send Response to RIL_SOCKET_1
E/use-Rlog/RLOG-RIL(  168): RIL_onMultiClientUnsolicitedResponse:
E/use-Rlog/RLOG-RIL(  168): unsupported multiclient unsolicited response code 1009
D/SubController(  953): [getSubId]- size == 0, return dummy instead
D/DefaultPhoneNotifier(  953): notifySignalStrength: mRegistry=com.android.internal.telephony.ITelephonyRegistry$Stub$Proxy@2659f38a ss=SignalStrength: 17 -1 -120 -160 -120 -1 -1 99 2147483647 2147483647 2147483647 2147483647 2147483647 gsm|lte sender=Handler (com.android.internal.telephony.gsm.GSMPhone) {27560ae8}
D/SubController(  953): [getPhoneId] asked for default subId=9223372036854775807
D/SubController(  953): [getPhoneId]- no sims, returning default phoneId=0
D/SubController(  953): [getPhoneId] asked for default subId=9223372036854775807
D/SubController(  953): [getPhoneId]- no sims, returning default phoneId=0
D/SubController(  953): [getPhoneId] asked for default subId=9223372036854775807
D/SubController(  953): [getPhoneId]- no sims, returning default phoneId=0
D/SubController(  953): [getPhoneId] asked for default subId=9223372036854775807
D/SubController(  953): [getPhoneId]- no sims, returning default phoneId=0
D/SubController(  953): [getPhoneId] asked for default subId=9223372036854775807
D/SubController(  953): [getPhoneId]- no sims, returning default phoneId=0
D/SubController(  953): [getPhoneId] asked for default subId=9223372036854775807
D/SubController(  953): [getPhoneId]- no sims, returning default phoneId=0
D/GsmSST  (  953): [GsmSST] getCellLocation(): X good mCellLoc=[23799,7276639,-1]
D/SubController(  953): [getPhoneId] asked for default subId=9223372036854775807
D/SubController(  953): [getPhoneId]- no sims, returning default phoneId=0
D/TelephonyManager( 1419): getSimOperator(): default subId=9223372036854775807
D/SubController(  953): [getPhoneId] asked for default subId=9223372036854775807
D/SubController(  953): [getPhoneId]- no sims, returning default phoneId=0
D/TelephonyManager( 1419): getSimOperator: subId=9223372036854775807 operator=
D/SubController(  953): [getPhoneId]- no sims, returning default phoneId=0
D/SubController(  953): [getPhoneId] asked for default subId=9223372036854775807
D/SubController(  953): [getPhoneId]- no sims, returning default phoneId=0
D/SubController(  953): [getPhoneId] asked for default subId=9223372036854775807
D/SubController(  953): [getPhoneId]- no sims, returning default phoneId=0
D/RILJ    (  953): [3687]> REQUEST_GET_NEIGHBORING_CELL_IDS
D/RILC    (  168): SOCKET RIL_SOCKET_1 REQUEST: GET_NEIGHBORING_CELL_IDS length:8
E/use-Rlog/RLOG-RIL(  168): onRequest: GET_NEIGHBORING_CELL_IDS
E/use-Rlog/RLOG-RIL(  168): CreateRequest(): req(0x418b8b08), id(75), tok(0x418b8a98) - FUNC(0x4050974d)
E/use-Rlog/RLOG-RIL(  168): [EVT]:Req(1), RX(0)
E/use-Rlog/RLOG-RIL(  168): defaultReqHandler()
E/use-Rlog/RLOG-RIL(  168): RIL_onRequestComplete: tok(0x418b8a98)
D/RILC    (  168): RequestComplete, RIL_SOCKET_1
E/RILC    (  168): Send Response to RIL_SOCKET_1
E/use-Rlog/RLOG-RIL(  168): [RM REQ]: req(0x418b8b08), tok(0x418b8a98)
E/use-Rlog/RLOG-RIL(  168): [EVT]:Req(0), RX(0)
E/use-Rlog/RLOG-RIL(  168): [EVT]:Req(0), RX(0)
D/RILJ    (  953): Serial: 39
D/RILJ    (  953): Error: 6
D/SubController(  953): [getPhoneId]- no sims, returning default phoneId=0
D/RilRequest(  953): [3687]< REQUEST_GET_NEIGHBORING_CELL_IDS error: com.android.internal.telephony.CommandException: REQUEST_NOT_SUPPORTED ret=
D/SubController(  953): [getPhoneId] asked for default subId=9223372036854775807
D/SubController(  953): [getPhoneId]- no sims, returning default phoneId=0
D/SubController(  953): [getPhoneId] asked for default subId=9223372036854775807
D/SubController(  953): [getPhoneId]- no sims, returning default phoneId=0
D/GsmSST  (  953): [GsmSST] SST.getAllCellInfo(): not implemented
D/GsmSST  (  953): [GsmSST] SST.getAllCellInfo(): X size=0 list=null
E/use-Rlog/RLOG-RIL(  168): processLine():
E/use-Rlog/RLOG-RIL(  168): processLine: got a single frame.
E/use-Rlog/RLOG-RIL(  168): [EVT]:Req(0), RX(1)
I/RILC    (  168): RIL_SOCKET_1 UNSOLICITED: UNSOL_SIGNAL_STRENGTH length:60
E/RILC    (  168): Send Response to RIL_SOCKET_1
E/use-Rlog/RLOG-RIL(  168): RIL_onMultiClientUnsolicitedResponse:
E/use-Rlog/RLOG-RIL(  168): unsupported multiclient unsolicited response code 1009
D/SubController(  953): [getSubId]- size == 0, return dummy instead
D/DefaultPhoneNotifier(  953): notifySignalStrength: mRegistry=com.android.internal.telephony.ITelephonyRegistry$Stub$Proxy@2659f38a ss=SignalStrength: 21 -1 -120 -160 -120 -1 -1 99 2147483647 2147483647 2147483647 2147483647 2147483647 gsm|lte sender=Handler (com.android.internal.telephony.gsm.GSMPhone) {27560ae8}
D/GsmSST  (  953): [GsmSST] getCellLocation(): X good mCellLoc=[23799,7276639,-1]
D/SubController(  953): [getPhoneId] asked for default subId=9223372036854775807
D/SubController(  953): [getPhoneId]- no sims, returning default phoneId=0
D/SubController(  953): [getPhoneId] asked for default subId=9223372036854775807
D/SubController(  953): [getPhoneId]- no sims, returning default phoneId=0
D/SubController(  953): [getPhoneId] asked for default subId=9223372036854775807
D/SubController(  953): [getPhoneId]- no sims, returning default phoneId=0
D/SubController(  953): [getPhoneId] asked for default subId=9223372036854775807
D/SubController(  953): [getPhoneId]- no sims, returning default phoneId=0
D/SubController(  953): [getPhoneId] asked for default subId=9223372036854775807
D/SubController(  953): [getPhoneId]- no sims, returning default phoneId=0
D/SubController(  953): [getPhoneId]- no sims, returning default phoneId=0
D/GsmSST  (  953): [GsmSST] getCellLocation(): X good mCellLoc=[23799,7276639,-1]
D/SubController(  953): [getPhoneId] asked for default subId=9223372036854775807
D/SubController(  953): [getPhoneId]- no sims, returning default phoneId=0
D/TelephonyManager( 1419): getSimOperator(): default subId=9223372036854775807
D/SubController(  953): [getPhoneId] asked for default subId=9223372036854775807
D/SubController(  953): [getPhoneId]- no sims, returning default phoneId=0
D/TelephonyManager( 1419): getSimOperator: subId=9223372036854775807 operator=
D/SubController(  953): [getPhoneId]- no sims, returning default phoneId=0
D/SubController(  953): [getPhoneId] asked for default subId=9223372036854775807
D/SubController(  953): [getPhoneId]- no sims, returning default phoneId=0
D/SubController(  953): [getPhoneId] asked for default subId=9223372036854775807
D/SubController(  953): [getPhoneId]- no sims, returning default phoneId=0
D/RILJ    (  953): [3688]> REQUEST_GET_NEIGHBORING_CELL_IDS
D/RILC    (  168): SOCKET RIL_SOCKET_1 REQUEST: GET_NEIGHBORING_CELL_IDS length:8
E/use-Rlog/RLOG-RIL(  168): onRequest: GET_NEIGHBORING_CELL_IDS
E/use-Rlog/RLOG-RIL(  168): CreateRequest(): req(0x418b8a88), id(75), tok(0x418b69d0) - FUNC(0x4050974d)
E/use-Rlog/RLOG-RIL(  168): [EVT]:Req(1), RX(0)
E/use-Rlog/RLOG-RIL(  168): defaultReqHandler()
E/use-Rlog/RLOG-RIL(  168): RIL_onRequestComplete: tok(0x418b69d0)
D/RILC    (  168): RequestComplete, RIL_SOCKET_1
E/RILC    (  168): Send Response to RIL_SOCKET_1
E/use-Rlog/RLOG-RIL(  168): [RM REQ]: req(0x418b8a88), tok(0x418b69d0)
E/use-Rlog/RLOG-RIL(  168): [EVT]:Req(0), RX(0)
E/use-Rlog/RLOG-RIL(  168): [EVT]:Req(0), RX(0)
D/RILJ    (  953): Serial: 40
D/RILJ    (  953): Error: 6
D/RilRequest(  953): [3688]< REQUEST_GET_NEIGHBORING_CELL_IDS error: com.android.internal.telephony.CommandException: REQUEST_NOT_SUPPORTED ret=
D/SubController(  953): [getPhoneId] asked for default subId=9223372036854775807
D/SubController(  953): [getPhoneId]- no sims, returning default phoneId=0
D/SubController(  953): [getPhoneId] asked for default subId=9223372036854775807
D/SubController(  953): [getPhoneId]- no sims, returning default phoneId=0
D/GsmSST  (  953): [GsmSST] SST.getAllCellInfo(): not implemented
D/GsmSST  (  953): [GsmSST] SST.getAllCellInfo(): X size=0 list=null
D/GsmSST  (  953): [GsmSST] getCellLocation(): X good mCellLoc=[23799,7276639,-1]
D/SubController(  953): [getPhoneId] asked for default subId=9223372036854775807
D/SubController(  953): [getPhoneId]- no sims, returning default phoneId=0
D/SubController(  953): [getPhoneId] asked for default subId=9223372036854775807
D/SubController(  953): [getPhoneId]- no sims, returning default phoneId=0
E/use-Rlog/RLOG-RIL(  168): processLine():
E/use-Rlog/RLOG-RIL(  168): processLine: got a single frame.
E/use-Rlog/RLOG-RIL(  168): [EVT]:Req(0), RX(1)
I/RILC    (  168): RIL_SOCKET_1 UNSOLICITED: UNSOL_SIGNAL_STRENGTH length:60
E/RILC    (  168): Send Response to RIL_SOCKET_1
E/use-Rlog/RLOG-RIL(  168): RIL_onMultiClientUnsolicitedResponse:
E/use-Rlog/RLOG-RIL(  168): unsupported multiclient unsolicited response code 1009
D/SubController(  953): [getSubId]- size == 0, return dummy instead
D/DefaultPhoneNotifier(  953): notifySignalStrength: mRegistry=com.android.internal.telephony.ITelephonyRegistry$Stub$Proxy@2659f38a ss=SignalStrength: 22 -1 -120 -160 -120 -1 -1 99 2147483647 2147483647 2147483647 2147483647 2147483647 gsm|lte sender=Handler (com.android.internal.telephony.gsm.GSMPhone) {27560ae8}
D/SubController(  953): [getPhoneId] asked for default subId=9223372036854775807
D/SubController(  953): [getPhoneId]- no sims, returning default phoneId=0
D/GsmSST  (  953): [GsmSST] getCellLocation(): X good mCellLoc=[23799,7276639,-1]
D/SubController(  953): [getPhoneId] asked for default subId=9223372036854775807
D/SubController(  953): [getPhoneId]- no sims, returning default phoneId=0
D/TelephonyManager( 1419): getSimOperator(): default subId=9223372036854775807
D/SubController(  953): [getPhoneId] asked for default subId=9223372036854775807
D/SubController(  953): [getPhoneId]- no sims, returning default phoneId=0
D/TelephonyManager( 1419): getSimOperator: subId=9223372036854775807 operator=
D/SubController(  953): [getPhoneId]- no sims, returning default phoneId=0
D/SubController(  953): [getPhoneId] asked for default subId=9223372036854775807
D/SubController(  953): [getPhoneId]- no sims, returning default phoneId=0
D/SubController(  953): [getPhoneId] asked for default subId=9223372036854775807
D/SubController(  953): [getPhoneId]- no sims, returning default phoneId=0
D/RILJ    (  953): [3689]> REQUEST_GET_NEIGHBORING_CELL_IDS
D/RILC    (  168): SOCKET RIL_SOCKET_1 REQUEST: GET_NEIGHBORING_CELL_IDS length:8
E/use-Rlog/RLOG-RIL(  168): onRequest: GET_NEIGHBORING_CELL_IDS
E/use-Rlog/RLOG-RIL(  168): CreateRequest(): req(0x418b8b08), id(75), tok(0x418b8a98) - FUNC(0x4050974d)
E/use-Rlog/RLOG-RIL(  168): [EVT]:Req(1), RX(0)
E/use-Rlog/RLOG-RIL(  168): defaultReqHandler()
E/use-Rlog/RLOG-RIL(  168): RIL_onRequestComplete: tok(0x418b8a98)
D/RILC    (  168): RequestComplete, RIL_SOCKET_1
E/RILC    (  168): Send Response to RIL_SOCKET_1
E/use-Rlog/RLOG-RIL(  168): [RM REQ]: req(0x418b8b08), tok(0x418b8a98)
E/use-Rlog/RLOG-RIL(  168): [EVT]:Req(0), RX(0)
E/use-Rlog/RLOG-RIL(  168): [EVT]:Req(0), RX(0)
D/RILJ    (  953): Serial: 41
D/RILJ    (  953): Error: 6
D/RilRequest(  953): [3689]< REQUEST_GET_NEIGHBORING_CELL_IDS error: com.android.internal.telephony.CommandException: REQUEST_NOT_SUPPORTED ret=
D/SubController(  953): [getPhoneId] asked for default subId=9223372036854775807
D/SubController(  953): [getPhoneId]- no sims, returning default phoneId=0
D/SubController(  953): [getPhoneId] asked for default subId=9223372036854775807
D/SubController(  953): [getPhoneId]- no sims, returning default phoneId=0
D/GsmSST  (  953): [GsmSST] SST.getAllCellInfo(): not implemented
D/GsmSST  (  953): [GsmSST] SST.getAllCellInfo(): X size=0 list=null
D/GsmSST  (  953): [GsmSST] getCellLocation(): X good mCellLoc=[23799,7276639,-1]
D/SubController(  953): [getPhoneId] asked for default subId=9223372036854775807
D/SubController(  953): [getPhoneId]- no sims, returning default phoneId=0
D/SubController(  953): [getPhoneId] asked for default subId=9223372036854775807
D/SubController(  953): [getPhoneId]- no sims, returning default phoneId=0
D/SubController(  953): [getPhoneId] asked for default subId=9223372036854775807
D/SubController(  953): [getPhoneId]- no sims, returning default phoneId=0
D/GsmSST  (  953): [GsmSST] getCellLocation(): X good mCellLoc=[23799,7276639,-1]
D/SubController(  953): [getPhoneId] asked for default subId=9223372036854775807
D/SubController(  953): [getPhoneId]- no sims, returning default phoneId=0
D/TelephonyManager( 1419): getSimOperator(): default subId=9223372036854775807
D/SubController(  953): [getPhoneId] asked for default subId=9223372036854775807
D/SubController(  953): [getPhoneId]- no sims, returning default phoneId=0
E/use-Rlog/RLOG-RIL(  168): processLine():
E/use-Rlog/RLOG-RIL(  168): processLine: got a single frame.
E/use-Rlog/RLOG-RIL(  168): [EVT]:Req(0), RX(1)
I/RILC    (  168): RIL_SOCKET_1 UNSOLICITED: UNSOL_SIGNAL_STRENGTH length:60
E/RILC    (  168): Send Response to RIL_SOCKET_1
E/use-Rlog/RLOG-RIL(  168): RIL_onMultiClientUnsolicitedResponse:
E/use-Rlog/RLOG-RIL(  168): unsupported multiclient unsolicited response code 1009
D/SubController(  953): [getSubId]- size == 0, return dummy instead
D/DefaultPhoneNotifier(  953): notifySignalStrength: mRegistry=com.android.internal.telephony.ITelephonyRegistry$Stub$Proxy@2659f38a ss=SignalStrength: 20 -1 -120 -160 -120 -1 -1 99 2147483647 2147483647 2147483647 2147483647 2147483647 gsm|lte sender=Handler (com.android.internal.telephony.gsm.GSMPhone) {27560ae8}
D/TelephonyManager( 1419): getSimOperator: subId=9223372036854775807 operator=
D/SubController(  953): [getPhoneId]- no sims, returning default phoneId=0
D/SubController(  953): [getPhoneId] asked for default subId=9223372036854775807
D/SubController(  953): [getPhoneId]- no sims, returning default phoneId=0
D/SubController(  953): [getPhoneId] asked for default subId=9223372036854775807
D/SubController(  953): [getPhoneId]- no sims, returning default phoneId=0
D/RILJ    (  953): [3690]> REQUEST_GET_NEIGHBORING_CELL_IDS
D/RILC    (  168): SOCKET RIL_SOCKET_1 REQUEST: GET_NEIGHBORING_CELL_IDS length:8
E/use-Rlog/RLOG-RIL(  168): onRequest: GET_NEIGHBORING_CELL_IDS
E/use-Rlog/RLOG-RIL(  168): CreateRequest(): req(0x418b8b08), id(75), tok(0x418b8a98) - FUNC(0x4050974d)
E/use-Rlog/RLOG-RIL(  168): [EVT]:Req(1), RX(0)
E/use-Rlog/RLOG-RIL(  168): defaultReqHandler()
E/use-Rlog/RLOG-RIL(  168): RIL_onRequestComplete: tok(0x418b8a98)
D/RILC    (  168): RequestComplete, RIL_SOCKET_1
E/RILC    (  168): Send Response to RIL_SOCKET_1
E/use-Rlog/RLOG-RIL(  168): [RM REQ]: req(0x418b8b08), tok(0x418b8a98)
E/use-Rlog/RLOG-RIL(  168): [EVT]:Req(0), RX(0)
E/use-Rlog/RLOG-RIL(  168): [EVT]:Req(0), RX(0)
D/RILJ    (  953): Serial: 42
D/RILJ    (  953): Error: 6
D/RilRequest(  953): [3690]< REQUEST_GET_NEIGHBORING_CELL_IDS error: com.android.internal.telephony.CommandException: REQUEST_NOT_SUPPORTED ret=
D/SubController(  953): [getPhoneId] asked for default subId=9223372036854775807
D/SubController(  953): [getPhoneId]- no sims, returning default phoneId=0
D/SubController(  953): [getPhoneId] asked for default subId=9223372036854775807
D/SubController(  953): [getPhoneId]- no sims, returning default phoneId=0
D/TelephonyManager( 1902): getSimOperator(): default subId=9223372036854775807
D/SubController(  953): [getPhoneId] asked for default subId=9223372036854775807
D/SubController(  953): [getPhoneId]- no sims, returning default phoneId=0
D/TelephonyManager( 1902): getSimOperator: subId=9223372036854775807 operator=
D/SubController(  953): [getPhoneId] asked for default subId=9223372036854775807
D/SubController(  953): [getPhoneId]- no sims, returning default phoneId=0
E/use-Rlog/RLOG-RIL(  168): processLine():
E/use-Rlog/RLOG-RIL(  168): processLine: got a single frame.
E/use-Rlog/RLOG-RIL(  168): [EVT]:Req(0), RX(1)
I/RILC    (  168): RIL_SOCKET_1 UNSOLICITED: UNSOL_SIGNAL_STRENGTH length:60
E/RILC    (  168): Send Response to RIL_SOCKET_1
E/use-Rlog/RLOG-RIL(  168): RIL_onMultiClientUnsolicitedResponse:
E/use-Rlog/RLOG-RIL(  168): unsupported multiclient unsolicited response code 1009
D/SubController(  953): [getSubId]- size == 0, return dummy instead
D/DefaultPhoneNotifier(  953): notifySignalStrength: mRegistry=com.android.internal.telephony.ITelephonyRegistry$Stub$Proxy@2659f38a ss=SignalStrength: 20 -1 -120 -160 -120 -1 -1 99 2147483647 2147483647 2147483647 2147483647 2147483647 gsm|lte sender=Handler (com.android.internal.telephony.gsm.GSMPhone) {27560ae8}
D/SubController(  953): [getPhoneId] asked for default subId=9223372036854775807
D/SubController(  953): [getPhoneId]- no sims, returning default phoneId=0
D/GsmSST  (  953): [GsmSST] SST.getAllCellInfo(): not implemented
D/GsmSST  (  953): [GsmSST] SST.getAllCellInfo(): X size=0 list=null
D/GsmSST  (  953): [GsmSST] getCellLocation(): X good mCellLoc=[23799,7276639,-1]
D/SubController(  953): [getPhoneId] asked for default subId=9223372036854775807
D/SubController(  953): [getPhoneId]- no sims, returning default phoneId=0
D/SubController(  953): [getPhoneId] asked for default subId=9223372036854775807
D/SubController(  953): [getPhoneId]- no sims, returning default phoneId=0
D/SubController(  953): [getPhoneId] asked for default subId=9223372036854775807
D/SubController(  953): [getPhoneId]- no sims, returning default phoneId=0
