D/GsmSST  (  953): [GsmSST] getCellLocation(): X good mCellLoc=[23799,7276639,-1]
D/SubController(  953): [getPhoneId] asked for default subId=9223372036854775807
D/SubController(  953): [getPhoneId]- no sims, returning default phoneId=0
D/TelephonyManager( 1419): getSimOperator(): default subId=9223372036854775807
D/SubController(  953): [getPhoneId] asked for default subId=9223372036854775807
D/SubController(  953): [getPhoneId]- no sims, returning default phoneId=0
D/TelephonyManager( 1419): getSimOperator: subId=9223372036854775807 operator=
D/SubController(  953): [getPhoneId]- no sims, returning default phoneId=0
D/SubController(  953): [getPhoneId] asked for default subId=9223372036854775807
D/SubController(  953): [getPhoneId]- no sims, returning default phoneId=0
D/SubController(  953): [getPhoneId] asked for default subId=9223372036854775807
D/SubController(  953): [getPhoneId]- no sims, returning default phoneId=0
D/RILJ    (  953): [3691]> REQUEST_GET_NEIGHBORING_CELL_IDS
D/RILC    (  168): SOCKET RIL_SOCKET_1 REQUEST: GET_NEIGHBORING_CELL_IDS length:8
E/use-Rlog/RLOG-RIL(  168): onRequest: GET_NEIGHBORING_CELL_IDS
E/use-Rlog/RLOG-RIL(  168): CreateRequest(): req(0x418b8b08), id(75), tok(0x418b8a98) - FUNC(0x4050974d)
E/use-Rlog/RLOG-RIL(  168): [EVT]:Req(1), RX(0)
E/use-Rlog/RLOG-RIL(  168): defaultReqHandler()
E/use-Rlog/RLOG-RIL(  168): RIL_onRequestComplete: tok(0x418b8a98)
D/RILC    (  168): RequestComplete, RIL_SOCKET_1
E/RILC    (  168): Send Response to RIL_SOCKET_1
E/use-Rlog/RLOG-RIL(  168): [RM REQ]: req(0x418b8b08), tok(0x418b8a98)
E/use-Rlog/RLOG-RIL(  168): [EVT]:Req(0), RX(0)
E/use-Rlog/RLOG-RIL(  168): [EVT]:Req(0), RX(0)
D/RILJ    (  953): Serial: 43
D/RILJ    (  953): Error: 6
D/RilRequest(  953): [3691]< REQUEST_GET_NEIGHBORING_CELL_IDS error: com.android.internal.telephony.CommandException: REQUEST_NOT_SUPPORTED ret=
D/SubController(  953): [getPhoneId] asked for default subId=9223372036854775807
D/SubController(  953): [getPhoneId]- no sims, returning default phoneId=0
D/SubController(  953): [getPhoneId] asked for default subId=9223372036854775807
D/SubController(  953): [getPhoneId]- no sims, returning default phoneId=0
D/GsmSST  (  953): [GsmSST] SST.getAllCellInfo(): not implemented
D/GsmSST  (  953): [GsmSST] SST.getAllCellInfo(): X size=0 list=null
D/GsmSST  (  953): [GsmSST] getCellLocation(): X good mCellLoc=[23799,7276639,-1]
D/SubController(  953): [getPhoneId] asked for default subId=9223372036854775807
D/SubController(  953): [getPhoneId]- no sims, returning default phoneId=0
D/SubController(  953): [getPhoneId] asked for default subId=9223372036854775807
D/SubController(  953): [getPhoneId]- no sims, returning default phoneId=0
D/SubController(  953): [getPhoneId] asked for default subId=9223372036854775807
D/SubController(  953): [getPhoneId]- no sims, returning default phoneId=0
E/use-Rlog/RLOG-RIL(  168): processLine():
E/use-Rlog/RLOG-RIL(  168): processLine: got a single frame.
E/use-Rlog/RLOG-RIL(  168): [EVT]:Req(0), RX(1)
I/RILC    (  168): RIL_SOCKET_1 UNSOLICITED: UNSOL_SIGNAL_STRENGTH length:60
E/RILC    (  168): Send Response to RIL_SOCKET_1
E/use-Rlog/RLOG-RIL(  168): RIL_onMultiClientUnsolicitedResponse:
E/use-Rlog/RLOG-RIL(  168): unsupported multiclient unsolicited response code 1009
D/SubController(  953): [getSubId]- size == 0, return dummy instead
D/DefaultPhoneNotifier(  953): notifySignalStrength: mRegistry=com.android.internal.telephony.ITelephonyRegistry$Stub$Proxy@2659f38a ss=SignalStrength: 20 -1 -120 -160 -120 -1 -1 99 2147483647 2147483647 2147483647 2147483647 2147483647 gsm|lte sender=Handler (com.android.internal.telephony.gsm.GSMPhone) {27560ae8}
E/use-Rlog/RLOG-RIL(  168): processLine():
E/use-Rlog/RLOG-RIL(  168): processLine: got a single frame.
E/use-Rlog/RLOG-RIL(  168): [EVT]:Req(0), RX(1)
I/RILC    (  168): RIL_SOCKET_1 UNSOLICITED: UNSOL_SIGNAL_STRENGTH length:60
E/RILC    (  168): Send Response to RIL_SOCKET_1
E/use-Rlog/RLOG-RIL(  168): RIL_onMultiClientUnsolicitedResponse:
E/use-Rlog/RLOG-RIL(  168): unsupported multiclient unsolicited response code 1009
D/SubController(  953): [getSubId]- size == 0, return dummy instead
D/DefaultPhoneNotifier(  953): notifySignalStrength: mRegistry=com.android.internal.telephony.ITelephonyRegistry$Stub$Proxy@2659f38a ss=SignalStrength: 19 -1 -120 -160 -120 -1 -1 99 2147483647 2147483647 2147483647 2147483647 2147483647 gsm|lte sender=Handler (com.android.internal.telephony.gsm.GSMPhone) {27560ae8}
E/use-Rlog/RLOG-RIL(  168): processLine():
E/use-Rlog/RLOG-RIL(  168): processLine: got a single frame.
E/use-Rlog/RLOG-RIL(  168): [EVT]:Req(0), RX(1)
I/RILC    (  168): RIL_SOCKET_1 UNSOLICITED: UNSOL_SIGNAL_STRENGTH length:60
E/RILC    (  168): Send Response to RIL_SOCKET_1
E/use-Rlog/RLOG-RIL(  168): RIL_onMultiClientUnsolicitedResponse:
E/use-Rlog/RLOG-RIL(  168): unsupported multiclient unsolicited response code 1009
D/CAT     (  953): StkAppService:  Unistalling Stk App for slot: 0
D/CAT     (  953): StkAppService: stopping StkAppService
D/SubController(  953): [getSubId]- size == 0, return dummy instead
D/DefaultPhoneNotifier(  953): notifySignalStrength: mRegistry=com.android.internal.telephony.ITelephonyRegistry$Stub$Proxy@2659f38a ss=SignalStrength: 20 -1 -120 -160 -120 -1 -1 99 2147483647 2147483647 2147483647 2147483647 2147483647 gsm|lte sender=Handler (com.android.internal.telephony.gsm.GSMPhone) {27560ae8}
E/use-Rlog/RLOG-RIL(  168): processLine():
E/use-Rlog/RLOG-RIL(  168): processLine: got a single frame.
E/use-Rlog/RLOG-RIL(  168): [EVT]:Req(0), RX(1)
I/RILC    (  168): RIL_SOCKET_1 UNSOLICITED: UNSOL_SIGNAL_STRENGTH length:60
E/RILC    (  168): Send Response to RIL_SOCKET_1
E/use-Rlog/RLOG-RIL(  168): RIL_onMultiClientUnsolicitedResponse:
E/use-Rlog/RLOG-RIL(  168): unsupported multiclient unsolicited response code 1009
D/SubController(  953): [getSubId]- size == 0, return dummy instead
D/DefaultPhoneNotifier(  953): notifySignalStrength: mRegistry=com.android.internal.telephony.ITelephonyRegistry$Stub$Proxy@2659f38a ss=SignalStrength: 18 -1 -120 -160 -120 -1 -1 99 2147483647 2147483647 2147483647 2147483647 2147483647 gsm|lte sender=Handler (com.android.internal.telephony.gsm.GSMPhone) {27560ae8}
E/use-Rlog/RLOG-RIL(  168): processLine():
E/use-Rlog/RLOG-RIL(  168): processLine: got a single frame.
E/use-Rlog/RLOG-RIL(  168): [EVT]:Req(0), RX(1)
I/RILC    (  168): RIL_SOCKET_1 UNSOLICITED: UNSOL_SIGNAL_STRENGTH length:60
E/RILC    (  168): Send Response to RIL_SOCKET_1
E/use-Rlog/RLOG-RIL(  168): RIL_onMultiClientUnsolicitedResponse:
E/use-Rlog/RLOG-RIL(  168): unsupported multiclient unsolicited response code 1009
D/SubController(  953): [getSubId]- size == 0, return dummy instead
D/DefaultPhoneNotifier(  953): notifySignalStrength: mRegistry=com.android.internal.telephony.ITelephonyRegistry$Stub$Proxy@2659f38a ss=SignalStrength: 17 -1 -120 -160 -120 -1 -1 99 2147483647 2147483647 2147483647 2147483647 2147483647 gsm|lte sender=Handler (com.android.internal.telephony.gsm.GSMPhone) {27560ae8}
D/SubController(  953): [getPhoneId] asked for default subId=9223372036854775807
D/SubController(  953): [getPhoneId]- no sims, returning default phoneId=0
D/SubController(  953): [getPhoneId] asked for default subId=9223372036854775807
D/SubController(  953): [getPhoneId]- no sims, returning default phoneId=0
D/GsmSST  (  953): [GsmSST] getCellLocation(): X good mCellLoc=[23799,7276639,-1]
D/SubController(  953): [getPhoneId] asked for default subId=9223372036854775807
D/SubController(  953): [getPhoneId]- no sims, returning default phoneId=0
D/TelephonyManager( 1419): getSimOperator(): default subId=9223372036854775807
D/SubController(  953): [getPhoneId] asked for default subId=9223372036854775807
D/SubController(  953): [getPhoneId]- no sims, returning default phoneId=0
D/TelephonyManager( 1419): getSimOperator: subId=9223372036854775807 operator=
D/SubController(  953): [getPhoneId]- no sims, returning default phoneId=0
D/SubController(  953): [getPhoneId] asked for default subId=9223372036854775807
D/SubController(  953): [getPhoneId]- no sims, returning default phoneId=0
D/SubController(  953): [getPhoneId] asked for default subId=9223372036854775807
D/SubController(  953): [getPhoneId]- no sims, returning default phoneId=0
D/RILJ    (  953): [3692]> REQUEST_GET_NEIGHBORING_CELL_IDS
D/RILC    (  168): SOCKET RIL_SOCKET_1 REQUEST: GET_NEIGHBORING_CELL_IDS length:8
E/use-Rlog/RLOG-RIL(  168): onRequest: GET_NEIGHBORING_CELL_IDS
E/use-Rlog/RLOG-RIL(  168): CreateRequest(): req(0x418b8b08), id(75), tok(0x418b8a98) - FUNC(0x4050974d)
E/use-Rlog/RLOG-RIL(  168): [EVT]:Req(1), RX(0)
E/use-Rlog/RLOG-RIL(  168): defaultReqHandler()
E/use-Rlog/RLOG-RIL(  168): RIL_onRequestComplete: tok(0x418b8a98)
D/RILC    (  168): RequestComplete, RIL_SOCKET_1
E/RILC    (  168): Send Response to RIL_SOCKET_1
E/use-Rlog/RLOG-RIL(  168): [RM REQ]: req(0x418b8b08), tok(0x418b8a98)
E/use-Rlog/RLOG-RIL(  168): [EVT]:Req(0), RX(0)
E/use-Rlog/RLOG-RIL(  168): [EVT]:Req(0), RX(0)
D/RILJ    (  953): Serial: 44
D/RILJ    (  953): Error: 6
D/RilRequest(  953): [3692]< REQUEST_GET_NEIGHBORING_CELL_IDS error: com.android.internal.telephony.CommandException: REQUEST_NOT_SUPPORTED ret=
D/SubController(  953): [getPhoneId] asked for default subId=9223372036854775807
D/SubController(  953): [getPhoneId]- no sims, returning default phoneId=0
D/SubController(  953): [getPhoneId] asked for default subId=9223372036854775807
D/SubController(  953): [getPhoneId]- no sims, returning default phoneId=0
D/GsmSST  (  953): [GsmSST] SST.getAllCellInfo(): not implemented
D/GsmSST  (  953): [GsmSST] SST.getAllCellInfo(): X size=0 list=null
D/GsmSST  (  953): [GsmSST] getCellLocation(): X good mCellLoc=[23799,7276639,-1]
D/SubController(  953): [getPhoneId] asked for default subId=9223372036854775807
D/SubController(  953): [getPhoneId]- no sims, returning default phoneId=0
D/SubController(  953): [getPhoneId] asked for default subId=9223372036854775807
D/SubController(  953): [getPhoneId]- no sims, returning default phoneId=0
D/SubController(  953): [getPhoneId] asked for default subId=9223372036854775807
D/SubController(  953): [getPhoneId]- no sims, returning default phoneId=0
E/use-Rlog/RLOG-RIL(  168): processLine():
E/use-Rlog/RLOG-RIL(  168): processLine: got a single frame.
E/use-Rlog/RLOG-RIL(  168): [EVT]:Req(0), RX(1)
I/RILC    (  168): RIL_SOCKET_1 UNSOLICITED: UNSOL_SIGNAL_STRENGTH length:60
E/RILC    (  168): Send Response to RIL_SOCKET_1
E/use-Rlog/RLOG-RIL(  168): RIL_onMultiClientUnsolicitedResponse:
E/use-Rlog/RLOG-RIL(  168): unsupported multiclient unsolicited response code 1009
D/SubController(  953): [getSubId]- size == 0, return dummy instead
D/DefaultPhoneNotifier(  953): notifySignalStrength: mRegistry=com.android.internal.telephony.ITelephonyRegistry$Stub$Proxy@2659f38a ss=SignalStrength: 19 -1 -120 -160 -120 -1 -1 99 2147483647 2147483647 2147483647 2147483647 2147483647 gsm|lte sender=Handler (com.android.internal.telephony.gsm.GSMPhone) {27560ae8}
