E/use-Rlog/RLOG-RIL( 1758): RxMISC_ResMobileEquipVersion()
E/use-Rlog/RLOG-RIL( 1758): ril.sw_ver=T679UVKJ1
E/use-Rlog/RLOG-RIL( 1758): ril.hw_ver=REV1.0
E/use-Rlog/RLOG-RIL( 1758): ril.rfcal_date=2011.12.10
E/use-Rlog/RLOG-RIL( 1758): ril.product_code=SGH-T679DBYTMB
E/use-Rlog/RLOG-RIL( 1758): RIL_onRequestComplete: tok(0x40c6ea40)
E/use-Rlog/RLOG-RIL( 1758): CreateInternalRequest(): req(0x40c6eee0), id(0), tok(NULL)
E/use-Rlog/RLOG-RIL( 1758): CreateInternalRequest(): req(0x40c6ef30), id(0), tok(NULL)
E/use-Rlog/RLOG-RIL( 1758): [RM REQ]: req(0x40c6ec60), tok(0x40c6ea40)
E/use-Rlog/RLOG-RIL( 1758): [EVT]:Req(4), RX(0)
E/use-Rlog/RLOG-RIL( 1758): [EVT]:Req(4), RX(0)
E/use-Rlog/RLOG-RIL( 1758): requestGetIMEI
E/use-Rlog/RLOG-RIL( 1758): TxMISC_GetMobileEquipSerialNumber()
E/use-Rlog/RLOG-RIL( 1758): get_msg_sequence()
E/use-Rlog/RLOG-RIL( 1758): ipc_debug_send_ipc: timestamp 1423983336349482
E/use-Rlog/RLOG-RIL( 1758): TX: Time: 2349161373 / 104266
E/use-Rlog/RLOG-RIL( 1758): TX: (M)IPC_MISC_CMD  (S)IPC_MISC_ME_SN  (T)IPC_CMD_GET  len:8 mseq:4 aseq:0
E/use-Rlog/RLOG-RIL( 1758): TX: ---- DATA BEGIN ----
E/use-Rlog/RLOG-RIL( 1758): TX: 01 
E/use-Rlog/RLOG-RIL( 1758): TX: ---- DATA  END ----
E/use-Rlog/RLOG-RIL( 1758): WaitForExpectedCmd(): cur_time: 104266, cur_req->timeout: 109266, ph->near_timeout: 109254
E/use-Rlog/RLOG-RIL( 1758): WaitForEvent(): ETIMEDOUT - 104267
E/use-Rlog/RLOG-RIL( 1758): [EVT]:Req(4), RX(0)
D/RILJ    (  945): Serial: -1419013624
D/RILJ    (  945): Error: 0
D/RILJ    (  945): [0024]< BASEBAND_VERSION T679UVKJ1
D/GsmSST  (  945): [GsmSST] mPowerOffDelayNeed = true
D/GsmSST  (  945): [GsmSST] mAlarmSwitch = false
D/RILJ    (  945): [0027]> OPERATOR
E/use-Rlog/RLOG-RIL( 1758): processLine():
E/use-Rlog/RLOG-RIL( 1758): processLine: got a single frame.
E/use-Rlog/RLOG-RIL( 1758): ipc_debug_send_ipc: timestamp 1423983336354273
E/use-Rlog/RLOG-RIL( 1758): [EVT]:Req(4), RX(1)
E/use-Rlog/RLOG-RIL( 1758): RX: Time: 2349161378 / 104271
E/use-Rlog/RLOG-RIL( 1758): RX: (M)IPC_MISC_CMD  (S)IPC_MISC_ME_SN  (T)IPC_CMD_RESP  len:29 mseq:0 aseq:4
E/use-Rlog/RLOG-RIL( 1758): RX: ---- DATA BEGIN ----
E/use-Rlog/RLOG-RIL( 1758): RX: 01 11 33 35 39 38 
E/use-Rlog/RLOG-RIL( 1758): RX: 37 34 30 34 30 39 
E/use-Rlog/RLOG-RIL( 1758): RX: 35 32 35 30 34 30 
E/use-Rlog/RLOG-RIL( 1758): RX: 32 00 00 00 00 00 
E/use-Rlog/RLOG-RIL( 1758): RX: 00 00 00 00 00 00 
E/use-Rlog/RLOG-RIL( 1758): RX: 00 00 00 00 
E/use-Rlog/RLOG-RIL( 1758): RX: ---- DATA  END ----
E/use-Rlog/RLOG-RIL( 1758): requestGetIMEI
E/use-Rlog/RLOG-RIL( 1758): RxMISC_ResMobileEquipSerialNumber()
E/use-Rlog/RLOG-RIL( 1758): sv <359874040952504>
E/use-Rlog/RLOG-RIL( 1758): RIL_onRequestComplete: tok(0x40c6ecc0)
E/use-Rlog/RLOG-RIL( 1758): IMEI_FILE file open OK.
E/use-Rlog/RLOG-RIL( 1758): chmod 665 /data/radio/ahrh
D/RILJ    (  945): Serial: -1419013623
D/RILJ    (  945): Error: 0
D/RILJ    (  945): [0025]< GET_IMEI 
E/use-Rlog/RLOG-RIL( 1758): onRequest: OPERATOR
E/use-Rlog/RLOG-RIL( 1758): CreateRequest(): req(0x40c6edd8), id(22), tok(0x40c6eb88) - FUNC(0x4053a231)
D/RILJ    (  945): [0028]> DATA_REGISTRATION_STATE
D/RILJ    (  945): [0029]> VOICE_REGISTRATION_STATE
D/RILJ    (  945): [0030]> QUERY_NETWORK_SELECTION_MODE
D/UiccController(  945): Received EVENT_ICC_STATUS_CHANGED, calling getIccCardStatus
D/RILJ    (  945): [0031]> GET_SIM_STATUS
D/RILJ    (  945): [0032]> GET_CURRENT_CALLS
D/RILJ    (  945): [0033]> RIL_REQUEST_VOICE_RADIO_TECH
D/RILJ    (  945): [0034]> RIL_REQUEST_IMS_REGISTRATION_STATE
D/RILJ    (  945): [0035]> RIL_REQUEST_CDMA_GET_SUBSCRIPTION_SOURCE
D/UiccController(  945): Received EVENT_ICC_STATUS_CHANGED, calling getIccCardStatus
D/RILJ    (  945): [0036]> GET_SIM_STATUS
E/use-Rlog/RLOG-RIL( 1758): requestGetIMEI - COMPLETE - STATE[1] < 
E/use-Rlog/RLOG-RIL( 1758): CreateInternalRequest(): req(0x40c6ee38), id(0), tok(NULL)
E/use-Rlog/RLOG-RIL( 1758): CreateInternalRequest(): req(0x40c6ef80), id(0), tok(NULL)
E/use-Rlog/RLOG-RIL( 1758): CreateInternalRequest(): req(0x40c6efd0), id(0), tok(NULL)
E/use-Rlog/RLOG-RIL( 1758): [RM REQ]: req(0x40c6ed38), tok(0x40c6ecc0)
E/use-Rlog/RLOG-RIL( 1758): [EVT]:Req(7), RX(0)
E/use-Rlog/RLOG-RIL( 1758): [EVT]:Req(7), RX(0)
E/use-Rlog/RLOG-RIL( 1758): requestOperator()
E/use-Rlog/RLOG-RIL( 1758): TxNET_GetCurrentPLMN()
E/use-Rlog/RLOG-RIL( 1758): get_msg_sequence()
E/use-Rlog/RLOG-RIL( 1758): ipc_debug_send_ipc: timestamp 1423983336386927
E/use-Rlog/RLOG-RIL( 1758): TX: Time: 2349161410 / 104304
E/use-Rlog/RLOG-RIL( 1758): TX: (M)IPC_NET_CMD  (S)IPC_NET_SERVING_NETWORK  (T)IPC_CMD_GET  len:7 mseq:5 aseq:0
E/use-Rlog/RLOG-RIL( 1758): WaitForExpectedCmd(): cur_time: 104304, cur_req->timeout: 139304, ph->near_timeout: 109266
E/use-Rlog/RLOG-RIL( 1758): requestGetIMEISV
E/use-Rlog/RLOG-RIL( 1758): RIL_onRequestComplete: tok(0x40c6ece8)
E/use-Rlog/RLOG-RIL( 1758): requestGetIMEISV - COMPLETE - IMEISV[02] < 
E/use-Rlog/RLOG-RIL( 1758): [RM REQ]: req(0x40c6ed88), tok(0x40c6ece8)
E/use-Rlog/RLOG-RIL( 1758): [EVT]:Req(6), RX(0)
E/use-Rlog/RLOG-RIL( 1758): [EVT]:Req(6), RX(0)
E/use-Rlog/RLOG-RIL( 1758): InternalRequestGetDeviceMacAddress()
E/use-Rlog/RLOG-RIL( 1758): TxCFG_GetDeviceMacAddress()
E/use-Rlog/RLOG-RIL( 1758): get_msg_sequence()
E/use-Rlog/RLOG-RIL( 1758): ipc_debug_send_ipc: timestamp 1423983336387293
E/use-Rlog/RLOG-RIL( 1758): TX: Time: 2349161411 / 104304
E/use-Rlog/RLOG-RIL( 1758): TX: (M)IPC_CFG_CMD  (S)IPC_CFG_MAC_ADDRESS  (T)IPC_CMD_GET  len:8 mseq:6 aseq:0
E/use-Rlog/RLOG-RIL( 1758): TX: ---- DATA BEGIN ----
E/use-Rlog/RLOG-RIL( 1758): TX: 02 
E/use-Rlog/RLOG-RIL( 1758): TX: ---- DATA  END ----
E/use-Rlog/RLOG-RIL( 1758): WaitForExpectedCmd(): cur_time: 104304, cur_req->timeout: 154304, ph->near_timeout: 109266
E/use-Rlog/RLOG-RIL( 1758): onRequest: RIL_REQUEST_GPRS_REGISTRATION_STATE
E/use-Rlog/RLOG-RIL( 1758): CreateRequest(): req(0x40c6ed50), id(21), tok(0x40c6ed38) - FUNC(0x4053a2bd)
E/use-Rlog/RLOG-RIL( 1758): onRequest: RIL_REQUEST_REGISTRATION_STATE
E/use-Rlog/RLOG-RIL( 1758): CreateRequest(): req(0x40c6ec60), id(20), tok(0x40c6eda0) - FUNC(0x4053a349)
E/use-Rlog/RLOG-RIL( 1758): onRequest: QUERY_NETWORK_SELECTION_MODE
E/use-Rlog/RLOG-RIL( 1758): CreateRequest(): req(0x40c6f020), id(45), tok(0x40c6edb8) - FUNC(0x4053a465)
E/use-Rlog/RLOG-RIL( 1758): onRequest: GET_SIM_STATUS
E/use-Rlog/RLOG-RIL( 1758): CreateRequest(): req(0x40c6f070), id(1), tok(0x40c6ecd0) - FUNC(0x40538671)
E/use-Rlog/RLOG-RIL( 1758): onRequest: GET_CURRENT_CALLS
E/use-Rlog/RLOG-RIL( 1758): CreateRequest(): req(0x40c6f0c0), id(9), tok(0x40c6eeb8) - FUNC(0x405360b9)
E/use-Rlog/RLOG-RIL( 1758): onRequest: DIAL_VIDEO_CALL
E/use-Rlog/RLOG-RIL( 1758): CreateRequest(): req(0x40c6f128), id(10010), tok(0x40c6f110) - FUNC(0x40535e71)
E/use-Rlog/RLOG-RIL( 1758): onRequest: LOCK_INFO
E/use-Rlog/RLOG-RIL( 1758): CreateRequest(): req(0x40c6f1a0), id(10014), tok(0x40c6f188) - FUNC(0x40536fad)
E/use-Rlog/RLOG-RIL( 1758): processLine():
E/use-Rlog/RLOG-RIL( 1758): processLine: got a single frame.
E/use-Rlog/RLOG-RIL( 1758): ipc_debug_send_ipc: timestamp 1423983336389094
E/use-Rlog/RLOG-RIL( 1758): processLine():
E/use-Rlog/RLOG-RIL( 1758): processLine: got a single frame.
E/use-Rlog/RLOG-RIL( 1758): ipc_debug_send_ipc: timestamp 1423983336390101
E/use-Rlog/RLOG-RIL( 1758): [EVT]:Req(12), RX(2)
E/use-Rlog/RLOG-RIL( 1758): RX: Time: 2349161414 / 104307
E/use-Rlog/RLOG-RIL( 1758): RX: (M)IPC_NET_CMD  (S)IPC_NET_SERVING_NETWORK  (T)IPC_CMD_RESP  len:12 mseq:0 aseq:5
E/use-Rlog/RLOG-RIL( 1758): RX: ---- DATA BEGIN ----
E/use-Rlog/RLOG-RIL( 1758): RX: 02 02 04 33 31 30 
E/use-Rlog/RLOG-RIL( 1758): RX: 32 36 30 F7 5C 
E/use-Rlog/RLOG-RIL( 1758): RX: ---- DATA  END ----
E/use-Rlog/RLOG-RIL( 1758): requestGetSIMStatus state 0
E/use-Rlog/RLOG-RIL( 1758): TxSEC_GetPinStatus()
E/use-Rlog/RLOG-RIL( 1758): get_msg_sequence()
E/use-Rlog/RLOG-RIL( 1758): ipc_debug_send_ipc: timestamp 1423983336390406
E/use-Rlog/RLOG-RIL( 1758): TX: Time: 2349161414 / 104307
E/use-Rlog/RLOG-RIL( 1758): TX: (M)IPC_SEC_CMD  (S)IPC_SEC_PIN_STATUS  (T)IPC_CMD_GET  len:7 mseq:7 aseq:0
E/use-Rlog/RLOG-RIL( 1758): WaitForExpectedCmd(): cur_time: 104307, cur_req->timeout: 164307, ph->near_timeout: 104304
E/use-Rlog/RLOG-RIL( 1758): requestGetCurrentCalls()
E/use-Rlog/RLOG-RIL( 1758): TxCall_GetCallList()
E/use-Rlog/RLOG-RIL( 1758): get_msg_sequence()
E/use-Rlog/RLOG-RIL( 1758): ipc_debug_send_ipc: timestamp 1423983336390589
E/use-Rlog/RLOG-RIL( 1758): TX: Time: 2349161414 / 104307
E/use-Rlog/RLOG-RIL( 1758): TX: (M)IPC_CALL_CMD  (S)IPC_CALL_LIST  (T)IPC_CMD_GET  len:7 mseq:8 aseq:0
E/use-Rlog/RLOG-RIL( 1758): WaitForExpectedCmd(): cur_time: 104307, cur_req->timeout: 109307, ph->near_timeout: 104304
E/use-Rlog/RLOG-RIL( 1758): requestOperator()
E/use-Rlog/RLOG-RIL( 1758): lookupOpnameTable(): PLMN(310260)
E/use-Rlog/RLOG-RIL( 1758): RxNET_ResCurrentPLMN(): PLMN(310260), OP1((T-Mobile ) OP2(T-Mobile )
E/use-Rlog/RLOG-RIL( 1758): RIL_onRequestComplete: tok(0x40c6eb88)
E/use-Rlog/RLOG-RIL( 1758): [RM REQ]: req(0x40c6edd8), tok(0x40c6eb88)
E/use-Rlog/RLOG-RIL( 1758): [EVT]:Req(11), RX(1)
E/use-Rlog/RLOG-RIL( 1758): [EVT]:Req(11), RX(1)
E/use-Rlog/RLOG-RIL( 1758): RX: Time: 2349161414 / 104308
E/use-Rlog/RLOG-RIL( 1758): RX: (M)IPC_CFG_CMD  (S)IPC_CFG_MAC_ADDRESS  (T)IPC_CMD_RESP  len:f mseq:0 aseq:6
E/use-Rlog/RLOG-RIL( 1758): RX: ---- DATA BEGIN ----
E/use-Rlog/RLOG-RIL( 1758): RX: 02 06 B0 D0 9C C7 
E/use-Rlog/RLOG-RIL( 1758): RX: C9 37 
E/use-Rlog/RLOG-RIL( 1758): RX: ---- DATA  END ----
E/use-Rlog/RLOG-RIL( 1758): requestGprsRegistrationState()
E/use-Rlog/RLOG-RIL( 1758): TxNET_GetDataNetworkRegistration()
E/use-Rlog/RLOG-RIL( 1758): get_msg_sequence()
E/use-Rlog/RLOG-RIL( 1758): ipc_debug_send_ipc: timestamp 1423983336391047
E/use-Rlog/RLOG-RIL( 1758): TX: Time: 2349161415 / 104308
E/use-Rlog/RLOG-RIL( 1758): TX: (M)IPC_NET_CMD  (S)IPC_NET_REGIST  (T)IPC_CMD_GET  len:9 mseq:9 aseq:0
E/use-Rlog/RLOG-RIL( 1758): TX: ---- DATA BEGIN ----
E/use-Rlog/RLOG-RIL( 1758): TX: FF 03 
E/use-Rlog/RLOG-RIL( 1758): TX: ---- DATA  END ----
E/use-Rlog/RLOG-RIL( 1758): WaitForExpectedCmd(): cur_time: 104308, cur_req->timeout: 139308, ph->near_timeout: 104304
E/use-Rlog/RLOG-RIL( 1758): InternalRequestGetDeviceMacAddress()
E/use-Rlog/RLOG-RIL( 1758): RxCFG_ResDeviceMACAddress()
E/use-Rlog/RLOG-RIL( 1758): processLine():
E/use-Rlog/RLOG-RIL( 1758): processLine: got a single frame.
E/use-Rlog/RLOG-RIL( 1758): ipc_debug_send_ipc: timestamp 1423983336393305
E/use-Rlog/RLOG-RIL( 1758): Dev MAC(02): B0D09CC7C937
E/use-Rlog/RLOG-RIL( 1758): TxCFG_GetDeviceMacAddress()
E/use-Rlog/RLOG-RIL( 1758): get_msg_sequence()
E/use-Rlog/RLOG-RIL( 1758): ipc_debug_send_ipc: timestamp 1423983336394709
E/use-Rlog/RLOG-RIL( 1758): TX: Time: 2349161418 / 104311
E/use-Rlog/RLOG-RIL( 1758): TX: (M)IPC_CFG_CMD  (S)IPC_CFG_MAC_ADDRESS  (T)IPC_CMD_GET  len:8 mseq:a aseq:0
E/use-Rlog/RLOG-RIL( 1758): TX: ---- DATA BEGIN ----
E/use-Rlog/RLOG-RIL( 1758): TX: 01 
E/use-Rlog/RLOG-RIL( 1758): TX: ---- DATA  END ----
E/use-Rlog/RLOG-RIL( 1758): WaitForExpectedCmd(): cur_time: 104312, cur_req->timeout: 154312, ph->near_timeout: 104304
E/use-Rlog/RLOG-RIL( 1758): [EVT]:Req(11), RX(1)
E/use-Rlog/RLOG-RIL( 1758): RX: Time: 2349161418 / 104312
E/use-Rlog/RLOG-RIL( 1758): RX: (M)IPC_SEC_CMD  (S)IPC_SEC_PIN_STATUS  (T)IPC_CMD_RESP  len:9 mseq:0 aseq:7
E/use-Rlog/RLOG-RIL( 1758): RX: ---- DATA BEGIN ----
E/use-Rlog/RLOG-RIL( 1758): RX: 00 00 
E/use-Rlog/RLOG-RIL( 1758): RX: ---- DATA  END ----
E/use-Rlog/RLOG-RIL( 1758): RxSEC_ResPinStatus!!!
E/use-Rlog/RLOG-RIL( 1758): Rsp : SIM READY
E/use-Rlog/RLOG-RIL( 1758): RIL_onRequestComplete: tok(0x40c6ecd0)
E/use-Rlog/RLOG-RIL( 1758): [RM REQ]: req(0x40c6f070), tok(0x40c6ecd0)
E/use-Rlog/RLOG-RIL( 1758): [EVT]:Req(10), RX(0)
E/use-Rlog/RLOG-RIL( 1758): [EVT]:Req(10), RX(0)
E/use-Rlog/RLOG-RIL( 1758): processLine():
E/use-Rlog/RLOG-RIL( 1758): processLine: got a single frame.
E/use-Rlog/RLOG-RIL( 1758): ipc_debug_send_ipc: timestamp 1423983336395228
E/use-Rlog/RLOG-RIL( 1758): processLine():
E/use-Rlog/RLOG-RIL( 1758): processLine: got a single frame.
E/use-Rlog/RLOG-RIL( 1758): ipc_debug_send_ipc: timestamp 1423983336395319
E/use-Rlog/RLOG-RIL( 1758): [EVT]:Req(10), RX(2)
E/use-Rlog/RLOG-RIL( 1758): RX: Time: 2349161420 / 104313
E/use-Rlog/RLOG-RIL( 1758): RX: (M)IPC_CALL_CMD  (S)IPC_CALL_LIST  (T)IPC_CMD_RESP  len:8 mseq:0 aseq:8
E/use-Rlog/RLOG-RIL( 1758): RX: ---- DATA BEGIN ----
E/use-Rlog/RLOG-RIL( 1758): RX: 00 
E/use-Rlog/RLOG-RIL( 1758): RX: ---- DATA  END ----
E/use-Rlog/RLOG-RIL( 1758): requestGetCurrentCalls()
E/use-Rlog/RLOG-RIL( 1758): RxCall_CallList
E/use-Rlog/RLOG-RIL( 1758): RIL_onRequestComplete: tok(0x40c6eeb8)
E/use-Rlog/RLOG-RIL( 1758): RxCall_CallList: countCalls 0, err 0x0
E/use-Rlog/RLOG-RIL( 1758): [RM REQ]: req(0x40c6f0c0), tok(0x40c6eeb8)
E/use-Rlog/RLOG-RIL( 1758): [EVT]:Req(9), RX(1)
E/use-Rlog/RLOG-RIL( 1758): [EVT]:Req(9), RX(1)
E/use-Rlog/RLOG-RIL( 1758): RX: Time: 2349161420 / 104313
E/use-Rlog/RLOG-RIL( 1758): RX: (M)IPC_NET_CMD  (S)IPC_NET_REGIST  (T)IPC_CMD_RESP  len:12 mseq:0 aseq:9
E/use-Rlog/RLOG-RIL( 1758): RX: ---- DATA BEGIN ----
E/use-Rlog/RLOG-RIL( 1758): RX: 04 03 02 63 F7 5C 
E/use-Rlog/RLOG-RIL( 1758): processLine():
E/use-Rlog/RLOG-RIL( 1758): processLine: got a single frame.
E/use-Rlog/RLOG-RIL( 1758): ipc_debug_send_ipc: timestamp 1423983336396540
E/use-Rlog/RLOG-RIL( 1758): RX: 5F 08 6F 00 00 
E/use-Rlog/RLOG-RIL( 1758): RX: ---- DATA  END ----
E/use-Rlog/RLOG-RIL( 1758): requestGprsRegistrationState()
E/use-Rlog/RLOG-RIL( 1758): RxNET_ResNetworkRegistration()
E/use-Rlog/RLOG-RIL( 1758): RegiStatus_Ipc2Ril()
E/use-Rlog/RLOG-RIL( 1758): RIL_onRequestComplete: tok(0x40c6ed38)
E/use-Rlog/RLOG-RIL( 1758): [RM REQ]: req(0x40c6ed50), tok(0x40c6ed38)
E/use-Rlog/RLOG-RIL( 1758): [EVT]:Req(8), RX(1)
E/use-Rlog/RLOG-RIL( 1758): [EVT]:Req(8), RX(1)
E/use-Rlog/RLOG-RIL( 1758): RX: Time: 2349161420 / 104314
E/use-Rlog/RLOG-RIL( 1758): RX: (M)IPC_CFG_CMD  (S)IPC_CFG_MAC_ADDRESS  (T)IPC_CMD_RESP  len:f mseq:0 aseq:a
E/use-Rlog/RLOG-RIL( 1758): RX: ---- DATA BEGIN ----
E/use-Rlog/RLOG-RIL( 1758): RX: 01 06 B0 D0 9C C7 
E/use-Rlog/RLOG-RIL( 1758): RX: C9 38 
E/use-Rlog/RLOG-RIL( 1758): RX: ---- DATA  END ----
E/use-Rlog/RLOG-RIL( 1758): requestRegistrationState()
E/use-Rlog/RLOG-RIL( 1758): TxNET_GetNetworkRegistration()
E/use-Rlog/RLOG-RIL( 1758): get_msg_sequence()
E/use-Rlog/RLOG-RIL( 1758): ipc_debug_send_ipc: timestamp 1423983336396967
E/use-Rlog/RLOG-RIL( 1758): TX: Time: 2349161420 / 104314
E/use-Rlog/RLOG-RIL( 1758): TX: (M)IPC_NET_CMD  (S)IPC_NET_REGIST  (T)IPC_CMD_GET  len:9 mseq:b aseq:0
E/use-Rlog/RLOG-RIL( 1758): TX: ---- DATA BEGIN ----
E/use-Rlog/RLOG-RIL( 1758): TX: FF 02 
E/use-Rlog/RLOG-RIL( 1758): TX: ---- DATA  END ----
E/use-Rlog/RLOG-RIL( 1758): WaitForExpectedCmd(): cur_time: 104314, cur_req->timeout: 139314, ph->near_timeout: 109307
E/use-Rlog/RLOG-RIL( 1758): InternalRequestGetDeviceMacAddress()
E/use-Rlog/RLOG-RIL( 1758): RxCFG_ResDeviceMACAddress()
E/use-Rlog/RLOG-RIL( 1758): valid Mac Address : B0:D0:9C:C7:C9:38, length : 17
E/use-Rlog/RLOG-RIL( 1758): copy to file
E/use-Rlog/RLOG-RIL( 1758): copyWIFIMacAddressToData()
D/RILJ    (  945): Serial: -1419013622
D/RILJ    (  945): Error: 0
D/RILJ    (  945): [0026]< GET_IMEISV 
D/RILJ    (  945): Serial: -1419013621
D/RILJ    (  945): Error: 0
D/RILJ    (  945): [0027]< OPERATOR {T-Mobile , T-Mobile , 310260}
D/RILJ    (  945): Serial: -1419013617
D/RILJ    (  945): Error: 0
W/RILJ    (  945): [0031]< GET_SIM_STATUS exception, possible invalid RIL response
W/RILJ    (  945): java.lang.NegativeArraySizeException: -1
W/RILJ    (  945): 	at com.android.internal.telephony.RIL.responseIccCardStatus(RIL.java:3777)
W/RILJ    (  945): 	at com.android.internal.telephony.SamsungRIL.processSolicited(SamsungRIL.java:149)
W/RILJ    (  945): 	at com.android.internal.telephony.RIL.processResponse(RIL.java:2609)
W/RILJ    (  945): 	at com.android.internal.telephony.RIL$RILReceiver.run(RIL.java:602)
W/RILJ    (  945): 	at java.lang.Thread.run(Thread.java:818)
D/RILJ    (  945): Serial: -1419013616
D/RILJ    (  945): Error: 0
D/RILJ    (  945): Parcel size = 12
D/RILJ    (  945): Parcel pos = 12
D/RILJ    (  945): Parcel dataAvail = 0
D/RILJ    (  945): [0032]< GET_CURRENT_CALLS  
D/RILJ    (  945): Serial: -1419013620
D/RILJ    (  945): Error: 0
D/RILJ    (  945): [0028]< DATA_REGISTRATION_STATE {1, 5cf7, 006f085f, 3}
E/use-Rlog/RLOG-RIL( 1758): /data/.nvmac.info file open OK.
E/use-Rlog/RLOG-RIL( 1758): Dev MAC(01): B0:D0:9C:C7:C9:38
E/use-Rlog/RLOG-RIL( 1758): [RM REQ]: req(0x40c6eee0), tok(0x0)
E/use-Rlog/RLOG-RIL( 1758): [EVT]:Req(7), RX(0)
E/use-Rlog/RLOG-RIL( 1758): [EVT]:Req(7), RX(0)
E/use-Rlog/RLOG-RIL( 1758): AP NV MPS_CODE open error.
E/use-Rlog/RLOG-RIL( 1758): [RM REQ]: req(0x40c6ef30), tok(0x0)
E/use-Rlog/RLOG-RIL( 1758): [EVT]:Req(6), RX(0)
E/use-Rlog/RLOG-RIL( 1758): [EVT]:Req(6), RX(0)
E/use-Rlog/RLOG-RIL( 1758): InternalRequestGetMobileEquipSerialNumber()
E/use-Rlog/RLOG-RIL( 1758): TxMISC_GetMobileEquipSerialNumber_SerialNumber()
E/use-Rlog/RLOG-RIL( 1758): get_msg_sequence()
E/use-Rlog/RLOG-RIL( 1758): ipc_debug_send_ipc: timestamp 1423983336403559
E/use-Rlog/RLOG-RIL( 1758): TX: Time: 2349161427 / 104320
E/use-Rlog/RLOG-RIL( 1758): TX: (M)IPC_MISC_CMD  (S)IPC_MISC_ME_SN  (T)IPC_CMD_GET  len:8 mseq:c aseq:0
E/use-Rlog/RLOG-RIL( 1758): TX: ---- DATA BEGIN ----
E/use-Rlog/RLOG-RIL( 1758): TX: 04 
E/use-Rlog/RLOG-RIL( 1758): TX: ---- DATA  END ----
E/use-Rlog/RLOG-RIL( 1758): WaitForExpectedCmd(): cur_time: 104320, cur_req->timeout: 109320, ph->near_timeout: 109307
E/use-Rlog/RLOG-RIL( 1758): processLine():
E/use-Rlog/RLOG-RIL( 1758): processLine: got a single frame.
E/use-Rlog/RLOG-RIL( 1758): ipc_debug_send_ipc: timestamp 1423983336403834
E/use-Rlog/RLOG-RIL( 1758): [EVT]:Req(6), RX(1)
E/use-Rlog/RLOG-RIL( 1758): RX: Time: 2349161428 / 104322
E/use-Rlog/RLOG-RIL( 1758): RX: (M)IPC_NET_CMD  (S)IPC_NET_REGIST  (T)IPC_CMD_RESP  len:12 mseq:0 aseq:b
E/use-Rlog/RLOG-RIL( 1758): RX: ---- DATA BEGIN ----
E/use-Rlog/RLOG-RIL( 1758): RX: 04 02 02 63 F7 5C 
E/use-Rlog/RLOG-RIL( 1758): RX: 5F 08 6F 00 00 
E/use-Rlog/RLOG-RIL( 1758): RX: ---- DATA  END ----
E/use-Rlog/RLOG-RIL( 1758): requestRegistrationState()
E/use-Rlog/RLOG-RIL( 1758): RxNET_ResNetworkRegistration()
E/use-Rlog/RLOG-RIL( 1758): RegiStatus_Ipc2Ril()
E/use-Rlog/RLOG-RIL( 1758): RxNET_ResNetworkRegistration: cs_reg_status: 1, rej_cause 0
E/use-Rlog/RLOG-RIL( 1758): processLine():
E/use-Rlog/RLOG-RIL( 1758): processLine: got a single frame.
E/use-Rlog/RLOG-RIL( 1758): ipc_debug_send_ipc: timestamp 1423983336406184
E/use-Rlog/RLOG-RIL( 1758): RIL_onRequestComplete: tok(0x40c6eda0)
E/use-Rlog/RLOG-RIL( 1758): [RM REQ]: req(0x40c6ec60), tok(0x40c6eda0)
E/use-Rlog/RLOG-RIL( 1758): [EVT]:Req(5), RX(1)
E/use-Rlog/RLOG-RIL( 1758): [EVT]:Req(5), RX(1)
E/use-Rlog/RLOG-RIL( 1758): RX: Time: 2349161431 / 104324
E/use-Rlog/RLOG-RIL( 1758): RX: (M)IPC_MISC_CMD  (S)IPC_MISC_ME_SN  (T)IPC_CMD_RESP  len:29 mseq:0 aseq:c
E/use-Rlog/RLOG-RIL( 1758): RX: ---- DATA BEGIN ----
E/use-Rlog/RLOG-RIL( 1758): RX: 04 0B 30 30 30 30 
E/use-Rlog/RLOG-RIL( 1758): RX: 30 30 30 30 30 30 
E/use-Rlog/RLOG-RIL( 1758): RX: 30 00 35 30 34 30 
E/use-Rlog/RLOG-RIL( 1758): RX: 32 00 00 00 00 00 
E/use-Rlog/RLOG-RIL( 1758): RX: 00 00 00 00 00 00 
E/use-Rlog/RLOG-RIL( 1758): RX: 00 00 00 00 
E/use-Rlog/RLOG-RIL( 1758): RX: ---- DATA  END ----
E/use-Rlog/RLOG-RIL( 1758): requestQueryNetworkSelectionMode()
E/use-Rlog/RLOG-RIL( 1758): TxNET_GetPLMNSelection()
E/use-Rlog/RLOG-RIL( 1758): get_msg_sequence()
E/use-Rlog/RLOG-RIL( 1758): ipc_debug_send_ipc: timestamp 1423983336407282
E/use-Rlog/RLOG-RIL( 1758): TX: Time: 2349161431 / 104324
E/use-Rlog/RLOG-RIL( 1758): TX: (M)IPC_NET_CMD  (S)IPC_NET_PLMN_SEL  (T)IPC_CMD_GET  len:7 mseq:d aseq:0
E/use-Rlog/RLOG-RIL( 1758): WaitForExpectedCmd(): cur_time: 104324, cur_req->timeout: 139324, ph->near_timeout: 109320
E/use-Rlog/RLOG-RIL( 1758): InternalRequestGetMobileEquipSerialNumber()
E/use-Rlog/RLOG-RIL( 1758): RxMISC_ResMobileEquipSerialNumber_SerialNumber()
D/RILJ    (  945): Serial: -1419013619
D/RILJ    (  945): Error: 0
D/RILJ    (  945): [0029]< VOICE_REGISTRATION_STATE {1, 5cf7, 006f085f, null, null, null, null, null, null, null, null, null, null, 0}
D/RILJ    (  945): [0037]> OPERATOR
E/use-Rlog/RLOG-RIL( 1758): serial number <00000000000>
E/use-Rlog/RLOG-RIL( 1758): RIL_onRequestComplete: tok(0x0)
E/use-Rlog/RLOG-RILC( 1758): RIL_onRequestComplete: invalid RIL_Token
E/use-Rlog/RLOG-RIL( 1758): InternalRequestGetMobileEquipSerialNumber - COMPLETE - STATE[1] < 
E/use-Rlog/RLOG-RIL( 1758): [RM REQ]: req(0x40c6ee38), tok(0x0)
E/use-Rlog/RLOG-RIL( 1758): [EVT]:Req(4), RX(0)
E/use-Rlog/RLOG-RIL( 1758): [EVT]:Req(4), RX(0)
E/use-Rlog/RLOG-RIL( 1758): InternalRequestGetMobileEquipManufactureDate()
E/use-Rlog/RLOG-RIL( 1758): TxMISC_GetMobileEquipSerialNumber_ManufactureDate()
E/use-Rlog/RLOG-RIL( 1758): get_msg_sequence()
E/use-Rlog/RLOG-RIL( 1758): ipc_debug_send_ipc: timestamp 1423983336410365
E/use-Rlog/RLOG-RIL( 1758): TX: Time: 2349161434 / 104327
E/use-Rlog/RLOG-RIL( 1758): TX: (M)IPC_MISC_CMD  (S)IPC_MISC_ME_SN  (T)IPC_CMD_GET  len:8 mseq:e aseq:0
E/use-Rlog/RLOG-RIL( 1758): TX: ---- DATA BEGIN ----
E/use-Rlog/RLOG-RIL( 1758): TX: 05 
E/use-Rlog/RLOG-RIL( 1758): TX: ---- DATA  END ----
E/use-Rlog/RLOG-RIL( 1758): WaitForExpectedCmd(): cur_time: 104327, cur_req->timeout: 109327, ph->near_timeout: 109320
E/use-Rlog/RLOG-RIL( 1758): processLine():
E/use-Rlog/RLOG-RIL( 1758): processLine: got a single frame.
E/use-Rlog/RLOG-RIL( 1758): ipc_debug_send_ipc: timestamp 1423983336410639
E/use-Rlog/RLOG-RIL( 1758): processLine():
E/use-Rlog/RLOG-RIL( 1758): processLine: got a single frame.
E/use-Rlog/RLOG-RIL( 1758): ipc_debug_send_ipc: timestamp 1423983336413386
E/use-Rlog/RLOG-RIL( 1758): [EVT]:Req(4), RX(2)
E/use-Rlog/RLOG-RIL( 1758): RX: Time: 2349161437 / 104330
E/use-Rlog/RLOG-RIL( 1758): RX: (M)IPC_NET_CMD  (S)IPC_NET_PLMN_SEL  (T)IPC_CMD_RESP  len:e mseq:0 aseq:d
E/use-Rlog/RLOG-RIL( 1758): RX: ---- DATA BEGIN ----
E/use-Rlog/RLOG-RIL( 1758): RX: 02 33 31 30 32 36 
E/use-Rlog/RLOG-RIL( 1758): RX: 30 
E/use-Rlog/RLOG-RIL( 1758): RX: ---- DATA  END ----
E/use-Rlog/RLOG-RIL( 1758): requestQueryNetworkSelectionMode()
E/use-Rlog/RLOG-RIL( 1758): RxNET_ResPLMNSelection()
E/use-Rlog/RLOG-RIL( 1758): RIL_onRequestComplete: tok(0x40c6edb8)
E/use-Rlog/RLOG-RIL( 1758): [RM REQ]: req(0x40c6f020), tok(0x40c6edb8)
E/use-Rlog/RLOG-RIL( 1758): [EVT]:Req(3), RX(1)
E/use-Rlog/RLOG-RIL( 1758): [EVT]:Req(3), RX(1)
E/use-Rlog/RLOG-RIL( 1758): RX: Time: 2349161437 / 104331
E/use-Rlog/RLOG-RIL( 1758): RX: (M)IPC_MISC_CMD  (S)IPC_MISC_ME_SN  (T)IPC_CMD_RESP  len:29 mseq:0 aseq:e
E/use-Rlog/RLOG-RIL( 1758): RX: ---- DATA BEGIN ----
E/use-Rlog/RLOG-RIL( 1758): RX: 05 02 02 63 F7 5C 
E/use-Rlog/RLOG-RIL( 1758): RX: 5F 08 6F 00 00 00 
E/use-Rlog/RLOG-RIL( 1758): RX: 00 00 00 00 00 00 
E/use-Rlog/RLOG-RIL( 1758): RX: 00 00 00 00 00 00 
E/use-Rlog/RLOG-RIL( 1758): RX: 00 00 00 00 00 00 
E/use-Rlog/RLOG-RIL( 1758): RX: 00 00 00 00 
E/use-Rlog/RLOG-RIL( 1758): RX: ---- DATA  END ----
E/use-Rlog/RLOG-RIL( 1758): InternalRequestGetMobileEquipManufactureDate()
E/use-Rlog/RLOG-RIL( 1758): RxMISC_ResMobileEquipSerialNumber_ManufactureDate()
E/use-Rlog/RLOG-RIL( 1758): manufacturedate number <c÷\_o>
E/use-Rlog/RLOG-RIL( 1758): RIL_onRequestComplete: tok(0x0)
E/use-Rlog/RLOG-RILC( 1758): RIL_onRequestComplete: invalid RIL_Token
E/use-Rlog/RLOG-RIL( 1758): InternalRequestGetMobileEquipManufactureDate - COMPLETE - STATE[1] < 
E/use-Rlog/RLOG-RIL( 1758): [RM REQ]: req(0x40c6ef80), tok(0x0)
E/use-Rlog/RLOG-RIL( 1758): [EVT]:Req(2), RX(0)
E/use-Rlog/RLOG-RIL( 1758): [EVT]:Req(2), RX(0)
E/use-Rlog/RLOG-RIL( 1758): InternalRequestGetMobileEquipBarcode()
E/use-Rlog/RLOG-RIL( 1758): TxMISC_GetMobileEquipSerialNumber_Barcode()
E/use-Rlog/RLOG-RIL( 1758): get_msg_sequence()
E/use-Rlog/RLOG-RIL( 1758): ipc_debug_send_ipc: timestamp 1423983336414637
E/use-Rlog/RLOG-RIL( 1758): TX: Time: 2349161438 / 104331
E/use-Rlog/RLOG-RIL( 1758): TX: (M)IPC_MISC_CMD  (S)IPC_MISC_ME_SN  (T)IPC_CMD_GET  len:8 mseq:f aseq:0
E/use-Rlog/RLOG-RIL( 1758): TX: ---- DATA BEGIN ----
E/use-Rlog/RLOG-RIL( 1758): TX: 06 
E/use-Rlog/RLOG-RIL( 1758): TX: ---- DATA  END ----
E/use-Rlog/RLOG-RIL( 1758): WaitForExpectedCmd(): cur_time: 104332, cur_req->timeout: 109332, ph->near_timeout: 109327
D/RILJ    (  945): Serial: -1419013618
D/RILJ    (  945): Error: 0
D/RILJ    (  945): [0030]< QUERY_NETWORK_SELECTION_MODE {0}
E/use-Rlog/RLOG-RIL( 1758): processLine():
E/use-Rlog/RLOG-RIL( 1758): processLine: got a single frame.
E/use-Rlog/RLOG-RIL( 1758): ipc_debug_send_ipc: timestamp 1423983336417200
E/use-Rlog/RLOG-RIL( 1758): [EVT]:Req(2), RX(1)
E/use-Rlog/RLOG-RIL( 1758): RX: Time: 2349161443 / 104336
E/use-Rlog/RLOG-RIL( 1758): RX: (M)IPC_MISC_CMD  (S)IPC_MISC_ME_SN  (T)IPC_CMD_RESP  len:29 mseq:0 aseq:f
E/use-Rlog/RLOG-RIL( 1758): RX: ---- DATA BEGIN ----
E/use-Rlog/RLOG-RIL( 1758): RX: 06 03 02 63 F7 5C 
E/use-Rlog/RLOG-RIL( 1758): RX: 5F 08 6F 00 00 00 
E/use-Rlog/RLOG-RIL( 1758): RX: 00 00 00 00 00 00 
E/use-Rlog/RLOG-RIL( 1758): RX: 00 00 00 00 00 00 
E/use-Rlog/RLOG-RIL( 1758): RX: 00 00 00 00 00 00 
E/use-Rlog/RLOG-RIL( 1758): RX: 00 00 00 00 
E/use-Rlog/RLOG-RIL( 1758): RX: ---- DATA  END ----
E/use-Rlog/RLOG-RIL( 1758): InternalRequestGetMobileEquipBarcode()
E/use-Rlog/RLOG-RIL( 1758): RxMISC_ResMobileEquipSerialNumber_Barcode()
E/use-Rlog/RLOG-RIL( 1758): barcode number <c÷\_o>
E/use-Rlog/RLOG-RIL( 1758): RIL_onRequestComplete: tok(0x0)
E/use-Rlog/RLOG-RILC( 1758): RIL_onRequestComplete: invalid RIL_Token
E/use-Rlog/RLOG-RIL( 1758): InternalRequestGetMobileEquipBarcode - COMPLETE - STATE[1] < 
E/use-Rlog/RLOG-RIL( 1758): [RM REQ]: req(0x40c6efd0), tok(0x0)
E/use-Rlog/RLOG-RIL( 1758): [EVT]:Req(1), RX(0)
E/use-Rlog/RLOG-RIL( 1758): [EVT]:Req(1), RX(0)
E/use-Rlog/RLOG-RIL( 1758): requestDialVideoCall()
E/use-Rlog/RLOG-RIL( 1758): RIL_onRequestComplete: tok(0x40c6f110)
E/use-Rlog/RLOG-RIL( 1758): [RM REQ]: req(0x40c6f128), tok(0x40c6f110)
E/use-Rlog/RLOG-RIL( 1758): [EVT]:Req(0), RX(0)
E/use-Rlog/RLOG-RIL( 1758): [EVT]:Req(0), RX(0)
D/RILJ    (  945): Serial: -1419013615
D/RILJ    (  945): Error: 2
D/RilRequest(  945): [0033]< RIL_REQUEST_VOICE_RADIO_TECH error: com.android.internal.telephony.CommandException: GENERIC_FAILURE ret=
D/RILJ    (  945): [0038]> DATA_REGISTRATION_STATE
D/RILJ    (  945): [0039]> VOICE_REGISTRATION_STATE
D/RILJ    (  945): [0040]> QUERY_NETWORK_SELECTION_MODE
D/RILJ    (  945): [0041]> OPERATOR
D/RILJ    (  945): [0042]> DATA_REGISTRATION_STATE
D/RILJ    (  945): [0043]> VOICE_REGISTRATION_STATE
D/RILJ    (  945): [0044]> QUERY_NETWORK_SELECTION_MODE
D/DctController(  945): [DctController] DataStateReceiver: ignore invalid subId=-1 phoneId = 0
D/GsmDCT  (  945): [0]handleMessage msg={ when=-110ms what=270377 obj=android.os.AsyncResult@1c0ca6f0 target=com.android.internal.telephony.dataconnection.DcTracker }
D/GsmDCT  (  945): [0]onUpdateIcc: newIccRecords null
D/ModemStackController(  945): EVENT_GET_MODEM_CAPS_DONE
E/ModemStackController(  945): onGetModemCapabilityDone: EXIT!, result null or Exception =com.android.internal.telephony.CommandException: GENERIC_FAILURE
D/GSMPhone(  945): Baseband version: T679UVKJ1
D/SubController(  945): [getSubId]- size == 0, return dummy instead
D/TelephonyManager(  945): setTelephonyProperty property=gsm.version.baseband propVal=T679UVKJ1
D/UiccController(  945): Received EVENT_GET_ICC_STATUS_DONE
E/UiccController(  945): Error getting ICC status. RIL_REQUEST_GET_ICC_STATUS should never return an error
E/UiccController(  945): java.lang.NegativeArraySizeException: -1
E/UiccController(  945): 	at com.android.internal.telephony.RIL.responseIccCardStatus(RIL.java:3777)
E/UiccController(  945): 	at com.android.internal.telephony.SamsungRIL.processSolicited(SamsungRIL.java:149)
E/UiccController(  945): 	at com.android.internal.telephony.RIL.processResponse(RIL.java:2609)
E/UiccController(  945): 	at com.android.internal.telephony.RIL$RILReceiver.run(RIL.java:602)
E/UiccController(  945): 	at java.lang.Thread.run(Thread.java:818)
E/PhoneProxy(  945): [PhoneProxy] EVENT_REQUEST_VOICE_RADIO_TECH_DONE: exception=com.android.internal.telephony.CommandException: GENERIC_FAILURE
D/SUB     (  945): [SubInfoRecordUpdater]EVENT_STACK_READY
D/SUB     (  945): [SubInfoRecordUpdater]All IccIds query complete
I/RILJ    (  945): 'rild' socket closed
I/RILJ    (  945): java.io.IOException: Connection reset by peer
I/RILJ    (  945): 	at android.net.LocalSocketImpl.readba_native(Native Method)
I/RILJ    (  945): 	at android.net.LocalSocketImpl.access$400(LocalSocketImpl.java:33)
I/RILJ    (  945): 	at android.net.LocalSocketImpl$SocketInputStream.read(LocalSocketImpl.java:103)
I/RILJ    (  945): 	at com.android.internal.telephony.RIL.readRilMessage(RIL.java:468)
I/RILJ    (  945): 	at com.android.internal.telephony.RIL.access$300(RIL.java:231)
I/RILJ    (  945): 	at com.android.internal.telephony.RIL$RILReceiver.run(RIL.java:589)
I/RILJ    (  945): 	at java.lang.Thread.run(Thread.java:818)
I/RILJ    (  945): Disconnected from 'rild' socket
D/RilRequest(  945): [0034]< RIL_REQUEST_IMS_REGISTRATION_STATE error: com.android.internal.telephony.CommandException: RADIO_NOT_AVAILABLE ret=
D/RilRequest(  945): [0035]< RIL_REQUEST_CDMA_GET_SUBSCRIPTION_SOURCE error: com.android.internal.telephony.CommandException: RADIO_NOT_AVAILABLE ret=
D/RilRequest(  945): [0036]< GET_SIM_STATUS error: com.android.internal.telephony.CommandException: RADIO_NOT_AVAILABLE ret=
D/RilRequest(  945): [0037]< OPERATOR error: com.android.internal.telephony.CommandException: RADIO_NOT_AVAILABLE ret=
D/RilRequest(  945): [0038]< DATA_REGISTRATION_STATE error: com.android.internal.telephony.CommandException: RADIO_NOT_AVAILABLE ret=
D/RilRequest(  945): [0039]< VOICE_REGISTRATION_STATE error: com.android.internal.telephony.CommandException: RADIO_NOT_AVAILABLE ret=
D/RilRequest(  945): [0040]< QUERY_NETWORK_SELECTION_MODE error: com.android.internal.telephony.CommandException: RADIO_NOT_AVAILABLE ret=
D/RilRequest(  945): [0041]< OPERATOR error: com.android.internal.telephony.CommandException: RADIO_NOT_AVAILABLE ret=
D/RilRequest(  945): [0042]< DATA_REGISTRATION_STATE error: com.android.internal.telephony.CommandException: RADIO_NOT_AVAILABLE ret=
D/RilRequest(  945): [0043]< VOICE_REGISTRATION_STATE error: com.android.internal.telephony.CommandException: RADIO_NOT_AVAILABLE ret=
D/GsmSST  (  945): [GsmSST] mDeviceShuttingDown = false
D/GsmSST  (  945): [GsmSST] mDesiredPowerState = true
D/GsmSST  (  945): [GsmSST] getRadioState = RADIO_UNAVAILABLE
D/GsmSST  (  945): [GsmSST] mPowerOffDelayNeed = true
D/GsmSST  (  945): [GsmSST] mAlarmSwitch = false
D/PHONE   (  945): [ServiceState] setNullState=1
D/GsmSST  (  945): [GsmSST] Poll ServiceState done:  oldSS=[3 3 home null null null  Unknown Unknown CSS not supported -1 -1 RoamInd=-1 DefRoamInd=-1 EmergOnly=false] newSS=[1 1 home null null null  Unknown Unknown CSS not supported -1 -1 RoamInd=-1 DefRoamInd=-1 EmergOnly=false] oldMaxDataCalls=1 mNewMaxDataCalls=1 oldReasonDataDenied=-1 mNewReasonDataDenied=-1
D/PHONE   (  945): [ServiceState] setNullState=1
D/GsmSST  (  945): [GsmSST] updateSpnDisplay: radio is on but out of service, set plmn='No service.'
D/GsmSST  (  945): [GsmSST] updateSpnDisplay: changed sending intent rule=0 showPlmn='true' plmn='No service.' showSpn='false' spn=''
D/SubController(  945): [getSubId]- size == 0, return dummy instead
D/SubController(  945): [getSubId]- size == 0, return dummy instead
D/RilRequest(  945): [0044]< QUERY_NETWORK_SELECTION_MODE error: com.android.internal.telephony.CommandException: RADIO_NOT_AVAILABLE ret=
D/TelephonyManager(  945): setTelephonyProperty property=gsm.operator.alpha propVal=
D/SubController(  945): [getSubId]- size == 0, return dummy instead
D/TelephonyManager(  945): setTelephonyProperty property=gsm.operator.numeric propVal=
D/GsmSST  (  945): [GsmSST] operatorNumeric is null
D/SubController(  945): [getSubId]- size == 0, return dummy instead
D/TelephonyManager(  945): setTelephonyProperty property=gsm.operator.iso-country propVal=
D/SubController(  945): [getSubId]- size == 0, return dummy instead
D/TelephonyManager(  945): setTelephonyProperty property=gsm.operator.isroaming propVal=false
D/SubController(  945): [getSubId]- size == 0, return dummy instead
D/DefaultPhoneNotifier(  945): nofityServiceState: mRegistry=com.android.internal.telephony.ITelephonyRegistry$Stub$Proxy@20324c19 ss=1 1 home null null null  Unknown Unknown CSS not supported -1 -1 RoamInd=-1 DefRoamInd=-1 EmergOnly=false sender=Handler (com.android.internal.telephony.gsm.GSMPhone) {c60dbcf} phondId=0 subId=-1
D/SubController(  945): [getPhoneId] asked for default subId=9223372036854775807
D/SubController(  945): [getPhoneId]- no sims, returning default phoneId=0
D/SubController(  945): [getSubId]- size == 0, return dummy instead
D/GsmSST  (  945): [GsmSST] notifyDataRegStateRilRadioTechnologyChanged: drs=1 rat=0
D/SubController(  945): [getSubId]- size == 0, return dummy instead
D/TelephonyManager(  945): setTelephonyProperty property=gsm.network.type propVal=Unknown
D/GsmSST  (  945): [GsmSST] Iwlan feature available = false
D/GsmSST  (  945): [GsmSST] Iwlan feature available = false
D/GsmDCT  (  945): [0]get all active apn types
D/UiccController(  945): EVENT_RADIO_UNAVAILABLE, dispose card
D/RILJ    (  945): [5822]> GET_CURRENT_CALLS
D/RilRequest(  945): [5822]< GET_CURRENT_CALLS error: com.android.internal.telephony.CommandException: RADIO_NOT_AVAILABLE ret=
D/GsmDCT  (  945): [0]handleMessage msg={ when=-78ms what=270342 obj=android.os.AsyncResult@19e06469 target=com.android.internal.telephony.dataconnection.DcTracker }
D/GsmDCT  (  945): [0]onRadioOffOrNotAvailable: is off and clean up all connections
D/GsmDCT  (  945): [0]cleanUpAllConnections: tearDown=false reason=radioTurnedOff
D/GsmDCT  (  945): [0]cleanUpConnection: E tearDown=false reason=radioTurnedOff apnContext={mApnType=default mState=IDLE mWaitingApns={null} mWaitingApnsPermanentFailureCountDown=0 mApnSetting={null} mReason=radioTurnedOff mDataEnabled=false mDependencyMet=true}
D/GSMPhone(  945): getDataConnectionState: Data is Out of Service. ret = DISCONNECTED
D/SubController(  945): [getSubId]- size == 0, return dummy instead
D/GsmDCT  (  945): [0]isDataAllowed: not allowed due to - Attached= false - SIM not loaded and not NV subscription
D/GsmDCT  (  945): [ApnContext:default] getApnSetting: apnSetting=null
D/SubController(  945): [getPhoneId]- no sims, returning default phoneId=0
D/GsmDCT  (  945): [0]setupDataForSinglePdn: reason = radioTurnedOff isDisconnected = true
D/GsmDCT  (  945): [0]isOnlySingleDcAllowed(0): false
D/GsmDCT  (  945): [0]cleanUpConnection: X tearDown=false reason=radioTurnedOff apnContext={mApnType=default mState=IDLE mWaitingApns={null} mWaitingApnsPermanentFailureCountDown=0 mApnSetting={null} mReason=radioTurnedOff mDataEnabled=false mDependencyMet=true} dcac=null
D/GsmDCT  (  945): [0]cleanUpConnection: E tearDown=false reason=radioTurnedOff apnContext={mApnType=mms mState=IDLE mWaitingApns={null} mWaitingApnsPermanentFailureCountDown=0 mApnSetting={null} mReason=radioTurnedOff mDataEnabled=false mDependencyMet=true}
D/GSMPhone(  945): getDataConnectionState: Data is Out of Service. ret = DISCONNECTED
D/SubController(  945): [getSubId]- size == 0, return dummy instead
D/GsmDCT  (  945): [0]isDataAllowed: not allowed due to - Attached= false - SIM not loaded and not NV subscription
D/GsmDCT  (  945): [ApnContext:mms] getApnSetting: apnSetting=null
D/SubController(  945): [getPhoneId]- no sims, returning default phoneId=0
D/GsmDCT  (  945): [0]setupDataForSinglePdn: reason = radioTurnedOff isDisconnected = true
D/GsmDCT  (  945): [0]isOnlySingleDcAllowed(0): false
D/GsmDCT  (  945): [0]cleanUpConnection: X tearDown=false reason=radioTurnedOff apnContext={mApnType=mms mState=IDLE mWaitingApns={null} mWaitingApnsPermanentFailureCountDown=0 mApnSetting={null} mReason=radioTurnedOff mDataEnabled=false mDependencyMet=true} dcac=null
D/GsmDCT  (  945): [0]cleanUpConnection: E tearDown=false reason=radioTurnedOff apnContext={mApnType=supl mState=IDLE mWaitingApns={null} mWaitingApnsPermanentFailureCountDown=0 mApnSetting={null} mReason=radioTurnedOff mDataEnabled=false mDependencyMet=true}
D/GSMPhone(  945): getDataConnectionState: Data is Out of Service. ret = DISCONNECTED
D/SubController(  945): [getSubId]- size == 0, return dummy instead
D/GsmDCT  (  945): [0]isDataAllowed: not allowed due to - Attached= false - SIM not loaded and not NV subscription
D/GsmDCT  (  945): [ApnContext:supl] getApnSetting: apnSetting=null
D/SubController(  945): [getPhoneId]- no sims, returning default phoneId=0
D/GsmDCT  (  945): [0]setupDataForSinglePdn: reason = radioTurnedOff isDisconnected = true
D/GsmDCT  (  945): [0]isOnlySingleDcAllowed(0): false
D/GsmDCT  (  945): [0]cleanUpConnection: X tearDown=false reason=radioTurnedOff apnContext={mApnType=supl mState=IDLE mWaitingApns={null} mWaitingApnsPermanentFailureCountDown=0 mApnSetting={null} mReason=radioTurnedOff mDataEnabled=false mDependencyMet=true} dcac=null
D/GsmDCT  (  945): [0]cleanUpConnection: E tearDown=false reason=radioTurnedOff apnContext={mApnType=dun mState=IDLE mWaitingApns={null} mWaitingApnsPermanentFailureCountDown=0 mApnSetting={null} mReason=radioTurnedOff mDataEnabled=false mDependencyMet=true}
D/GSMPhone(  945): getDataConnectionState: Data is Out of Service. ret = DISCONNECTED
D/SubController(  945): [getSubId]- size == 0, return dummy instead
D/GsmDCT  (  945): [0]isDataAllowed: not allowed due to - Attached= false - SIM not loaded and not NV subscription
D/GsmDCT  (  945): [ApnContext:dun] getApnSetting: apnSetting=null
D/SubController(  945): [getPhoneId]- no sims, returning default phoneId=0
D/GsmDCT  (  945): [0]setupDataForSinglePdn: reason = radioTurnedOff isDisconnected = true
D/GsmDCT  (  945): [0]isOnlySingleDcAllowed(0): false
D/GsmDCT  (  945): [0]cleanUpConnection: X tearDown=false reason=radioTurnedOff apnContext={mApnType=dun mState=IDLE mWaitingApns={null} mWaitingApnsPermanentFailureCountDown=0 mApnSetting={null} mReason=radioTurnedOff mDataEnabled=false mDependencyMet=true} dcac=null
D/GsmDCT  (  945): [0]cleanUpConnection: E tearDown=false reason=radioTurnedOff apnContext={mApnType=hipri mState=IDLE mWaitingApns={null} mWaitingApnsPermanentFailureCountDown=0 mApnSetting={null} mReason=radioTurnedOff mDataEnabled=false mDependencyMet=true}
D/GSMPhone(  945): getDataConnectionState: Data is Out of Service. ret = DISCONNECTED
D/SubController(  945): [getSubId]- size == 0, return dummy instead
D/GsmDCT  (  945): [0]isDataAllowed: not allowed due to - Attached= false - SIM not loaded and not NV subscription
D/GsmDCT  (  945): [ApnContext:hipri] getApnSetting: apnSetting=null
D/SubController(  945): [getPhoneId]- no sims, returning default phoneId=0
D/GsmDCT  (  945): [0]setupDataForSinglePdn: reason = radioTurnedOff isDisconnected = true
D/GsmDCT  (  945): [0]isOnlySingleDcAllowed(0): false
D/GsmDCT  (  945): [0]cleanUpConnection: X tearDown=false reason=radioTurnedOff apnContext={mApnType=hipri mState=IDLE mWaitingApns={null} mWaitingApnsPermanentFailureCountDown=0 mApnSetting={null} mReason=radioTurnedOff mDataEnabled=false mDependencyMet=true} dcac=null
D/GsmDCT  (  945): [0]stopNetStatPoll
D/GsmDCT  (  945): [0]stopDataStallAlarm: current tag=65585 mDataStallAlarmIntent=null
D/GsmDCT  (  945): [0]cleanUpConnection: mDisconnectPendingCount = 0
D/SubController(  945): [getSubId]- size == 0, return dummy instead
D/GsmDCT  (  945): [0]isDataAllowed: not allowed due to - Attached= false - SIM not loaded and not NV subscription
D/GsmDCT  (  945): [ApnContext:default] getApnSetting: apnSetting=null
D/SubController(  945): [getPhoneId]- no sims, returning default phoneId=0
D/SubController(  945): [getSubId]- size == 0, return dummy instead
D/GsmDCT  (  945): [0]isDataAllowed: not allowed due to - Attached= false - SIM not loaded and not NV subscription
D/GsmDCT  (  945): [ApnContext:mms] getApnSetting: apnSetting=null
D/SubController(  945): [getPhoneId]- no sims, returning default phoneId=0
D/SubController(  945): [getSubId]- size == 0, return dummy instead
D/GsmDCT  (  945): [0]isDataAllowed: not allowed due to - Attached= false - SIM not loaded and not NV subscription
D/GsmDCT  (  945): [ApnContext:supl] getApnSetting: apnSetting=null
D/SubController(  945): [getPhoneId]- no sims, returning default phoneId=0
D/SubController(  945): [getSubId]- size == 0, return dummy instead
D/GsmDCT  (  945): [0]isDataAllowed: not allowed due to - Attached= false - SIM not loaded and not NV subscription
D/GsmDCT  (  945): [ApnContext:dun] getApnSetting: apnSetting=null
D/SubController(  945): [getPhoneId]- no sims, returning default phoneId=0
D/SubController(  945): [getSubId]- size == 0, return dummy instead
D/GsmDCT  (  945): [0]isDataAllowed: not allowed due to - Attached= false - SIM not loaded and not NV subscription
D/GsmDCT  (  945): [ApnContext:hipri] getApnSetting: apnSetting=null
D/SubController(  945): [getPhoneId]- no sims, returning default phoneId=0
D/DctController(  945): [DctController] EVENT_PHONE1_RADIO_OFF.
E/RIL_ImsSms(  945): IMS State query failed with exp com.android.internal.telephony.CommandException: RADIO_NOT_AVAILABLE
D/CdmaSSM (  945): CDMA_SUBSCRIPTION_SOURCE event = 2
W/CdmaSSM (  945): Unable to get CDMA Subscription Source, Exception: com.android.internal.telephony.CommandException: RADIO_NOT_AVAILABLE, result: null
D/UiccController(  945): Received EVENT_GET_ICC_STATUS_DONE
E/UiccController(  945): Error getting ICC status. RIL_REQUEST_GET_ICC_STATUS should never return an error
E/UiccController(  945): com.android.internal.telephony.CommandException: RADIO_NOT_AVAILABLE
E/UiccController(  945): 	at com.android.internal.telephony.RILRequest.onError(RIL.java:207)
E/UiccController(  945): 	at com.android.internal.telephony.RIL.clearRequestList(RIL.java:2638)
E/UiccController(  945): 	at com.android.internal.telephony.RIL$RILReceiver.run(RIL.java:627)
E/UiccController(  945): 	at java.lang.Thread.run(Thread.java:818)
D/DctController(  945): [DctController] DataStateReceiver: ignore invalid subId=-1 phoneId = 0
D/GsmDCT  (  945): [0]handleMessage msg={ when=-134ms what=270377 obj=android.os.AsyncResult@3558eeee target=com.android.internal.telephony.dataconnection.DcTracker }
D/GsmDCT  (  945): [0]onUpdateIcc: newIccRecords null
D/SimPhoneBookIM(  945): [SimPbInterfaceManager] Card update received: null
D/SimPhoneBookIM(  945): [SimPbInterfaceManager] Card is null. Cleanup
D/GsmDCT  (  945): [0]handleMessage msg={ when=-134ms what=270369 obj=android.os.AsyncResult@9be6f8f target=com.android.internal.telephony.dataconnection.DcTracker }
D/GsmDCT  (  945): [0]onUpdateIcc: newIccRecords null
D/SubController(  945): [getSubId]- size == 0, return dummy instead
D/GsmSMSDispatcher(  945): GsmSMSDispatcher: subId = -1 slotId = 0
D/SUB     (  945): [SubInfoRecordUpdater]updateIccAvailability: Enter, slotId 0
D/SUB     (  945): [SubInfoRecordUpdater]Slot[0]: New Card State = CARDSTATE_ABSENT Old Card State = CARDSTATE_ABSENT
D/SUB     (  945): [SubInfoRecordUpdater]All IccIds query complete
D/RILD    ( 1848): **RIL Daemon Started**
D/RILD    ( 1848): **RILd param count=1**
D/RILD    ( 1848): RIL_Init argc = 5 clientId = 0
E/use-Rlog/RLOG-RIL( 1848): checkSilentReset()
E/use-Rlog/RLOG-RIL( 1848): checkSilentReset() silent=0
E/use-Rlog/RLOG-RIL( 1848): loadOpnameStaticTable(): count(996)
E/use-Rlog/RLOG-RIL( 1848): deactivate_virtual_inet()
E/use-Rlog/RLOG-RIL( 1848): cid:1 interface:pdp0
E/use-Rlog/RLOG-RIL( 1848): down_network_interface(): failed to down interface pdp0 (errno: 19)
E/use-Rlog/RLOG-RIL( 1848): Net intf down result: -1
E/use-Rlog/RLOG-RIL( 1848): deactivate_virtual_inet()
E/use-Rlog/RLOG-RIL( 1848): cid:2 interface:pdp1
E/use-Rlog/RLOG-RIL( 1848): down_network_interface(): failed to down interface pdp1 (errno: 19)
E/use-Rlog/RLOG-RIL( 1848): Net intf down result: -1
E/use-Rlog/RLOG-RIL( 1848): deactivate_virtual_inet()
E/use-Rlog/RLOG-RIL( 1848): cid:3 interface:pdp2
E/use-Rlog/RLOG-RIL( 1848): down_network_interface(): failed to down interface pdp2 (errno: 19)
E/use-Rlog/RLOG-RIL( 1848): Net intf down result: -1
E/use-Rlog/RLOG-RIL( 1848): OemInitGps
E/use-Rlog/RLOG-RIL( 1848): [*] RIL initialized: TID(1848)
E/use-Rlog/RLOG-RIL( 1848): /system/csc/sales_code.dat ==> cannot open file
E/use-Rlog/RLOG-RIL( 1848): RIL features: 0x1
I/use-Rlog/RLOG-RIL( 1848): Opening tty device /dev/smd0
D/RILD    ( 1848): RIL_Init rilInit completed
E/RILD    ( 1848): ============= Retrying RIL_Init without a client id. This is only required for very old versions,
E/RILD    ( 1848): ============= and you're likely to have more radio breakage elsewhere!
E/use-Rlog/RLOG-RIL( 1848): checkSilentReset()
E/use-Rlog/RLOG-RIL( 1848): checkSilentReset() silent=0
E/use-Rlog/RLOG-RIL( 1848): deactivate_virtual_inet()
E/use-Rlog/RLOG-RIL( 1848): cid:1 interface:pdp0
E/use-Rlog/RLOG-RIL( 1848): down_network_interface(): failed to down interface pdp0 (errno: 19)
E/use-Rlog/RLOG-RIL( 1848): Net intf down result: -1
E/use-Rlog/RLOG-RIL( 1848): deactivate_virtual_inet()
E/use-Rlog/RLOG-RIL( 1848): cid:2 interface:pdp1
E/use-Rlog/RLOG-RIL( 1848): down_network_interface(): failed to down interface pdp1 (errno: 19)
E/use-Rlog/RLOG-RIL( 1848): Net intf down result: -1
E/use-Rlog/RLOG-RIL( 1848): deactivate_virtual_inet()
E/use-Rlog/RLOG-RIL( 1848): cid:3 interface:pdp2
E/use-Rlog/RLOG-RIL( 1848): down_network_interface(): failed to down interface pdp2 (errno: 19)
E/use-Rlog/RLOG-RIL( 1848): Net intf down result: -1
E/use-Rlog/RLOG-RIL( 1848): OemInitGps
E/use-Rlog/RLOG-RIL( 1848): [*] RIL initialized: TID(1848)
E/use-Rlog/RLOG-RIL( 1848): /system/csc/sales_code.dat ==> cannot open file
E/use-Rlog/RLOG-RIL( 1848): RIL features: 0x1
E/use-Rlog/RLOG-RIL( 1848): ipc_debug_init:
E/use-Rlog/RLOG-RIL( 1848): ipc_debug_open_listen_sk:
E/use-Rlog/RLOG-RIL( 1848): IPC debug port opened.
E/use-Rlog/RLOG-RIL( 1848): StartMulticlient:
E/use-Rlog/RLOG-RIL( 1848): StartMulticlient() START
E/use-Rlog/RLOG-RIL( 1848): StartMulticlient() fd=12 END
E/use-Rlog/RLOG-RIL( 1848): [*] BuildupReqHandlerHash()
E/use-Rlog/RLOG-RIL( 1848): ----------------------
E/use-Rlog/RLOG-RIL( 1848): [REQ FUNC TBL]
E/use-Rlog/RLOG-RIL( 1848): ----------------------
E/use-Rlog/RLOG-RIL( 1848): (0) 0x407f1671
E/use-Rlog/RLOG-RIL( 1848): (1) 0x407f09f9
E/use-Rlog/RLOG-RIL( 1848): (2) 0x407f0835
E/use-Rlog/RLOG-RIL( 1848): (3) 0x407f06e5
E/use-Rlog/RLOG-RIL( 1848): (4) 0x407f0581
E/use-Rlog/RLOG-RIL( 1848): (5) 0x407f14ad
E/use-Rlog/RLOG-RIL( 1848): (6) 0x407f1349
E/use-Rlog/RLOG-RIL( 1848): (7) 0x407f0271
E/use-Rlog/RLOG-RIL( 1848): (8) 0x407efe49
E/use-Rlog/RLOG-RIL( 1848): (9) 0x407f110d
E/use-Rlog/RLOG-RIL( 1848): (10) 0x407f0ba9
E/use-Rlog/RLOG-RIL( 1848): (11) 0x407effad
E/use-Rlog/RLOG-RIL( 1848): (12) 0x40813cf1
E/use-Rlog/RLOG-RIL( 1848): (13) 0x40813bf1
E/use-Rlog/RLOG-RIL( 1848): (14) 0x408139c1
E/use-Rlog/RLOG-RIL( 1848): (15) 0x40813919
E/use-Rlog/RLOG-RIL( 1848): (16) 0x40813709
E/use-Rlog/RLOG-RIL( 1848): (17) 0x40813651
E/use-Rlog/RLOG-RIL( 1848): (18) 0x408137c1
E/use-Rlog/RLOG-RIL( 1848): (19) 0x4081354d
E/use-Rlog/RLOG-RIL( 1848): (20) 0x40813451
E/use-Rlog/RLOG-RIL( 1848): (21) 0x40813405
E/use-Rlog/RLOG-RIL( 1848): (22) 0x407edd75
E/use-Rlog/RLOG-RIL( 1848): (23) 0x407ec74d
E/use-Rlog/RLOG-RIL( 1848): (24) 0x407ef0b9
E/use-Rlog/RLOG-RIL( 1848): (25) 0x407eef7d
E/use-Rlog/RLOG-RIL( 1848): (26) 0x407eea15
E/use-Rlog/RLOG-RIL( 1848): (27) 0x407eeba9
E/use-Rlog/RLOG-RIL( 1848): (28) 0x407ee079
E/use-Rlog/RLOG-RIL( 1848): (29) 0x407eec71
E/use-Rlog/RLOG-RIL( 1848): (30) 0x407ee201
E/use-Rlog/RLOG-RIL( 1848): (31) 0x407ee1c9
E/use-Rlog/RLOG-RIL( 1848): (32) 0x407ee8b5
E/use-Rlog/RLOG-RIL( 1848): (33) 0x407ee769
E/use-Rlog/RLOG-RIL( 1848): (34) 0x407ee659
E/use-Rlog/RLOG-RIL( 1848): (35) 0x407ee659
E/use-Rlog/RLOG-RIL( 1848): (36) 0x407ee335
E/use-Rlog/RLOG-RIL( 1848): (37) 0x407ee431
E/use-Rlog/RLOG-RIL( 1848): (38) 0x407ee529
E/use-Rlog/RLOG-RIL( 1848): (39) 0x407ee239
E/use-Rlog/RLOG-RIL( 1848): (40) 0x407eed3d
E/use-Rlog/RLOG-RIL( 1848): (41) 0x407edfed
E/use-Rlog/RLOG-RIL( 1848): (42) 0x407edf61
E/use-Rlog/RLOG-RIL( 1848): (43) 0x407f4241
E/use-Rlog/RLOG-RIL( 1848): (44) 0x407f39d5
E/use-Rlog/RLOG-RIL( 1848): (45) 0x407f41c1
E/use-Rlog/RLOG-RIL( 1848): (46) 0x407f404d
E/use-Rlog/RLOG-RIL( 1848): (47) 0x407f385d
E/use-Rlog/RLOG-RIL( 1848): (48) 0x407f3d05
E/use-Rlog/RLOG-RIL( 1848): (49) 0x407f3bb1
E/use-Rlog/RLOG-RIL( 1848): (50) 0x407f3f5d
E/use-Rlog/RLOG-RIL( 1848): (51) 0x407f3e35
E/use-Rlog/RLOG-RIL( 1848): (52) 0x407f4115
E/use-Rlog/RLOG-RIL( 1848): (53) 0x407ec74d
E/use-Rlog/RLOG-RIL( 1848): (54) 0x407f3a7d
E/use-Rlog/RLOG-RIL( 1848): (55) 0x407f38a9
E/use-Rlog/RLOG-RIL( 1848): (56) 0x407ec74d
E/use-Rlog/RLOG-RIL( 1848): (57) 0x407ec74d
E/use-Rlog/RLOG-RIL( 1848): (58) 0x407f33d5
E/use-Rlog/RLOG-RIL( 1848): (59) 0x407f3349
E/use-Rlog/RLOG-RIL( 1848): (60) 0x407f32bd
