D/RILD    (  168): **RIL Daemon Started**
D/RILD    (  168): **RILd param count=1**
D/RILD    (  168): RIL_Init argc = 5 clientId = 0
E/use-Rlog/RLOG-RIL(  168): checkSilentReset()
E/use-Rlog/RLOG-RIL(  168): checkSilentReset() silent=0
E/use-Rlog/RLOG-RIL(  168): loadOpnameStaticTable(): count(996)
E/use-Rlog/RLOG-RIL(  168): deactivate_virtual_inet()
E/use-Rlog/RLOG-RIL(  168): cid:1 interface:pdp0
E/use-Rlog/RLOG-RIL(  168): down_network_interface(): failed to down interface pdp0 (errno: 19)
E/use-Rlog/RLOG-RIL(  168): Net intf down result: -1
E/use-Rlog/RLOG-RIL(  168): deactivate_virtual_inet()
E/use-Rlog/RLOG-RIL(  168): cid:2 interface:pdp1
E/use-Rlog/RLOG-RIL(  168): down_network_interface(): failed to down interface pdp1 (errno: 19)
E/use-Rlog/RLOG-RIL(  168): Net intf down result: -1
E/use-Rlog/RLOG-RIL(  168): deactivate_virtual_inet()
E/use-Rlog/RLOG-RIL(  168): cid:3 interface:pdp2
E/use-Rlog/RLOG-RIL(  168): down_network_interface(): failed to down interface pdp2 (errno: 19)
E/use-Rlog/RLOG-RIL(  168): Net intf down result: -1
E/use-Rlog/RLOG-RIL(  168): OemInitGps
E/use-Rlog/RLOG-RIL(  168): [*] RIL initialized: TID(168)
E/use-Rlog/RLOG-RIL(  168): /system/csc/sales_code.dat ==> cannot open file
E/use-Rlog/RLOG-RIL(  168): RIL features: 0x1
I/use-Rlog/RLOG-RIL(  168): Opening tty device /dev/smd0
D/RILD    (  168): RIL_Init rilInit completed
E/RILD    (  168): ============= Retrying RIL_Init without a client id. This is only required for very old versions,
E/RILD    (  168): ============= and you're likely to have more radio breakage elsewhere!
E/use-Rlog/RLOG-RIL(  168): checkSilentReset()
E/use-Rlog/RLOG-RIL(  168): checkSilentReset() silent=0
E/use-Rlog/RLOG-RIL(  168): deactivate_virtual_inet()
E/use-Rlog/RLOG-RIL(  168): cid:1 interface:pdp0
E/use-Rlog/RLOG-RIL(  168): down_network_interface(): failed to down interface pdp0 (errno: 19)
E/use-Rlog/RLOG-RIL(  168): Net intf down result: -1
E/use-Rlog/RLOG-RIL(  168): deactivate_virtual_inet()
E/use-Rlog/RLOG-RIL(  168): cid:2 interface:pdp1
E/use-Rlog/RLOG-RIL(  168): down_network_interface(): failed to down interface pdp1 (errno: 19)
E/use-Rlog/RLOG-RIL(  168): Net intf down result: -1
E/use-Rlog/RLOG-RIL(  168): deactivate_virtual_inet()
E/use-Rlog/RLOG-RIL(  168): cid:3 interface:pdp2
E/use-Rlog/RLOG-RIL(  168): down_network_interface(): failed to down interface pdp2 (errno: 19)
E/use-Rlog/RLOG-RIL(  168): Net intf down result: -1
E/use-Rlog/RLOG-RIL(  168): OemInitGps
E/use-Rlog/RLOG-RIL(  168): [*] RIL initialized: TID(168)
E/use-Rlog/RLOG-RIL(  168): /system/csc/sales_code.dat ==> cannot open file
E/use-Rlog/RLOG-RIL(  168): RIL features: 0x1
E/use-Rlog/RLOG-RIL(  168): ipc_debug_init:
E/use-Rlog/RLOG-RIL(  168): ipc_debug_open_listen_sk:
E/use-Rlog/RLOG-RIL(  168): IPC debug port opened.
E/use-Rlog/RLOG-RIL(  168): StartMulticlient:
E/use-Rlog/RLOG-RIL(  168): StartMulticlient() START
E/use-Rlog/RLOG-RIL(  168): StartMulticlient() fd=12 END
E/use-Rlog/RLOG-RIL(  168): [*] BuildupReqHandlerHash()
E/use-Rlog/RLOG-RIL(  168): ----------------------
E/use-Rlog/RLOG-RIL(  168): [REQ FUNC TBL]
E/use-Rlog/RLOG-RIL(  168): ----------------------
E/use-Rlog/RLOG-RIL(  168): (0) 0x4050e671
E/use-Rlog/RLOG-RIL(  168): (1) 0x4050d9f9
E/use-Rlog/RLOG-RIL(  168): (2) 0x4050d835
E/use-Rlog/RLOG-RIL(  168): (3) 0x4050d6e5
E/use-Rlog/RLOG-RIL(  168): (4) 0x4050d581
E/use-Rlog/RLOG-RIL(  168): (5) 0x4050e4ad
E/use-Rlog/RLOG-RIL(  168): (6) 0x4050e349
E/use-Rlog/RLOG-RIL(  168): (7) 0x4050d271
E/use-Rlog/RLOG-RIL(  168): (8) 0x4050ce49
E/use-Rlog/RLOG-RIL(  168): (9) 0x4050e10d
E/use-Rlog/RLOG-RIL(  168): (10) 0x4050dba9
E/use-Rlog/RLOG-RIL(  168): (11) 0x4050cfad
E/use-Rlog/RLOG-RIL(  168): (12) 0x40530cf1
E/use-Rlog/RLOG-RIL(  168): (13) 0x40530bf1
E/use-Rlog/RLOG-RIL(  168): (14) 0x405309c1
E/use-Rlog/RLOG-RIL(  168): (15) 0x40530919
E/use-Rlog/RLOG-RIL(  168): (16) 0x40530709
E/use-Rlog/RLOG-RIL(  168): (17) 0x40530651
E/use-Rlog/RLOG-RIL(  168): (18) 0x405307c1
E/use-Rlog/RLOG-RIL(  168): (19) 0x4053054d
E/use-Rlog/RLOG-RIL(  168): (20) 0x40530451
E/use-Rlog/RLOG-RIL(  168): (21) 0x40530405
E/use-Rlog/RLOG-RIL(  168): (22) 0x4050ad75
E/use-Rlog/RLOG-RIL(  168): (23) 0x4050974d
E/use-Rlog/RLOG-RIL(  168): (24) 0x4050c0b9
E/use-Rlog/RLOG-RIL(  168): (25) 0x4050bf7d
E/use-Rlog/RLOG-RIL(  168): (26) 0x4050ba15
E/use-Rlog/RLOG-RIL(  168): (27) 0x4050bba9
E/use-Rlog/RLOG-RIL(  168): (28) 0x4050b079
E/use-Rlog/RLOG-RIL(  168): (29) 0x4050bc71
E/use-Rlog/RLOG-RIL(  168): (30) 0x4050b201
E/use-Rlog/RLOG-RIL(  168): (31) 0x4050b1c9
E/use-Rlog/RLOG-RIL(  168): (32) 0x4050b8b5
E/use-Rlog/RLOG-RIL(  168): (33) 0x4050b769
E/use-Rlog/RLOG-RIL(  168): (34) 0x4050b659
E/use-Rlog/RLOG-RIL(  168): (35) 0x4050b659
E/use-Rlog/RLOG-RIL(  168): (36) 0x4050b335
E/use-Rlog/RLOG-RIL(  168): (37) 0x4050b431
E/use-Rlog/RLOG-RIL(  168): (38) 0x4050b529
E/use-Rlog/RLOG-RIL(  168): (39) 0x4050b239
E/use-Rlog/RLOG-RIL(  168): (40) 0x4050bd3d
E/use-Rlog/RLOG-RIL(  168): (41) 0x4050afed
E/use-Rlog/RLOG-RIL(  168): (42) 0x4050af61
E/use-Rlog/RLOG-RIL(  168): (43) 0x40511241
E/use-Rlog/RLOG-RIL(  168): (44) 0x405109d5
E/use-Rlog/RLOG-RIL(  168): (45) 0x405111c1
E/use-Rlog/RLOG-RIL(  168): (46) 0x4051104d
E/use-Rlog/RLOG-RIL(  168): (47) 0x4051085d
E/use-Rlog/RLOG-RIL(  168): (48) 0x40510d05
E/use-Rlog/RLOG-RIL(  168): (49) 0x40510bb1
E/use-Rlog/RLOG-RIL(  168): (50) 0x40510f5d
E/use-Rlog/RLOG-RIL(  168): (51) 0x40510e35
E/use-Rlog/RLOG-RIL(  168): (52) 0x40511115
E/use-Rlog/RLOG-RIL(  168): (53) 0x4050974d
E/use-Rlog/RLOG-RIL(  168): (54) 0x40510a7d
E/use-Rlog/RLOG-RIL(  168): (55) 0x405108a9
E/use-Rlog/RLOG-RIL(  168): (56) 0x4050974d
E/use-Rlog/RLOG-RIL(  168): (57) 0x4050974d
E/use-Rlog/RLOG-RIL(  168): (58) 0x405103d5
E/use-Rlog/RLOG-RIL(  168): (59) 0x40510349
E/use-Rlog/RLOG-RIL(  168): (60) 0x405102bd
E/use-Rlog/RLOG-RIL(  168): (61) 0x40510231
E/use-Rlog/RLOG-RIL(  168): (62) 0x40510065
E/use-Rlog/RLOG-RIL(  168): (63) 0x4050974d
E/use-Rlog/RLOG-RIL(  168): (64) 0x40510185
E/use-Rlog/RLOG-RIL(  168): (65) 0x405100f5
E/use-Rlog/RLOG-RIL(  168): (66) 0x4050974d
E/use-Rlog/RLOG-RIL(  168): (67) 0x4050974d
E/use-Rlog/RLOG-RIL(  168): (68) 0x40510465
E/use-Rlog/RLOG-RIL(  168): (69) 0x405106b9
E/use-Rlog/RLOG-RIL(  168): (70) 0x405104f5
E/use-Rlog/RLOG-RIL(  168): (71) 0x40510741
E/use-Rlog/RLOG-RIL(  168): (72) 0x40513ca9
E/use-Rlog/RLOG-RIL(  168): (73) 0x40513be9
E/use-Rlog/RLOG-RIL(  168): (74) 0x40513c75
E/use-Rlog/RLOG-RIL(  168): (75) 0x40513bb5
E/use-Rlog/RLOG-RIL(  168): (76) 0x4050fb59
E/use-Rlog/RLOG-RIL(  168): (77) 0x4050e7e9
E/use-Rlog/RLOG-RIL(  168): (78) 0x4050f10d
E/use-Rlog/RLOG-RIL(  168): (79) 0x4050f40d
E/use-Rlog/RLOG-RIL(  168): (80) 0x4050f321
E/use-Rlog/RLOG-RIL(  168): (81) 0x4050f215
E/use-Rlog/RLOG-RIL(  168): (82) 0x4050e821
E/use-Rlog/RLOG-RIL(  168): (83) 0x4050efd5
E/use-Rlog/RLOG-RIL(  168): (84) 0x4050e9fd
E/use-Rlog/RLOG-RIL(  168): (85) 0x4050edbd
E/use-Rlog/RLOG-RIL(  168): (86) 0x4050eaa5
E/use-Rlog/RLOG-RIL(  168): (87) 0x4050f759
E/use-Rlog/RLOG-RIL(  168): (88) 0x4050ef29
E/use-Rlog/RLOG-RIL(  168): (89) 0x40512d81
E/use-Rlog/RLOG-RIL(  168): (90) 0x40512a29
E/use-Rlog/RLOG-RIL(  168): (91) 0x40511509
E/use-Rlog/RLOG-RIL(  168): (92) 0x40512709
E/use-Rlog/RLOG-RIL(  168): (93) 0x40512625
E/use-Rlog/RLOG-RIL(  168): (94) 0x40512541
E/use-Rlog/RLOG-RIL(  168): (95) 0x40512471
E/use-Rlog/RLOG-RIL(  168): (96) 0x405128c1
E/use-Rlog/RLOG-RIL(  168): (97) 0x4050974d
E/use-Rlog/RLOG-RIL(  168): (98) 0x405115f9
E/use-Rlog/RLOG-RIL(  168): (99) 0x4050974d
E/use-Rlog/RLOG-RIL(  168): (100) 0x4050974d
E/use-Rlog/RLOG-RIL(  168): (101) 0x4050be71
E/use-Rlog/RLOG-RIL(  168): (102) 0x4050974d
E/use-Rlog/RLOG-RIL(  168): (103) 0x4050974d
E/use-Rlog/RLOG-RIL(  168): (104) 0x4050974d
E/use-Rlog/RLOG-RIL(  168): (105) 0x4050974d
E/use-Rlog/RLOG-RIL(  168): ----------------------
E/use-Rlog/RLOG-RIL(  168): startUeventSocket() START
E/use-Rlog/RLOG-RIL(  168): Transport file name: /dev/dpram0
E/use-Rlog/RLOG-RIL(  168): Transport file: /dev/dpram0(14)
E/use-Rlog/RLOG-RIL(  168): Transport file err: /dev/dpramerr(15)
E/use-Rlog/RLOG-RIL(  168): isRildReset : 
I/RILC    (  168): SIM_COUNT: 1
E/RILC    (  168): RIL_register: RIL version 3
I/RILC    (  168): s_registerCalled flag set, 1
I/RILC    (  168): Start to listen RIL_SOCKET_1
D/RILD    (  168): RIL_Init RIL_register completed
D/RILD    (  168): RIL_Init starting sleep loop
E/use-Rlog/RLOG-RIL(  168): [TID] MulticlientLoop(219)
E/use-Rlog/RLOG-RIL(  168): MulticlientLoop start...
E/use-Rlog/RLOG-RIL(  168): set_multiclient_max_fd:
E/use-Rlog/RLOG-RIL(  168): set_multiclient_max_fd: maxfd=12
E/use-Rlog/RLOG-RIL(  168): set_multiclient_fd_set:
E/use-Rlog/RLOG-RIL(  168): [TID] ReaderLoop(220)
E/use-Rlog/RLOG-RIL(  168): ReaderLoop start...
E/use-Rlog/RLOG-RIL(  168): [*] RilProcessorLoop start: TID(221)
E/use-Rlog/RLOG-RIL(  168): initializeCallback()
E/use-Rlog/RLOG-RIL(  168): isRildSlient : 
E/use-Rlog/RLOG-RIL(  168): processLine():
E/use-Rlog/RLOG-RIL(  168): processLine: got a single frame.
E/use-Rlog/RLOG-RIL(  168): ipc_debug_send_ipc: timestamp 1424081134596283
E/use-Rlog/RLOG-RIL(  168): processLine():
E/use-Rlog/RLOG-RIL(  168): processLine: got a single frame.
E/use-Rlog/RLOG-RIL(  168): ipc_debug_send_ipc: timestamp 1424081134596375
E/use-Rlog/RLOG-RIL(  168): processLine():
E/use-Rlog/RLOG-RIL(  168): processLine: got a single frame.
E/use-Rlog/RLOG-RIL(  168): ipc_debug_send_ipc: timestamp 1424081134596436
E/use-Rlog/RLOG-RIL(  168): processLine():
E/use-Rlog/RLOG-RIL(  168): processLine: got a single frame.
E/use-Rlog/RLOG-RIL(  168): ipc_debug_send_ipc: timestamp 1424081134596497
E/use-Rlog/RLOG-RIL(  168): processLine():
E/use-Rlog/RLOG-RIL(  168): processLine: got a single frame.
E/use-Rlog/RLOG-RIL(  168): ipc_debug_send_ipc: timestamp 1424081134596558
E/use-Rlog/RLOG-RIL(  168): processLine():
E/use-Rlog/RLOG-RIL(  168): processLine: got a single frame.
E/use-Rlog/RLOG-RIL(  168): ipc_debug_send_ipc: timestamp 1424081134596619
E/use-Rlog/RLOG-RIL(  168): [EVT]:Req(0), RX(6)
E/use-Rlog/RLOG-RIL(  168): RX: Time: 2446959620 / 6476
E/use-Rlog/RLOG-RIL(  168): RX: (M)IPC_PWR_CMD  (S)IPC_PWR_PHONE_PWR_UP  (T)IPC_CMD_NOTI  len:7 mseq:0 aseq:ff
E/use-Rlog/RLOG-RIL(  168): ipc_recv_power()
E/use-Rlog/RLOG-RIL(  168): RxPWR_PowerCompletedNotify
E/use-Rlog/RLOG-RIL(  168): currentState(): state(0)
I/RILC    (  168): RIL_SOCKET_1 UNSOLICITED: UNSOL_RESPONSE_RADIO_STATE_CHANGED length:12
E/RILC    (  168): Send Response to RIL_SOCKET_1
E/use-Rlog/RLOG-RIL(  168): RIL_onMultiClientUnsolicitedResponse:
E/use-Rlog/RLOG-RIL(  168): unsupported multiclient unsolicited response code 1000
I/use-Rlog/RLOG-RIL(  168): setRadioState: sState 0, s_closed 0
E/use-Rlog/RLOG-RIL(  168): [EVT]:Req(0), RX(5)
E/use-Rlog/RLOG-RIL(  168): RX: Time: 2446959621 / 6476
E/use-Rlog/RLOG-RIL(  168): RX: (M)IPC_SEC_CMD  (S)IPC_SEC_SIM_ICC_TYPE  (T)IPC_CMD_NOTI  len:8 mseq:0 aseq:ff
E/use-Rlog/RLOG-RIL(  168): RX: ---- DATA BEGIN ----
E/use-Rlog/RLOG-RIL(  168): RX: 02 
E/use-Rlog/RLOG-RIL(  168): RX: ---- DATA  END ----
E/use-Rlog/RLOG-RIL(  168): ipc_recv_security()
E/use-Rlog/RLOG-RIL(  168): RxSEC_ResSimCardType
E/use-Rlog/RLOG-RIL(  168): [EVT]:Req(0), RX(4)
E/use-Rlog/RLOG-RIL(  168): RX: Time: 2446959623 / 6478
E/use-Rlog/RLOG-RIL(  168): RX: (M)IPC_MISC_CMD  (S)IPC_MISC_ME_IMSI  (T)IPC_CMD_NOTI  len:17 mseq:0 aseq:ff
E/use-Rlog/RLOG-RIL(  168): RX: ---- DATA BEGIN ----
E/use-Rlog/RLOG-RIL(  168): RX: 0F 33 31 30 32 36 
E/use-Rlog/RLOG-RIL(  168): RX: 30 35 33 37 36 31 
E/use-Rlog/RLOG-RIL(  168): RX: 32 38 34 30 
E/use-Rlog/RLOG-RIL(  168): RX: ---- DATA  END ----
E/use-Rlog/RLOG-RIL(  168): ipc_recv_misc
E/use-Rlog/RLOG-RIL(  168): RxMISC_ResNotiImsi()
E/use-Rlog/RLOG-RIL(  168): IMSI_FILE file open OK.
E/use-Rlog/RLOG-RIL(  168): chmod 665 /data/radio/kmem
E/use-Rlog/RLOG-RIL(  168): [EVT]:Req(0), RX(3)
E/use-Rlog/RLOG-RIL(  168): RX: Time: 2446959681 / 6536
E/use-Rlog/RLOG-RIL(  168): RX: (M)IPC_SEC_CMD  (S)IPC_SEC_PIN_STATUS  (T)IPC_CMD_NOTI  len:9 mseq:0 aseq:ff
E/use-Rlog/RLOG-RIL(  168): RX: ---- DATA BEGIN ----
E/use-Rlog/RLOG-RIL(  168): RX: 00 00 
E/use-Rlog/RLOG-RIL(  168): RX: ---- DATA  END ----
E/use-Rlog/RLOG-RIL(  168): ipc_recv_security()
E/use-Rlog/RLOG-RIL(  168): RxSEC_ResPinStatus!!!
E/use-Rlog/RLOG-RIL(  168): [EVT]:Req(0), RX(2)
E/use-Rlog/RLOG-RIL(  168): RX: Time: 2446959681 / 6536
E/use-Rlog/RLOG-RIL(  168): RX: (M)IPC_SEC_CMD  (S)IPC_SEC_PIN_STATUS  (T)IPC_CMD_NOTI  len:9 mseq:0 aseq:ff
E/use-Rlog/RLOG-RIL(  168): RX: ---- DATA BEGIN ----
E/use-Rlog/RLOG-RIL(  168): RX: 82 00 
E/use-Rlog/RLOG-RIL(  168): RX: ---- DATA  END ----
E/use-Rlog/RLOG-RIL(  168): ipc_recv_security()
E/use-Rlog/RLOG-RIL(  168): RxSEC_ResPinStatus!!!
E/use-Rlog/RLOG-RIL(  168): [EVT]:Req(0), RX(1)
E/use-Rlog/RLOG-RIL(  168): RX: Time: 2446959681 / 6536
E/use-Rlog/RLOG-RIL(  168): RX: (M)IPC_SMS_CMD  (S)IPC_SMS_DEVICE_READY  (T)IPC_CMD_NOTI  len:8 mseq:0 aseq:ff
E/use-Rlog/RLOG-RIL(  168): RX: ---- DATA BEGIN ----
E/use-Rlog/RLOG-RIL(  168): RX: 02 
E/use-Rlog/RLOG-RIL(  168): RX: ---- DATA  END ----
E/use-Rlog/RLOG-RIL(  168): ipc_recv_sms()
E/use-Rlog/RLOG-RIL(  168): RxSMS_NotiDeviceReady()
E/use-Rlog/RLOG-RIL(  168): SetGCFModeProperty()
E/use-Rlog/RLOG-RIL(  168): file not found
E/RILC    (  168): unsupported unsolicited response code 11008
E/use-Rlog/RLOG-RIL(  168): RIL_onMultiClientUnsolicitedResponse:
E/use-Rlog/RLOG-RIL(  168): processLine():
E/use-Rlog/RLOG-RIL(  168): processLine: got a single frame.
E/use-Rlog/RLOG-RIL(  168): ipc_debug_send_ipc: timestamp 1424081135104247
E/use-Rlog/RLOG-RIL(  168): [EVT]:Req(0), RX(1)
E/use-Rlog/RLOG-RIL(  168): RX: Time: 2446960128 / 6984
E/use-Rlog/RLOG-RIL(  168): RX: (M)IPC_DISP_CMD  (S)IPC_DISP_ICON_INFO  (T)IPC_CMD_NOTI  len:b mseq:0 aseq:ff
E/use-Rlog/RLOG-RIL(  168): RX: ---- DATA BEGIN ----
E/use-Rlog/RLOG-RIL(  168): RX: 01 00 06 00 
E/use-Rlog/RLOG-RIL(  168): RX: ---- DATA  END ----
E/use-Rlog/RLOG-RIL(  168): RxDis_ResIconInformation()
E/use-Rlog/RLOG-RIL(  168): RSSI Updated
I/RILC    (  168): RIL_SOCKET_1 UNSOLICITED: UNSOL_SIGNAL_STRENGTH length:60
E/RILC    (  168): Send Response to RIL_SOCKET_1
E/use-Rlog/RLOG-RIL(  168): RIL_onMultiClientUnsolicitedResponse:
E/use-Rlog/RLOG-RIL(  168): unsupported multiclient unsolicited response code 1009
D/TelephonyManager(  173): /proc/cmdline=androidboot.selinux=permissive console=null androidboot.hardware=qcom androidboot.emmc=true hw=9 lcd_hw=3
E/use-Rlog/RLOG-RIL(  168): processLine():
E/use-Rlog/RLOG-RIL(  168): processLine: got a single frame.
E/use-Rlog/RLOG-RIL(  168): ipc_debug_send_ipc: timestamp 1424081149116025
E/use-Rlog/RLOG-RIL(  168): processLine():
E/use-Rlog/RLOG-RIL(  168): processLine: got a single frame.
E/use-Rlog/RLOG-RIL(  168): ipc_debug_send_ipc: timestamp 1424081149116086
E/use-Rlog/RLOG-RIL(  168): [EVT]:Req(0), RX(2)
E/use-Rlog/RLOG-RIL(  168): RX: Time: 2446974140 / 20996
E/use-Rlog/RLOG-RIL(  168): RX: (M)IPC_NET_CMD  (S)IPC_NET_REGIST  (T)IPC_CMD_NOTI  len:12 mseq:0 aseq:ff
E/use-Rlog/RLOG-RIL(  168): RX: ---- DATA BEGIN ----
E/use-Rlog/RLOG-RIL(  168): RX: 01 02 01 FF FF FF 
E/use-Rlog/RLOG-RIL(  168): RX: 00 00 00 00 00 
E/use-Rlog/RLOG-RIL(  168): RX: ---- DATA  END ----
E/use-Rlog/RLOG-RIL(  168): ipc_recv_network()
E/use-Rlog/RLOG-RIL(  168): RxNET_ResNetworkRegistration()
E/use-Rlog/RLOG-RIL(  168): RegiStatus_Ipc2Ril()
E/use-Rlog/RLOG-RIL(  168): RxNET_ResNetworkRegistration: cs_reg_status: 0, rej_cause 0
I/RILC    (  168): RIL_SOCKET_1 UNSOLICITED: UNSOL_RESPONSE_VOICE_NETWORK_STATE_CHANGED length:8
E/RILC    (  168): Send Response to RIL_SOCKET_1
E/use-Rlog/RLOG-RIL(  168): RIL_onMultiClientUnsolicitedResponse:
E/use-Rlog/RLOG-RIL(  168): unsupported multiclient unsolicited response code 1002
E/use-Rlog/RLOG-RIL(  168): [EVT]:Req(0), RX(1)
E/use-Rlog/RLOG-RIL(  168): RX: Time: 2446974143 / 20998
E/use-Rlog/RLOG-RIL(  168): RX: (M)IPC_NET_CMD  (S)IPC_NET_REGIST  (T)IPC_CMD_NOTI  len:12 mseq:0 aseq:ff
E/use-Rlog/RLOG-RIL(  168): RX: ---- DATA BEGIN ----
E/use-Rlog/RLOG-RIL(  168): RX: 01 03 01 FF FF FF 
E/use-Rlog/RLOG-RIL(  168): RX: 00 00 00 00 00 
E/use-Rlog/RLOG-RIL(  168): RX: ---- DATA  END ----
E/use-Rlog/RLOG-RIL(  168): ipc_recv_network()
E/use-Rlog/RLOG-RIL(  168): RxNET_ResNetworkRegistration()
E/use-Rlog/RLOG-RIL(  168): RegiStatus_Ipc2Ril()
I/RILC    (  168): RIL_SOCKET_1 UNSOLICITED: UNSOL_RESPONSE_VOICE_NETWORK_STATE_CHANGED length:8
E/RILC    (  168): Send Response to RIL_SOCKET_1
E/use-Rlog/RLOG-RIL(  168): RIL_onMultiClientUnsolicitedResponse:
E/use-Rlog/RLOG-RIL(  168): unsupported multiclient unsolicited response code 1002
E/use-Rlog/RLOG-RIL(  168): processLine():
E/use-Rlog/RLOG-RIL(  168): processLine: got a single frame.
E/use-Rlog/RLOG-RIL(  168): ipc_debug_send_ipc: timestamp 1424081169301725
E/use-Rlog/RLOG-RIL(  168): [EVT]:Req(0), RX(1)
E/use-Rlog/RLOG-RIL(  168): RX: Time: 2446994325 / 41181
E/use-Rlog/RLOG-RIL(  168): RX: (M)IPC_PB_CMD  (S)IPC_PB_3GPB_CAPA  (T)IPC_CMD_NOTI  len:46 mseq:0 aseq:ff
E/use-Rlog/RLOG-RIL(  168): RX: ---- DATA BEGIN ----
E/use-Rlog/RLOG-RIL(  168): RX: 01 07 01 FC 01 1E 
E/use-Rlog/RLOG-RIL(  168): RX: 00 06 00 02 FC 01 
E/use-Rlog/RLOG-RIL(  168): RX: 28 00 06 00 03 FE 
E/use-Rlog/RLOG-RIL(  168): RX: 00 28 00 00 00 08 
E/use-Rlog/RLOG-RIL(  168): RX: FE 00 28 00 00 00 
E/use-Rlog/RLOG-RIL(  168): RX: 04 FE 00 21 00 00 
E/use-Rlog/RLOG-RIL(  168): RX: 00 06 FE 00 05 00 
E/use-Rlog/RLOG-RIL(  168): RX: 00 00 07 FC 01 02 
E/use-Rlog/RLOG-RIL(  168): RX: 00 00 00 00 00 00 
E/use-Rlog/RLOG-RIL(  168): RX: 00 00 00 00 00 00 
E/use-Rlog/RLOG-RIL(  168): RX: 00 00 00 
E/use-Rlog/RLOG-RIL(  168): RX: ---- DATA  END ----
E/use-Rlog/RLOG-RIL(  168): process_ipc_notify_message(): unknown IPC group
E/use-Rlog/RLOG-RIL(  168): processLine():
E/use-Rlog/RLOG-RIL(  168): processLine: got a single frame.
E/use-Rlog/RLOG-RIL(  168): ipc_debug_send_ipc: timestamp 1424081169363431
E/use-Rlog/RLOG-RIL(  168): [EVT]:Req(0), RX(1)
E/use-Rlog/RLOG-RIL(  168): RX: Time: 2446994387 / 41243
E/use-Rlog/RLOG-RIL(  168): RX: (M)IPC_SEC_CMD  (S)IPC_SEC_PIN_STATUS  (T)IPC_CMD_NOTI  len:9 mseq:0 aseq:ff
E/use-Rlog/RLOG-RIL(  168): RX: ---- DATA BEGIN ----
E/use-Rlog/RLOG-RIL(  168): RX: 83 00 
E/use-Rlog/RLOG-RIL(  168): RX: ---- DATA  END ----
E/use-Rlog/RLOG-RIL(  168): ipc_recv_security()
E/use-Rlog/RLOG-RIL(  168): RxSEC_ResPinStatus!!!
D/SUB     (  492): [SubManager] [getPhoneId]- fail
D/SUB     (  492): [SubManager] [getPhoneId]- fail
D/TelephonyRegistry(  492): systemRunning register for intents
D/TDC     (  953): updateOrInsert: inserting: Modem { uuid=modem, state=0, rilModel=0, rat={}, maxActiveVoiceCall=1, maxActiveDataCall=1, maxStandby=1 }
D/TDC     (  953): updateOrInsert: inserting: Sim { uuid=sim, modemUuid=modem, state=0 }
D/TelephonyManager(  953): getLteOnCdmaMode=0 curVal=-1 product_type='' lteOnCdmaProductType=''
I/PhoneFactory(  953): Cdma Subscription set to 1
I/PhoneFactory(  953): RILClassname is SamsungRIL
I/PhoneFactory(  953): Network Mode set to 0
D/RILJ    (  953): RIL(context, preferredNetworkType=0 cdmaSubscription=1)
D/RILJ    (  953): Starting RILReceiver
D/RILJ    (  953): Ignoring call to 'getHardwareConfig'
I/PhoneFactory(  953): Creating SubscriptionController
D/SubController(  953): SubscriptionController init by Context
I/RILC    (  168): libril: new connection to RIL_SOCKET_1
I/RILC    (  168): RIL_SOCKET_1 UNSOLICITED: UNSOL_RIL_CONNECTED length:16
E/RILC    (  168): Send Response to RIL_SOCKET_1
E/use-Rlog/RLOG-RIL(  168): currentState(): state(0)
I/RILC    (  168): RIL_SOCKET_1 UNSOLICITED: UNSOL_RESPONSE_RADIO_STATE_CHANGED length:12
E/RILC    (  168): Send Response to RIL_SOCKET_1
I/RILC    (  168): RIL Daemon version: Samsung RIL(IPC) v2.0
I/RILJ    (  953): Connected to 'rild' socket
D/RILJ    (  953): [UNSL]< UNSOL_RIL_CONNECTED {3}
D/RILJ    (  953): [3648]> RADIO_POWER
D/RILC    (  168): SOCKET RIL_SOCKET_1 REQUEST: RADIO_POWER length:20
E/use-Rlog/RLOG-RIL(  168): onRequest: RADIO_POWER
E/use-Rlog/RLOG-RIL(  168): CreateRequest(): req(0x418b8ae0), id(23), tok(0x418b69d8) - FUNC(0x4050ad75)
E/use-Rlog/RLOG-RIL(  168): [EVT]:Req(1), RX(0)
E/use-Rlog/RLOG-RIL(  168): RIL_onRequestComplete: tok(0x418b69d8)
D/RILC    (  168): RequestComplete, RIL_SOCKET_1
E/RILC    (  168): Send Response to RIL_SOCKET_1
E/use-Rlog/RLOG-RIL(  168): [RM REQ]: req(0x418b8ae0), tok(0x418b69d8)
E/use-Rlog/RLOG-RIL(  168): [EVT]:Req(0), RX(0)
E/use-Rlog/RLOG-RIL(  168): [EVT]:Req(0), RX(0)
D/RILJ    (  953): [3649]> REQUEST_SET_PREFERRED_NETWORK_TYPE : 0
D/RILC    (  168): SOCKET RIL_SOCKET_1 REQUEST: SET_PREFERRED_NETWORK_TYPE length:16
E/use-Rlog/RLOG-RIL(  168): onRequest: SET_PREFERRED_NETWORK_TYPE
E/use-Rlog/RLOG-RIL(  168): RIL_onRequestOnlyComplete: tok(0x418b69d8)
D/RILC    (  168): RequestComplete, RIL_SOCKET_1
E/RILC    (  168): Send Response to RIL_SOCKET_1
D/RILJ    (  953): [3650]> RIL_REQUEST_CDMA_SET_SUBSCRIPTION_SOURCE : 1
D/SubController(  953): [SubscriptionController] init by Context
D/RILC    (  168): SOCKET RIL_SOCKET_1 REQUEST: CDMA_SET_SUBSCRIPTION_SOURCE length:16
E/use-Rlog/RLOG-RIL(  168): onRequest: CDMA_SET_SUBSCRIPTION_SOURCE
E/use-Rlog/RLOG-RIL(  168): RIL_onRequestOnlyComplete: tok(0x418b69d8)
D/RILC    (  168): RequestComplete, RIL_SOCKET_1
E/RILC    (  168): Send Response to RIL_SOCKET_1
D/RILJ    (  953): setCellInfoListRate: not supported
D/RILJ    (  953): [UNSL]< UNSOL_RESPONSE_RADIO_STATE_CHANGED RADIO_OFF
D/RILJ    (  953): [3651]> SCREEN_STATE: true
D/RILC    (  168): SOCKET RIL_SOCKET_1 REQUEST: SCREEN_STATE length:16
E/use-Rlog/RLOG-RIL(  168): onRequest: SCREEN_STATE
E/use-Rlog/RLOG-RIL(  168): RIL_onRequestOnlyComplete: tok(0x418b69d8)
D/RILC    (  168): RequestComplete, RIL_SOCKET_1
E/RILC    (  168): Send Response to RIL_SOCKET_1
D/RILJ    (  953): Serial: 0
D/RILJ    (  953): Error: 0
D/RILJ    (  953): [3648]< RADIO_POWER 
D/RILJ    (  953): Serial: 1
D/RILJ    (  953): Error: 1
D/RilRequest(  953): [3649]< REQUEST_SET_PREFERRED_NETWORK_TYPE error: com.android.internal.telephony.CommandException: RADIO_NOT_AVAILABLE ret=
D/RILJ    (  953): Serial: 2
D/RILJ    (  953): Error: 1
D/RilRequest(  953): [3650]< RIL_REQUEST_CDMA_SET_SUBSCRIPTION_SOURCE error: com.android.internal.telephony.CommandException: RADIO_NOT_AVAILABLE ret=
D/RILJ    (  953): Serial: 3
D/RILJ    (  953): Error: 1
D/RilRequest(  953): [3651]< SCREEN_STATE error: com.android.internal.telephony.CommandException: RADIO_NOT_AVAILABLE ret=
D/DdsScheduler(  953): getInstance = com.android.internal.telephony.dataconnection.DdsScheduler@2dce2f41
D/DdsScheduler[DdsIdleState](  953): Enter
D/DdsScheduler[DdsIdleState](  953): Nothing to process
D/UiccController(  953): Creating UiccController
D/ModemStackController(  953): getInstance
D/ModemStackController(  953): Constructor - Enter
D/ModemStackController(  953): Constructor - Exit
D/ModemBindingPolicyHandler(  953): getInstance
D/ModemBindingPolicyHandler(  953): Constructor - Enter
D/ModemBindingPolicyHandler(  953): Constructor - Exit
D/TelephonyTester(  953): register for intent action=com.android.internal.telephony.gsm.action_detached
D/TelephonyTester(  953): register for intent action=com.android.internal.telephony.gsm.action_attached
D/PhoneBase(  953): mDoesRilSendMultipleCallRing=false
D/PhoneBase(  953): mCallRingDelay=3000
D/PhoneBase(  953): mOosIsDisconnect=true
D/RILJ    (  953): setPhoneType=1 old value=0
D/SubController(  953): [getSubId]- size == 0, return dummy instead
D/TelephonyManager(  953): setTelephonyProperty property=gsm.network.type propVal=Unknown
D/        (  953): [0]DCT.constructor
D/Dcc     (  953): E ctor
D/Dcc     (  953): X ctor
D/DcTesterDeacativeAll(  953): register for intent action=com.android.internal.telephony.dataconnection.action_deactivate_all
D/DcTesterDeacativeAll(  953): register for intent action=com.android.internal.telephony.gsm.action_detached
D/DcTesterFailBrinupAll(  953): register for intent action=com.android.internal.telephony.dataconnection.action_fail_bringup
D/DcTesterFailBrinupAll(  953): register for intent action=com.android.internal.telephony.gsm.action_detached
D/DcTesterFailBrinupAll(  953): register for intent action=com.android.internal.telephony.gsm.action_attached
D/Dcc     (  953): DccDefaultState: msg.what=EVENT_RIL_CONNECTED mRilVersion=3
D/GsmDCT  (  953): [0]GsmDCT.constructor
D/SubController(  953): [getSubId]- size == 0, return dummy instead
D/GsmDCT  (  953): [0]update sub = -1
D/GsmDCT  (  953): [0]update(): Active DDS, register for all events now!
D/GsmSST  (  953): [GsmSST] notifyDataRegStateRilRadioTechnologyChanged: drs=1 rat=0
D/SubController(  953): [getSubId]- size == 0, return dummy instead
D/TelephonyManager(  953): setTelephonyProperty property=gsm.network.type propVal=Unknown
D/GsmDCT  (  953): [0]onUpdateIcc: newIccRecords null
D/SubController(  953): [getSubId]- size == 0, return dummy instead
D/GSMPhone(  953): [GSMPhone] updateCurrentCarrierInProvider: mSubId = -1 currentDds = 1 operatorNumeric = null
D/GsmDCT  (  953): [0]initApnContexts: E
D/GsmDCT  (  953): [0]initApnContexts: skipping unknown type=1
D/GsmDCT  (  953): [0]initApnContexts: apnContext={mApnType=default mState=IDLE mWaitingApns={null} mWaitingApnsPermanentFailureCountDown=0 mApnSetting={null} mReason=dataEnabled mDataEnabled=false mDependencyMet=true}
D/GsmDCT  (  953): [0]initApnContexts: apnContext={mApnType=mms mState=IDLE mWaitingApns={null} mWaitingApnsPermanentFailureCountDown=0 mApnSetting={null} mReason=dataEnabled mDataEnabled=false mDependencyMet=true}
D/GsmDCT  (  953): [0]initApnContexts: apnContext={mApnType=supl mState=IDLE mWaitingApns={null} mWaitingApnsPermanentFailureCountDown=0 mApnSetting={null} mReason=dataEnabled mDataEnabled=false mDependencyMet=true}
D/GsmDCT  (  953): [0]initApnContexts: apnContext={mApnType=dun mState=IDLE mWaitingApns={null} mWaitingApnsPermanentFailureCountDown=0 mApnSetting={null} mReason=dataEnabled mDataEnabled=false mDependencyMet=true}
D/GsmDCT  (  953): [0]initApnContexts: apnContext={mApnType=hipri mState=IDLE mWaitingApns={null} mWaitingApnsPermanentFailureCountDown=0 mApnSetting={null} mReason=dataEnabled mDataEnabled=false mDependencyMet=true}
D/GsmDCT  (  953): [0]initApnContexts: skipping unknown type=7
D/GsmDCT  (  953): [0]initApnContexts: X mApnContexts={default={mApnType=default mState=IDLE mWaitingApns={null} mWaitingApnsPermanentFailureCountDown=0 mApnSetting={null} mReason=dataEnabled mDataEnabled=false mDependencyMet=true}, mms={mApnType=mms mState=IDLE mWaitingApns={null} mWaitingApnsPermanentFailureCountDown=0 mApnSetting={null} mReason=dataEnabled mDataEnabled=false mDependencyMet=true}, supl={mApnType=supl mState=IDLE mWaitingApns={null} mWaitingApnsPermanentFailureCountDown=0 mApnSetting={null} mReason=dataEnabled mDataEnabled=false mDependencyMet=true}, dun={mApnType=dun mState=IDLE mWaitingApns={null} mWaitingApnsPermanentFailureCountDown=0 mApnSetting={null} mReason=dataEnabled mDataEnabled=false mDependencyMet=true}, hipri={mApnType=hipri mState=IDLE mWaitingApns={null} mWaitingApnsPermanentFailureCountDown=0 mApnSetting={null} mReason=dataEnabled mDataEnabled=false mDependencyMet=true}}
D/SubController(  953): [getSubId]- size == 0, return dummy instead
D/TelephonyManager(  953): setTelephonyProperty property=gsm.current.phone-type propVal=1
D/GSMPhone(  953): [GSMPhone] GSMPhone: constructor: sub = 0
D/SubController(  953): [getSubId]- size == 0, return dummy instead
D/TelephonyManager(  953): setTelephonyProperty property=gsm.current.phone-type propVal=1
I/PhoneFactory(  953): Creating Phone with type = 1 sub = 0
E/RIL_ImsSms(  953): getFormat should never be called from here!
D/SMSDispatcher(  953): SMSDispatcher: ctor mSmsCapable=true format=unknown mSmsSendDisabled=false
D/RIL_ImsSms(  953): ImsSMSDispatcher created
D/SMSDispatcher(  953): SMSDispatcher: ctor mSmsCapable=true format=3gpp2 mSmsSendDisabled=false
D/CdmaSMSDispatcher(  953): CdmaSMSDispatcher created
V/WAP PUSH(  953): bindService() for wappush manager succeeded
D/GsmInboundSmsHandler(  953): created InboundSmsHandler
V/WAP PUSH(  953): bindService() for wappush manager succeeded
D/CdmaInboundSmsHandler(  953): created InboundSmsHandler
D/SMSDispatcher(  953): SMSDispatcher: ctor mSmsCapable=true format=3gpp mSmsSendDisabled=false
D/GsmSMSDispatcher(  953): GsmSMSDispatcher created
D/SmsBroadcastUndelivered(  953): scanning raw table for undelivered messages
D/IccCardProxy(  953): Creating
E/IccCardProxy(  953): setExternalState: Card Index is not set; Return!!
D/IccCardProxy(  953): update icc_operator_numeric=
D/SubController(  953): [getSubId]- size == 0, return dummy instead
D/TelephonyManager(  953): setTelephonyProperty property=gsm.sim.operator.numeric propVal=
D/SubController(  953): [getSubId]- size == 0, return dummy instead
D/TelephonyManager(  953): setTelephonyProperty property=gsm.sim.operator.iso-country propVal=
D/SubController(  953): [getSubId]- size == 0, return dummy instead
D/TelephonyManager(  953): setTelephonyProperty property=gsm.sim.operator.alpha propVal=
D/SubController(  953): [getSubId]- size == 0, return dummy instead
D/TelephonyManager(  953): setTelephonyProperty property=gsm.sim.state propVal=NOT_READY
D/SubController(  953): [getSubId]- size == 0, return dummy instead
D/IccCardProxy(  953): Broadcasting intent ACTION_SIM_STATE_CHANGED NOT_READY reason null for mCardIndex : 0
D/IccCardProxy(  953): Setting radio tech UMTS
D/IccCardProxy(  953): updateQuietMode: 3GPP subscription -> newQuietMode=false
D/IccCardProxy(  953): updateQuietMode: QuietMode is false (app_type=1 cdmaSource=-1)
D/IccCardProxy(  953): updateActiveRecord app type = 1mIccRecords = null
D/ProxyController(  953): Constructor - Enter
D/DctController(  953): [DctController] DctController(phones): Connect success: 0
D/DdsScheduler(  953): registerCallbacks
D/DdsScheduler(  953): init = com.android.internal.telephony.dataconnection.DdsScheduler@2dce2f41
D/SubController(  953): [getPhoneId] asked for default subId=9223372036854775807
D/SubController(  953): [getPhoneId]- no sims, returning default phoneId=0
D/SmsBroadcastUndelivered(  953): finished scanning raw table in 285 ms
D/GsmInboundSmsHandler(  953): StartupState.processMessage:6
D/GsmInboundSmsHandler(  953): entering Idle state
D/CdmaInboundSmsHandler(  953): StartupState.processMessage:6
D/CdmaInboundSmsHandler(  953): entering Idle state
D/ProxyController(  953): Constructor - Exit
I/PhoneFactory(  953): defaultSmsApplication: com.android.mms
I/PhoneFactory(  953): Creating SubInfoRecordUpdater 
D/SUB     (  953): [SubInfoRecordUpdater]Constructor invoked
D/SubHelper(  953): SubscriptionHelper init by Context, num phones = 1 ApmSIMNotPwdn = false
D/CallManager(  953): registerPhone(GSM Handler (com.android.internal.telephony.PhoneProxy) {f14ec0b})
D/RILJ    (  953): [3652]> SET_SUPP_SVC_NOTIFICATION
D/RILC    (  168): SOCKET RIL_SOCKET_1 REQUEST: <unknown request> length:16
E/use-Rlog/RLOG-RIL(  168): onRequest: <unknown request>
E/use-Rlog/RLOG-RIL(  168): RIL_onRequestOnlyComplete: tok(0x418b69d8)
D/RILC    (  168): RequestComplete, RIL_SOCKET_1
E/RILC    (  168): Send Response to RIL_SOCKET_1
D/RILJ    (  953): Serial: 4
D/RILJ    (  953): Error: 1
D/RilRequest(  953): [3652]< SET_SUPP_SVC_NOTIFICATION error: com.android.internal.telephony.CommandException: RADIO_NOT_AVAILABLE ret=
D/SubController(  953): [getSubId]- size == 0, return dummy instead
D/TelephonyRegistry(  492): notifyCellLocationForSubscriber: subId=0 cellLocation=Bundle[{}]
D/SubController(  953): [getPhoneId]- no sims, returning default phoneId=0
D/RILJ    (  953): [3653]> RIL_REQUEST_SET_TTY_MODE : 0
D/RILC    (  168): SOCKET RIL_SOCKET_1 REQUEST: SET_TTY_MODE length:16
E/use-Rlog/RLOG-RIL(  168): onRequest: SET_TTY_MODE
E/use-Rlog/RLOG-RIL(  168): RIL_onRequestOnlyComplete: tok(0x418b69d8)
D/RILC    (  168): RequestComplete, RIL_SOCKET_1
E/RILC    (  168): Send Response to RIL_SOCKET_1
D/RILJ    (  953): Serial: 5
D/RILJ    (  953): Error: 1
D/RilRequest(  953): [3653]< RIL_REQUEST_SET_TTY_MODE error: com.android.internal.telephony.CommandException: RADIO_NOT_AVAILABLE ret=
D/SubController(  953): [getPhoneId] asked for default subId=9223372036854775807
D/SubController(  953): [getPhoneId]- no sims, returning default phoneId=0
D/ModemStackController(  953): EVENT_RADIO_AVAILABLE
D/ModemStackController(  953): processRadioAvailable on phoneId = 0
D/RILJ    (  953): GetModemCapability
D/RILJ    (  953): [3654]> OEM_HOOK_RAW[514f454d484f4f4b2300080000000000]
D/RILC    (  168): SOCKET RIL_SOCKET_1 REQUEST: OEM_HOOK_RAW length:28
E/use-Rlog/RLOG-RIL(  168): onRequest: OEM_HOOK_RAW
E/use-Rlog/RLOG-RIL(  168): CreateRequest(): req(0x418b8a88), id(59), tok(0x418b8a70) - FUNC(0x405128c1)
E/use-Rlog/RLOG-RIL(  168): [EVT]:Req(1), RX(0)
E/use-Rlog/RLOG-RIL(  168): requestOEMHookRaw
E/use-Rlog/RLOG-RIL(  168): requestOEMHookRaw : check validity failure
E/use-Rlog/RLOG-RIL(  168): RIL_onRequestComplete: tok(0x418b8a70)
D/RILC    (  168): RequestComplete, RIL_SOCKET_1
E/RILC    (  168): Send Response to RIL_SOCKET_1
E/use-Rlog/RLOG-RIL(  168): [RM REQ]: req(0x418b8a88), tok(0x418b8a70)
E/use-Rlog/RLOG-RIL(  168): [EVT]:Req(0), RX(0)
E/use-Rlog/RLOG-RIL(  168): [EVT]:Req(0), RX(0)
D/RILJ    (  953): Serial: 6
D/RILJ    (  953): Error: 2
D/RilRequest(  953): [3654]< OEM_HOOK_RAW error: com.android.internal.telephony.CommandException: GENERIC_FAILURE ret=
D/SimPhoneBookIM(  953): [SimPbInterfaceManager] Card update received: null
D/SimPhoneBookIM(  953): [SimPbInterfaceManager] Card is null. Cleanup
D/GsmSST  (  953): [GsmSST] mDeviceShuttingDown = false
D/GsmSST  (  953): [GsmSST] mDesiredPowerState = true
D/GsmSST  (  953): [GsmSST] getRadioState = RADIO_OFF
D/GsmSST  (  953): [GsmSST] mPowerOffDelayNeed = true
D/GsmSST  (  953): [GsmSST] mAlarmSwitch = false
D/RILJ    (  953): [3655]> RADIO_POWER
D/RILC    (  168): SOCKET RIL_SOCKET_1 REQUEST: RADIO_POWER length:16
E/use-Rlog/RLOG-RIL(  168): onRequest: RADIO_POWER
E/use-Rlog/RLOG-RIL(  168): CreateRequest(): req(0x418b8a70), id(23), tok(0x418b69d8) - FUNC(0x4050ad75)
E/use-Rlog/RLOG-RIL(  168): [EVT]:Req(1), RX(0)
E/use-Rlog/RLOG-RIL(  168): !RadioPowerOn( REQUEST ---
E/use-Rlog/RLOG-RIL(  168): For Real Target
E/use-Rlog/RLOG-RIL(  168): TxPWR_LPMtoNormal()
E/use-Rlog/RLOG-RIL(  168): ****************   ph->trans_fd = 14 
E/use-Rlog/RLOG-RIL(  168): get_msg_sequence()
E/use-Rlog/RLOG-RIL(  168): ipc_debug_send_ipc: timestamp 1424081197793302
E/use-Rlog/RLOG-RIL(  168): TX: Time: 2447022817 / 69672
E/use-Rlog/RLOG-RIL(  168): TX: (M)IPC_PWR_CMD  (S)IPC_PWR_PHONE_STATE  (T)IPC_CMD_EXEC  len:9 mseq:1 aseq:0
E/use-Rlog/RLOG-RIL(  168): TX: ---- DATA BEGIN ----
E/use-Rlog/RLOG-RIL(  168): TX: 02 02 
E/use-Rlog/RLOG-RIL(  168): TX: ---- DATA  END ----
E/use-Rlog/RLOG-RIL(  168): MODEM is ON ---
E/use-Rlog/RLOG-RIL(  168): case 1
E/use-Rlog/RLOG-RIL(  168): WaitForExpectedCmd(): cur_time: 69673, cur_req->timeout: 119673, ph->near_timeout: 119673
D/PHONE   (  953): [ServiceState] setNullState=3
D/GsmSST  (  953): [GsmSST] Poll ServiceState done:  oldSS=[1 1 home null null null  Unknown Unknown CSS not supported 0 0 RoamInd=0 DefRoamInd=0 EmergOnly=false] newSS=[3 3 home null null null  Unknown Unknown CSS not supported -1 -1 RoamInd=-1 DefRoamInd=-1 EmergOnly=false] oldMaxDataCalls=1 mNewMaxDataCalls=1 oldReasonDataDenied=-1 mNewReasonDataDenied=-1
D/GsmSST  (  953): [GsmSST] set service state as POWER_OFF
D/GsmSST  (  953): [GsmSST] Iwlan feature available = false
D/PHONE   (  953): [ServiceState] setNullState=3
D/PHONE   (  953): [ServiceState] setNullState=1
D/GsmSST  (  953): [GsmSST] updateSpnDisplay: radio is off w/ showPlmn=false plmn=null
D/GsmSST  (  953): [GsmSST] updateSpnDisplay: changed sending intent rule=0 showPlmn='false' plmn='null' showSpn='false' spn=''
E/use-Rlog/RLOG-RIL(  168): processLine():
E/use-Rlog/RLOG-RIL(  168): processLine: got a single frame.
E/use-Rlog/RLOG-RIL(  168): ipc_debug_send_ipc: timestamp 1424081197798215
E/use-Rlog/RLOG-RIL(  168): processLine():
E/use-Rlog/RLOG-RIL(  168): processLine: got a single frame.
E/use-Rlog/RLOG-RIL(  168): ipc_debug_send_ipc: timestamp 1424081197798276
E/use-Rlog/RLOG-RIL(  168): processLine():
E/use-Rlog/RLOG-RIL(  168): processLine: got a single frame.
E/use-Rlog/RLOG-RIL(  168): ipc_debug_send_ipc: timestamp 1424081197798337
E/use-Rlog/RLOG-RIL(  168): processLine():
E/use-Rlog/RLOG-RIL(  168): processLine: got a single frame.
E/use-Rlog/RLOG-RIL(  168): ipc_debug_send_ipc: timestamp 1424081197798398
E/use-Rlog/RLOG-RIL(  168): processLine():
E/use-Rlog/RLOG-RIL(  168): processLine: got a single frame.
E/use-Rlog/RLOG-RIL(  168): ipc_debug_send_ipc: timestamp 1424081197798459
E/use-Rlog/RLOG-RIL(  168): processLine():
E/use-Rlog/RLOG-RIL(  168): processLine: got a single frame.
E/use-Rlog/RLOG-RIL(  168): ipc_debug_send_ipc: timestamp 1424081197798520
E/use-Rlog/RLOG-RIL(  168): processLine():
E/use-Rlog/RLOG-RIL(  168): processLine: got a single frame.
E/use-Rlog/RLOG-RIL(  168): ipc_debug_send_ipc: timestamp 1424081197798581
E/use-Rlog/RLOG-RIL(  168): [EVT]:Req(1), RX(7)
E/use-Rlog/RLOG-RIL(  168): RX: Time: 2447022823 / 69678
E/use-Rlog/RLOG-RIL(  168): RX: (M)IPC_GEN_CMD  (S)IPC_GEN_PHONE_RES  (T)IPC_CMD_RESP  len:c mseq:0 aseq:1
E/use-Rlog/RLOG-RIL(  168): RX: ---- DATA BEGIN ----
E/use-Rlog/RLOG-RIL(  168): RX: 01 07 01 00 80 
E/use-Rlog/RLOG-RIL(  168): RX: ---- DATA  END ----
E/use-Rlog/RLOG-RIL(  168): case 1
E/use-Rlog/RLOG-RIL(  168): GR err: 0x8000
E/use-Rlog/RLOG-RIL(  168): WaitForExpectedCmd(): cur_time: 69678, cur_req->timeout: 119678, ph->near_timeout: 119673
E/use-Rlog/RLOG-RIL(  168): [EVT]:Req(1), RX(6)
E/use-Rlog/RLOG-RIL(  168): RX: Time: 2447022823 / 69679
E/use-Rlog/RLOG-RIL(  168): RX: (M)IPC_PWR_CMD  (S)IPC_PWR_PHONE_STATE  (T)IPC_CMD_NOTI  len:8 mseq:0 aseq:ff
E/use-Rlog/RLOG-RIL(  168): RX: ---- DATA BEGIN ----
E/use-Rlog/RLOG-RIL(  168): RX: 02 
E/use-Rlog/RLOG-RIL(  168): RX: ---- DATA  END ----
E/use-Rlog/RLOG-RIL(  168): ipc_recv_power()
E/use-Rlog/RLOG-RIL(  168): RxPWR_LPMtoNormalCompletedNotify
E/use-Rlog/RLOG-RIL(  168): currentState(): state(2)
I/RILC    (  168): RIL_SOCKET_1 UNSOLICITED: UNSOL_VOICE_RADIO_TECH_CHANGED length:16
E/RILC    (  168): Send Response to RIL_SOCKET_1
I/RILC    (  168): RIL_SOCKET_1 UNSOLICITED: UNSOL_RESPONSE_RADIO_STATE_CHANGED length:12
E/RILC    (  168): Send Response to RIL_SOCKET_1
E/use-Rlog/RLOG-RIL(  168): RIL_onMultiClientUnsolicitedResponse:
E/use-Rlog/RLOG-RIL(  168): unsupported multiclient unsolicited response code 1000
E/use-Rlog/RLOG-RIL(  168): polling: prvGetSIMStatus - simCurrentStatus is <2>
I/use-Rlog/RLOG-RIL(  168): setRadioState: sState 2, s_closed 0
E/use-Rlog/RLOG-RIL(  168): [EVT]:Req(1), RX(5)
E/use-Rlog/RLOG-RIL(  168): RX: Time: 2447022823 / 69679
E/use-Rlog/RLOG-RIL(  168): RX: (M)IPC_SEC_CMD  (S)IPC_SEC_PIN_STATUS  (T)IPC_CMD_NOTI  len:9 mseq:0 aseq:ff
E/use-Rlog/RLOG-RIL(  168): RX: ---- DATA BEGIN ----
E/use-Rlog/RLOG-RIL(  168): RX: 00 00 
E/use-Rlog/RLOG-RIL(  168): RX: ---- DATA  END ----
E/use-Rlog/RLOG-RIL(  168): RxSEC_ResPinStatus!!!
E/use-Rlog/RLOG-RIL(  168): RADIO_STATE_SIM_READY : simCurrentStatus is <4>
E/use-Rlog/RLOG-RIL(  168): RIL_onRequestComplete: tok(0x418b69d8)
D/RILC    (  168): RequestComplete, RIL_SOCKET_1
E/RILC    (  168): Send Response to RIL_SOCKET_1
E/use-Rlog/RLOG-RIL(  168): [RM REQ]: req(0x418b8a70), tok(0x418b69d8)
E/use-Rlog/RLOG-RIL(  168): [EVT]:Req(0), RX(4)
E/use-Rlog/RLOG-RIL(  168): [EVT]:Req(0), RX(4)
E/use-Rlog/RLOG-RIL(  168): RX: Time: 2447022826 / 69681
E/use-Rlog/RLOG-RIL(  168): RX: (M)IPC_SEC_CMD  (S)IPC_SEC_PIN_STATUS  (T)IPC_CMD_NOTI  len:9 mseq:0 aseq:ff
E/use-Rlog/RLOG-RIL(  168): RX: ---- DATA BEGIN ----
E/use-Rlog/RLOG-RIL(  168): RX: 82 00 
E/use-Rlog/RLOG-RIL(  168): RX: ---- DATA  END ----
E/use-Rlog/RLOG-RIL(  168): ipc_recv_security()
E/use-Rlog/RLOG-RIL(  168): RxSEC_ResPinStatus!!!
E/use-Rlog/RLOG-RIL(  168): IPC_SEC_SIM_INIT_COMPLETED !!
E/use-Rlog/RLOG-RIL(  168): currentState(): state(4)
I/RILC    (  168): RIL_SOCKET_1 UNSOLICITED: UNSOL_RESPONSE_SIM_STATUS_CHANGED length:8
E/RILC    (  168): Send Response to RIL_SOCKET_1
I/RILC    (  168): RIL_SOCKET_1 UNSOLICITED: UNSOL_RESPONSE_RADIO_STATE_CHANGED length:12
E/RILC    (  168): Send Response to RIL_SOCKET_1
E/use-Rlog/RLOG-RIL(  168): RIL_onMultiClientUnsolicitedResponse:
E/use-Rlog/RLOG-RIL(  168): unsupported multiclient unsolicited response code 1000
E/use-Rlog/RLOG-RIL(  168): onSIMReady
I/use-Rlog/RLOG-RIL(  168): setRadioState: sState 4, s_closed 0
E/use-Rlog/RLOG-RIL(  168): CreateInternalRequest(): req(0x418b8ae0), id(0), tok(NULL)
E/use-Rlog/RLOG-RIL(  168): [EVT]:Req(1), RX(3)
E/use-Rlog/RLOG-RIL(  168): RX: Time: 2447022827 / 69682
E/use-Rlog/RLOG-RIL(  168): RX: (M)IPC_SMS_CMD  (S)IPC_SMS_DEVICE_READY  (T)IPC_CMD_NOTI  len:8 mseq:0 aseq:ff
E/use-Rlog/RLOG-RIL(  168): RX: ---- DATA BEGIN ----
E/use-Rlog/RLOG-RIL(  168): RX: 02 
E/use-Rlog/RLOG-RIL(  168): RX: ---- DATA  END ----
E/use-Rlog/RLOG-RIL(  168): requestDeviceReadySet()
D/RILJ    (  953): [UNSL]< UNSOL_VOICE_RADIO_TECH_CHANGED {3}
D/RILJ    (  953): [UNSL]< UNSOL_RESPONSE_RADIO_STATE_CHANGED RADIO_ON
D/RILJ    (  953): Serial: 7
D/RILJ    (  953): Error: 0
D/RILJ    (  953): [3655]< RADIO_POWER 
E/use-Rlog/RLOG-RIL(  168): TxSMS_SetDeviceReady()
E/use-Rlog/RLOG-RIL(  168): get_msg_sequence()
E/use-Rlog/RLOG-RIL(  168): ipc_debug_send_ipc: timestamp 1424081197807126
E/use-Rlog/RLOG-RIL(  168): TX: Time: 2447022831 / 69686
E/use-Rlog/RLOG-RIL(  168): TX: (M)IPC_SMS_CMD  (S)IPC_SMS_DEVICE_READY  (T)IPC_CMD_SET  len:7 mseq:2 aseq:0
E/use-Rlog/RLOG-RIL(  168): WaitForExpectedCmd(): cur_time: 69686, cur_req->timeout: 74686, ph->near_timeout: 74686
E/use-Rlog/RLOG-RIL(  168): ipc_recv_sms()
E/use-Rlog/RLOG-RIL(  168): RxSMS_NotiDeviceReady()
E/use-Rlog/RLOG-RIL(  168): SetGCFModeProperty()
E/use-Rlog/RLOG-RIL(  168): file not found
E/RILC    (  168): unsupported unsolicited response code 11008
E/use-Rlog/RLOG-RIL(  168): RIL_onMultiClientUnsolicitedResponse:
E/use-Rlog/RLOG-RIL(  168): [EVT]:Req(1), RX(2)
E/use-Rlog/RLOG-RIL(  168): RX: Time: 2447022831 / 69687
E/use-Rlog/RLOG-RIL(  168): RX: (M)IPC_SEC_CMD  (S)IPC_SEC_PIN_STATUS  (T)IPC_CMD_NOTI  len:9 mseq:0 aseq:ff
E/use-Rlog/RLOG-RIL(  168): RX: ---- DATA BEGIN ----
E/use-Rlog/RLOG-RIL(  168): RX: 83 00 
E/use-Rlog/RLOG-RIL(  168): RX: ---- DATA  END ----
E/use-Rlog/RLOG-RIL(  168): ipc_recv_security()
E/use-Rlog/RLOG-RIL(  168): RxSEC_ResPinStatus!!!
E/use-Rlog/RLOG-RIL(  168): IPC_SEC_PB_INIT_COMPLETED !!
E/use-Rlog/RLOG-RIL(  168): ril.init = 0
E/use-Rlog/RLOG-RIL(  168): gsm.sim.unkownready = 0
E/use-Rlog/RLOG-RIL(  168): processLine():
E/use-Rlog/RLOG-RIL(  168): processLine: got a single frame.
E/use-Rlog/RLOG-RIL(  168): ipc_debug_send_ipc: timestamp 1424081197809018
E/use-Rlog/RLOG-RIL(  168): [EVT]:Req(1), RX(2)
E/use-Rlog/RLOG-RIL(  168): RX: Time: 2447022833 / 69688
E/use-Rlog/RLOG-RIL(  168): RX: (M)IPC_NET_CMD  (S)IPC_NET_REGIST  (T)IPC_CMD_NOTI  len:12 mseq:0 aseq:ff
E/use-Rlog/RLOG-RIL(  168): RX: ---- DATA BEGIN ----
E/use-Rlog/RLOG-RIL(  168): RX: 01 02 01 FF FF FF 
E/use-Rlog/RLOG-RIL(  168): RX: 00 00 00 00 00 
E/use-Rlog/RLOG-RIL(  168): RX: ---- DATA  END ----
E/use-Rlog/RLOG-RIL(  168): ipc_recv_network()
E/use-Rlog/RLOG-RIL(  168): RxNET_ResNetworkRegistration()
E/use-Rlog/RLOG-RIL(  168): RegiStatus_Ipc2Ril()
E/use-Rlog/RLOG-RIL(  168): RxNET_ResNetworkRegistration: cs_reg_status: 0, rej_cause 0
I/RILC    (  168): RIL_SOCKET_1 UNSOLICITED: UNSOL_RESPONSE_VOICE_NETWORK_STATE_CHANGED length:8
E/RILC    (  168): Send Response to RIL_SOCKET_1
E/use-Rlog/RLOG-RIL(  168): RIL_onMultiClientUnsolicitedResponse:
E/use-Rlog/RLOG-RIL(  168): unsupported multiclient unsolicited response code 1002
E/use-Rlog/RLOG-RIL(  168): [EVT]:Req(1), RX(1)
E/use-Rlog/RLOG-RIL(  168): RX: Time: 2447022835 / 69691
E/use-Rlog/RLOG-RIL(  168): RX: (M)IPC_GEN_CMD  (S)IPC_GEN_PHONE_RES  (T)IPC_CMD_RESP  len:c mseq:0 aseq:2
E/use-Rlog/RLOG-RIL(  168): RX: ---- DATA BEGIN ----
E/use-Rlog/RLOG-RIL(  168): RX: 04 07 03 00 80 
E/use-Rlog/RLOG-RIL(  168): RX: ---- DATA  END ----
E/use-Rlog/RLOG-RIL(  168): requestDeviceReadySet()
E/use-Rlog/RLOG-RIL(  168): GR err: 0x8000
E/use-Rlog/RLOG-RIL(  168): COMPLETE - STATE[1] < 
E/use-Rlog/RLOG-RIL(  168): [RM REQ]: req(0x418b8ae0), tok(0x0)
E/use-Rlog/RLOG-RIL(  168): [EVT]:Req(0), RX(0)
E/use-Rlog/RLOG-RIL(  168): [EVT]:Req(0), RX(0)
E/use-Rlog/RLOG-RIL(  168): [EVT]:Req(0), RX(0)
D/SubController(  953): [getSubId]- size == 0, return dummy instead
D/RILJ    (  953): [UNSL]< UNSOL_RESPONSE_SIM_STATUS_CHANGED
D/RILJ    (  953): [UNSL]< UNSOL_RESPONSE_RADIO_STATE_CHANGED RADIO_ON
D/RILJ    (  953): [UNSL]< UNSOL_RESPONSE_VOICE_NETWORK_STATE_CHANGED
D/SubController(  953): [getSubId]- size == 0, return dummy instead
D/TelephonyManager(  953): setTelephonyProperty property=gsm.operator.alpha propVal=
D/SubController(  953): [getSubId]- size == 0, return dummy instead
D/TelephonyManager(  953): setTelephonyProperty property=gsm.operator.numeric propVal=
D/GsmSST  (  953): [GsmSST] operatorNumeric is null
D/SubController(  953): [getSubId]- size == 0, return dummy instead
D/TelephonyManager(  953): setTelephonyProperty property=gsm.operator.iso-country propVal=
D/SubController(  953): [getSubId]- size == 0, return dummy instead
D/TelephonyManager(  953): setTelephonyProperty property=gsm.operator.isroaming propVal=false
D/SubController(  953): [getSubId]- size == 0, return dummy instead
D/DefaultPhoneNotifier(  953): nofityServiceState: mRegistry=com.android.internal.telephony.ITelephonyRegistry$Stub$Proxy@2659f38a ss=3 3 home null null null  Unknown Unknown CSS not supported -1 -1 RoamInd=-1 DefRoamInd=-1 EmergOnly=false sender=Handler (com.android.internal.telephony.gsm.GSMPhone) {27560ae8} phondId=0 subId=-1
D/SubController(  953): [getSubId]- size == 0, return dummy instead
D/GsmSST  (  953): [GsmSST] notifyDataRegStateRilRadioTechnologyChanged: drs=3 rat=0
D/SubController(  953): [getSubId]- size == 0, return dummy instead
D/TelephonyManager(  953): setTelephonyProperty property=gsm.network.type propVal=Unknown
D/GsmSST  (  953): [GsmSST] Iwlan feature available = false
D/GsmSST  (  953): [GsmSST] Iwlan feature available = false
D/GsmDCT  (  953): [0]get all active apn types
D/GsmSST  (  953): [GsmSST] Iwlan feature available = false
D/GsmDCT  (  953): [0]handleMessage msg={ when=-4s111ms what=270369 obj=android.os.AsyncResult@233cedfb target=com.android.internal.telephony.dataconnection.DcTracker }
D/GsmDCT  (  953): [0]onUpdateIcc: newIccRecords null
D/GsmDCT  (  953): [0]handleMessage msg={ when=-3s980ms what=270337 obj=android.os.AsyncResult@1c95fe18 target=com.android.internal.telephony.dataconnection.DcTracker }
D/GsmDCT  (  953): [0]onRadioAvailable
D/GsmDCT  (  953): [0]overall state is IDLE
D/GsmDCT  (  953): [0]handleMessage msg={ when=-3s980ms what=270342 obj=android.os.AsyncResult@3dd8b071 target=com.android.internal.telephony.dataconnection.DcTracker }
D/GsmDCT  (  953): [0]onRadioOffOrNotAvailable: is off and clean up all connections
D/GsmDCT  (  953): [0]cleanUpAllConnections: tearDown=false reason=radioTurnedOff
D/GsmDCT  (  953): [0]cleanUpConnection: E tearDown=false reason=radioTurnedOff apnContext={mApnType=default mState=IDLE mWaitingApns={null} mWaitingApnsPermanentFailureCountDown=0 mApnSetting={null} mReason=radioTurnedOff mDataEnabled=false mDependencyMet=true}
D/GSMPhone(  953): getDataConnectionState: Data is Out of Service. ret = DISCONNECTED
D/SubController(  953): [getSubId]- size == 0, return dummy instead
D/GsmDCT  (  953): [0]isDataAllowed: not allowed due to - Attached= false - SIM not loaded and not NV subscription
D/GsmDCT  (  953): [ApnContext:default] getApnSetting: apnSetting=null
D/SubController(  953): [getPhoneId]- no sims, returning default phoneId=0
D/GsmDCT  (  953): [0]setupDataForSinglePdn: reason = radioTurnedOff isDisconnected = true
D/GsmDCT  (  953): [0]isOnlySingleDcAllowed(0): false
D/GsmDCT  (  953): [0]cleanUpConnection: X tearDown=false reason=radioTurnedOff apnContext={mApnType=default mState=IDLE mWaitingApns={null} mWaitingApnsPermanentFailureCountDown=0 mApnSetting={null} mReason=radioTurnedOff mDataEnabled=false mDependencyMet=true} dcac=null
D/GsmDCT  (  953): [0]cleanUpConnection: E tearDown=false reason=radioTurnedOff apnContext={mApnType=mms mState=IDLE mWaitingApns={null} mWaitingApnsPermanentFailureCountDown=0 mApnSetting={null} mReason=radioTurnedOff mDataEnabled=false mDependencyMet=true}
D/GSMPhone(  953): getDataConnectionState: Data is Out of Service. ret = DISCONNECTED
D/SubController(  953): [getSubId]- size == 0, return dummy instead
D/GsmDCT  (  953): [0]isDataAllowed: not allowed due to - Attached= false - SIM not loaded and not NV subscription
D/GsmDCT  (  953): [ApnContext:mms] getApnSetting: apnSetting=null
D/SubController(  953): [getPhoneId]- no sims, returning default phoneId=0
