E/use-Rlog/RLOG-RIL( 1715): (68) 0x404d4465
E/use-Rlog/RLOG-RIL( 1715): (69) 0x404d46b9
E/use-Rlog/RLOG-RIL( 1715): (70) 0x404d44f5
E/use-Rlog/RLOG-RIL( 1715): (71) 0x404d4741
E/use-Rlog/RLOG-RIL( 1715): (72) 0x404d7ca9
E/use-Rlog/RLOG-RIL( 1715): (73) 0x404d7be9
E/use-Rlog/RLOG-RIL( 1715): (74) 0x404d7c75
E/use-Rlog/RLOG-RIL( 1715): (75) 0x404d7bb5
E/use-Rlog/RLOG-RIL( 1715): (76) 0x404d3b59
E/use-Rlog/RLOG-RIL( 1715): (77) 0x404d27e9
E/use-Rlog/RLOG-RIL( 1715): (78) 0x404d310d
E/use-Rlog/RLOG-RIL( 1715): (79) 0x404d340d
E/use-Rlog/RLOG-RIL( 1715): (80) 0x404d3321
E/use-Rlog/RLOG-RIL( 1715): (81) 0x404d3215
E/use-Rlog/RLOG-RIL( 1715): (82) 0x404d2821
E/use-Rlog/RLOG-RIL( 1715): (83) 0x404d2fd5
E/use-Rlog/RLOG-RIL( 1715): (84) 0x404d29fd
E/use-Rlog/RLOG-RIL( 1715): (85) 0x404d2dbd
E/use-Rlog/RLOG-RIL( 1715): (86) 0x404d2aa5
E/use-Rlog/RLOG-RIL( 1715): (87) 0x404d3759
E/use-Rlog/RLOG-RIL( 1715): (88) 0x404d2f29
E/use-Rlog/RLOG-RIL( 1715): (89) 0x404d6d81
E/use-Rlog/RLOG-RIL( 1715): (90) 0x404d6a29
E/use-Rlog/RLOG-RIL( 1715): (91) 0x404d5509
E/use-Rlog/RLOG-RIL( 1715): (92) 0x404d6709
E/use-Rlog/RLOG-RIL( 1715): (93) 0x404d6625
E/use-Rlog/RLOG-RIL( 1715): (94) 0x404d6541
E/use-Rlog/RLOG-RIL( 1715): (95) 0x404d6471
E/use-Rlog/RLOG-RIL( 1715): (96) 0x404d68c1
E/use-Rlog/RLOG-RIL( 1715): (97) 0x404cd74d
E/use-Rlog/RLOG-RIL( 1715): (98) 0x404d55f9
E/use-Rlog/RLOG-RIL( 1715): (99) 0x404cd74d
E/use-Rlog/RLOG-RIL( 1715): (100) 0x404cd74d
E/use-Rlog/RLOG-RIL( 1715): (101) 0x404cfe71
E/use-Rlog/RLOG-RIL( 1715): (102) 0x404cd74d
E/use-Rlog/RLOG-RIL( 1715): (103) 0x404cd74d
E/use-Rlog/RLOG-RIL( 1715): (104) 0x404cd74d
E/use-Rlog/RLOG-RIL( 1715): (105) 0x404cd74d
E/use-Rlog/RLOG-RIL( 1715): ----------------------
E/use-Rlog/RLOG-RIL( 1715): startUeventSocket() START
E/use-Rlog/RLOG-RIL( 1715): Transport file name: /dev/dpram0
E/use-Rlog/RLOG-RIL( 1715): Transport file: /dev/dpram0(14)
E/use-Rlog/RLOG-RIL( 1715): Transport file err: /dev/dpramerr(15)
E/use-Rlog/RLOG-RIL( 1715): isRildReset : 1
E/use-Rlog/RLOG-RIL( 1715): RILD was crashed and set the reboot flag
W/use-Rlog/RLOG-RILC( 1715): RIL_onUnsolicitedResponse called before RIL_register
E/use-Rlog/RLOG-RIL( 1715): RIL_onMultiClientUnsolicitedResponse:
E/use-Rlog/RLOG-RIL( 1715): unsupported multiclient unsolicited response code 1000
I/use-Rlog/RLOG-RIL( 1715): setRadioState: sState 0, s_closed 0
E/use-Rlog/RLOG-RILC( 1715): RIL_register: RIL version 3
D/RILD    ( 1715): RIL_Init RIL_register completed
D/RILD    ( 1715): RIL_Init starting sleep loop
E/use-Rlog/RLOG-RIL( 1715): [*] RilProcessorLoop start: TID(1734)
E/use-Rlog/RLOG-RIL( 1715): [TID] MulticlientLoop(1732)
E/use-Rlog/RLOG-RIL( 1715): MulticlientLoop start...
E/use-Rlog/RLOG-RIL( 1715): set_multiclient_max_fd:
E/use-Rlog/RLOG-RIL( 1715): set_multiclient_max_fd: maxfd=12
E/use-Rlog/RLOG-RIL( 1715): set_multiclient_fd_set:
E/use-Rlog/RLOG-RIL( 1715): [TID] ReaderLoop(1733)
E/use-Rlog/RLOG-RIL( 1715): ReaderLoop start...
E/use-Rlog/RLOG-RIL( 1715): initializeCallback()
E/use-Rlog/RLOG-RIL( 1715): isRildSlient : 1
E/use-Rlog/RLOG-RIL( 1715): RILD was crashed and set the reboot flag
E/use-Rlog/RLOG-RIL( 1715): processLine():
E/use-Rlog/RLOG-RIL( 1715): processLine: got a single frame.
E/use-Rlog/RLOG-RIL( 1715): [EVT]:Req(0), RX(1)
E/use-Rlog/RLOG-RIL( 1715): RIL_onMultiClientUnsolicitedResponse:
E/use-Rlog/RLOG-RIL( 1715): unsupported multiclient unsolicited response code 1009
I/use-Rlog/RLOG-RILC( 1715): libril: new connection
E/use-Rlog/RLOG-RIL( 1715): currentState(): state(0)
I/use-Rlog/RLOG-RILC( 1715): RIL Daemon version: Samsung RIL(IPC) v2.0
I/RILJ    (  945): Connected to 'rild' socket
D/RILJ    (  945): [UNSL]< UNSOL_RIL_CONNECTED {3}
D/RILJ    (  945): [7638]> RADIO_POWER
E/use-Rlog/RLOG-RIL( 1715): onRequest: RADIO_POWER
E/use-Rlog/RLOG-RIL( 1715): CreateRequest(): req(0x406a4ce8), id(23), tok(0x406a4cd0) - FUNC(0x404ced75)
E/use-Rlog/RLOG-RIL( 1715): [EVT]:Req(1), RX(0)
E/use-Rlog/RLOG-RIL( 1715): RIL_onRequestComplete: tok(0x406a4cd0)
E/use-Rlog/RLOG-RIL( 1715): [RM REQ]: req(0x406a4ce8), tok(0x406a4cd0)
E/use-Rlog/RLOG-RIL( 1715): [EVT]:Req(0), RX(0)
E/use-Rlog/RLOG-RIL( 1715): [EVT]:Req(0), RX(0)
D/RILJ    (  945): [7639]> REQUEST_SET_PREFERRED_NETWORK_TYPE : 0
D/RILJ    (  945): [7640]> RIL_REQUEST_CDMA_SET_SUBSCRIPTION_SOURCE : 1
E/use-Rlog/RLOG-RIL( 1715): onRequest: <unknown request>
E/use-Rlog/RLOG-RIL( 1715): RIL_onRequestOnlyComplete: tok(0x406a4cd0)
D/RILJ    (  945): setCellInfoListRate: not supported
E/use-Rlog/RLOG-RIL( 1715): onRequest: CDMA_SET_SUBSCRIPTION
E/use-Rlog/RLOG-RIL( 1715): RIL_onRequestOnlyComplete: tok(0x406a4cd0)
D/Dcc     (  945): DccDefaultState: msg.what=EVENT_RIL_CONNECTED mRilVersion=3
D/RILJ    (  945): [UNSL]< UNSOL_RESPONSE_RADIO_STATE_CHANGED RADIO_OFF
D/GsmSST  (  945): [GsmSST] mDeviceShuttingDown = false
D/GsmSST  (  945): [GsmSST] mDesiredPowerState = true
D/GsmSST  (  945): [GsmSST] getRadioState = RADIO_OFF
D/GsmSST  (  945): [GsmSST] mPowerOffDelayNeed = true
D/GsmSST  (  945): [GsmSST] mAlarmSwitch = false
D/RILJ    (  945): [7641]> RADIO_POWER
D/PHONE   (  945): [ServiceState] setNullState=3
D/GsmSST  (  945): [GsmSST] Poll ServiceState done:  oldSS=[1 1 home null null null  Unknown Unknown CSS not supported -1 -1 RoamInd=-1 DefRoamInd=-1 EmergOnly=false] newSS=[3 3 home null null null  Unknown Unknown CSS not supported -1 -1 RoamInd=-1 DefRoamInd=-1 EmergOnly=false] oldMaxDataCalls=1 mNewMaxDataCalls=1 oldReasonDataDenied=-1 mNewReasonDataDenied=-1
D/GsmSST  (  945): [GsmSST] set service state as POWER_OFF
D/GsmSST  (  945): [GsmSST] Iwlan feature available = false
D/PHONE   (  945): [ServiceState] setNullState=3
D/PHONE   (  945): [ServiceState] setNullState=1
D/GsmSST  (  945): [GsmSST] updateSpnDisplay: radio is off w/ showPlmn=false plmn=null
D/GsmSST  (  945): [GsmSST] updateSpnDisplay: changed sending intent rule=0 showPlmn='false' plmn='null' showSpn='false' spn=''
E/use-Rlog/RLOG-RIL( 1715): onRequest: RADIO_POWER
E/use-Rlog/RLOG-RIL( 1715): CreateRequest(): req(0x406a4ce8), id(23), tok(0x406a4cd0) - FUNC(0x404ced75)
E/use-Rlog/RLOG-RIL( 1715): [EVT]:Req(1), RX(0)
E/use-Rlog/RLOG-RIL( 1715): !RadioPowerOn( REQUEST ---
E/use-Rlog/RLOG-RIL( 1715): For Real Target
E/use-Rlog/RLOG-RIL( 1715): TxPWR_LPMtoNormal()
E/use-Rlog/RLOG-RIL( 1715): ****************   ph->trans_fd = 14 
E/use-Rlog/RLOG-RIL( 1715): get_msg_sequence()
E/use-Rlog/RLOG-RIL( 1715): ipc_debug_send_ipc: timestamp 1423983331645594
E/use-Rlog/RLOG-RIL( 1715): TX: Time: 2349156669 / 99562
E/use-Rlog/RLOG-RIL( 1715): TX: (M)IPC_PWR_CMD  (S)IPC_PWR_PHONE_STATE  (T)IPC_CMD_EXEC  len:9 mseq:1 aseq:0
E/use-Rlog/RLOG-RIL( 1715): TX: ---- DATA BEGIN ----
E/use-Rlog/RLOG-RIL( 1715): TX: 02 02 
E/use-Rlog/RLOG-RIL( 1715): TX: ---- DATA  END ----
E/use-Rlog/RLOG-RIL( 1715): MODEM is ON ---
E/use-Rlog/RLOG-RIL( 1715): case 1
E/use-Rlog/RLOG-RIL( 1715): WaitForExpectedCmd(): cur_time: 99563, cur_req->timeout: 149563, ph->near_timeout: 149563
E/use-Rlog/RLOG-RIL( 1715): processLine():
E/use-Rlog/RLOG-RIL( 1715): processLine: got a single frame.
E/use-Rlog/RLOG-RIL( 1715): ipc_debug_send_ipc: timestamp 1423983331651270
E/use-Rlog/RLOG-RIL( 1715): processLine():
E/use-Rlog/RLOG-RIL( 1715): processLine: got a single frame.
E/use-Rlog/RLOG-RIL( 1715): ipc_debug_send_ipc: timestamp 1423983331651362
E/use-Rlog/RLOG-RIL( 1715): processLine():
E/use-Rlog/RLOG-RIL( 1715): processLine: got a single frame.
E/use-Rlog/RLOG-RIL( 1715): ipc_debug_send_ipc: timestamp 1423983331651423
E/use-Rlog/RLOG-RIL( 1715): processLine():
E/use-Rlog/RLOG-RIL( 1715): processLine: got a single frame.
E/use-Rlog/RLOG-RIL( 1715): ipc_debug_send_ipc: timestamp 1423983331651484
E/use-Rlog/RLOG-RIL( 1715): processLine():
E/use-Rlog/RLOG-RIL( 1715): processLine: got a single frame.
E/use-Rlog/RLOG-RIL( 1715): ipc_debug_send_ipc: timestamp 1423983331651545
E/use-Rlog/RLOG-RIL( 1715): processLine():
E/use-Rlog/RLOG-RIL( 1715): processLine: got a single frame.
E/use-Rlog/RLOG-RIL( 1715): ipc_debug_send_ipc: timestamp 1423983331651606
E/use-Rlog/RLOG-RIL( 1715): processLine():
E/use-Rlog/RLOG-RIL( 1715): processLine: got a single frame.
E/use-Rlog/RLOG-RIL( 1715): ipc_debug_send_ipc: timestamp 1423983331651698
E/use-Rlog/RLOG-RIL( 1715): processLine():
E/use-Rlog/RLOG-RIL( 1715): processLine: got a single frame.
E/use-Rlog/RLOG-RIL( 1715): ipc_debug_send_ipc: timestamp 1423983331651759
E/use-Rlog/RLOG-RIL( 1715): [EVT]:Req(1), RX(8)
E/use-Rlog/RLOG-RIL( 1715): RX: Time: 2349156675 / 99569
E/use-Rlog/RLOG-RIL( 1715): RX: (M)IPC_GEN_CMD  (S)IPC_GEN_PHONE_RES  (T)IPC_CMD_RESP  len:c mseq:0 aseq:1
E/use-Rlog/RLOG-RIL( 1715): RX: ---- DATA BEGIN ----
E/use-Rlog/RLOG-RIL( 1715): RX: 01 07 01 00 80 
E/use-Rlog/RLOG-RIL( 1715): RX: ---- DATA  END ----
E/use-Rlog/RLOG-RIL( 1715): case 1
E/use-Rlog/RLOG-RIL( 1715): GR err: 0x8000
E/use-Rlog/RLOG-RIL( 1715): WaitForExpectedCmd(): cur_time: 99569, cur_req->timeout: 149569, ph->near_timeout: 149563
E/use-Rlog/RLOG-RIL( 1715): [EVT]:Req(1), RX(7)
E/use-Rlog/RLOG-RIL( 1715): RX: Time: 2349156676 / 99569
E/use-Rlog/RLOG-RIL( 1715): RX: (M)IPC_PWR_CMD  (S)IPC_PWR_PHONE_STATE  (T)IPC_CMD_NOTI  len:8 mseq:0 aseq:ff
E/use-Rlog/RLOG-RIL( 1715): RX: ---- DATA BEGIN ----
E/use-Rlog/RLOG-RIL( 1715): RX: 02 
E/use-Rlog/RLOG-RIL( 1715): RX: ---- DATA  END ----
E/use-Rlog/RLOG-RIL( 1715): ipc_recv_power()
E/use-Rlog/RLOG-RIL( 1715): RxPWR_LPMtoNormalCompletedNotify
E/use-Rlog/RLOG-RIL( 1715): currentState(): state(2)
E/use-Rlog/RLOG-RIL( 1715): RIL_onMultiClientUnsolicitedResponse:
E/use-Rlog/RLOG-RIL( 1715): unsupported multiclient unsolicited response code 1000
E/use-Rlog/RLOG-RIL( 1715): polling: prvGetSIMStatus - simCurrentStatus is <2>
I/use-Rlog/RLOG-RIL( 1715): setRadioState: sState 2, s_closed 0
E/use-Rlog/RLOG-RIL( 1715): [EVT]:Req(1), RX(6)
E/use-Rlog/RLOG-RIL( 1715): RX: Time: 2349156676 / 99569
E/use-Rlog/RLOG-RIL( 1715): RX: (M)IPC_SEC_CMD  (S)IPC_SEC_PIN_STATUS  (T)IPC_CMD_NOTI  len:9 mseq:0 aseq:ff
E/use-Rlog/RLOG-RIL( 1715): RX: ---- DATA BEGIN ----
E/use-Rlog/RLOG-RIL( 1715): RX: 00 00 
E/use-Rlog/RLOG-RIL( 1715): RX: ---- DATA  END ----
E/use-Rlog/RLOG-RIL( 1715): RxSEC_ResPinStatus!!!
E/use-Rlog/RLOG-RIL( 1715): RADIO_STATE_SIM_READY : simCurrentStatus is <4>
E/use-Rlog/RLOG-RIL( 1715): RIL_onRequestComplete: tok(0x406a4cd0)
E/use-Rlog/RLOG-RIL( 1715): [RM REQ]: req(0x406a4ce8), tok(0x406a4cd0)
E/use-Rlog/RLOG-RIL( 1715): [EVT]:Req(0), RX(5)
E/use-Rlog/RLOG-RIL( 1715): [EVT]:Req(0), RX(5)
E/use-Rlog/RLOG-RIL( 1715): RX: Time: 2349156680 / 99573
E/use-Rlog/RLOG-RIL( 1715): RX: (M)IPC_SEC_CMD  (S)IPC_SEC_PIN_STATUS  (T)IPC_CMD_NOTI  len:9 mseq:0 aseq:ff
E/use-Rlog/RLOG-RIL( 1715): RX: ---- DATA BEGIN ----
E/use-Rlog/RLOG-RIL( 1715): RX: 82 00 
E/use-Rlog/RLOG-RIL( 1715): RX: ---- DATA  END ----
E/use-Rlog/RLOG-RIL( 1715): ipc_recv_security()
E/use-Rlog/RLOG-RIL( 1715): RxSEC_ResPinStatus!!!
E/use-Rlog/RLOG-RIL( 1715): IPC_SEC_SIM_INIT_COMPLETED !!
E/use-Rlog/RLOG-RIL( 1715): currentState(): state(4)
E/use-Rlog/RLOG-RIL( 1715): RIL_onMultiClientUnsolicitedResponse:
E/use-Rlog/RLOG-RIL( 1715): unsupported multiclient unsolicited response code 1000
E/use-Rlog/RLOG-RIL( 1715): onSIMReady
I/use-Rlog/RLOG-RIL( 1715): setRadioState: sState 4, s_closed 0
E/use-Rlog/RLOG-RIL( 1715): CreateInternalRequest(): req(0x406a4f68), id(0), tok(NULL)
E/use-Rlog/RLOG-RIL( 1715): [EVT]:Req(1), RX(4)
E/use-Rlog/RLOG-RIL( 1715): RX: Time: 2349156681 / 99574
E/use-Rlog/RLOG-RIL( 1715): RX: (M)IPC_SMS_CMD  (S)IPC_SMS_DEVICE_READY  (T)IPC_CMD_NOTI  len:8 mseq:0 aseq:ff
E/use-Rlog/RLOG-RIL( 1715): RX: ---- DATA BEGIN ----
E/use-Rlog/RLOG-RIL( 1715): RX: 02 
E/use-Rlog/RLOG-RIL( 1715): RX: ---- DATA  END ----
E/use-Rlog/RLOG-RIL( 1715): requestDeviceReadySet()
E/use-Rlog/RLOG-RIL( 1715): TxSMS_SetDeviceReady()
E/use-Rlog/RLOG-RIL( 1715): get_msg_sequence()
E/use-Rlog/RLOG-RIL( 1715): ipc_debug_send_ipc: timestamp 1423983331657160
E/use-Rlog/RLOG-RIL( 1715): TX: Time: 2349156681 / 99574
E/use-Rlog/RLOG-RIL( 1715): TX: (M)IPC_SMS_CMD  (S)IPC_SMS_DEVICE_READY  (T)IPC_CMD_SET  len:7 mseq:2 aseq:0
E/use-Rlog/RLOG-RIL( 1715): WaitForExpectedCmd(): cur_time: 99574, cur_req->timeout: 104574, ph->near_timeout: 104574
E/use-Rlog/RLOG-RIL( 1715): ipc_recv_sms()
E/use-Rlog/RLOG-RIL( 1715): RxSMS_NotiDeviceReady()
E/use-Rlog/RLOG-RIL( 1715): SetGCFModeProperty()
E/use-Rlog/RLOG-RIL( 1715): file not found
E/use-Rlog/RLOG-RILC( 1715): unsupported unsolicited response code 11008
E/use-Rlog/RLOG-RIL( 1715): RIL_onMultiClientUnsolicitedResponse:
E/use-Rlog/RLOG-RIL( 1715): [EVT]:Req(1), RX(3)
E/use-Rlog/RLOG-RIL( 1715): RX: Time: 2349156681 / 99574
E/use-Rlog/RLOG-RIL( 1715): RX: (M)IPC_SEC_CMD  (S)IPC_SEC_PIN_STATUS  (T)IPC_CMD_NOTI  len:9 mseq:0 aseq:ff
E/use-Rlog/RLOG-RIL( 1715): RX: ---- DATA BEGIN ----
E/use-Rlog/RLOG-RIL( 1715): RX: 83 00 
E/use-Rlog/RLOG-RIL( 1715): RX: ---- DATA  END ----
E/use-Rlog/RLOG-RIL( 1715): ipc_recv_security()
E/use-Rlog/RLOG-RIL( 1715): RxSEC_ResPinStatus!!!
E/use-Rlog/RLOG-RIL( 1715): IPC_SEC_PB_INIT_COMPLETED !!
E/use-Rlog/RLOG-RIL( 1715): ril.init = 1
E/use-Rlog/RLOG-RILC( 1715): unsupported unsolicited response code 11010
E/use-Rlog/RLOG-RIL( 1715): RIL_onMultiClientUnsolicitedResponse:
E/use-Rlog/RLOG-RIL( 1715): processLine():
E/use-Rlog/RLOG-RIL( 1715): processLine: got a single frame.
E/use-Rlog/RLOG-RIL( 1715): ipc_debug_send_ipc: timestamp 1423983331658717
E/use-Rlog/RLOG-RIL( 1715): [EVT]:Req(1), RX(3)
E/use-Rlog/RLOG-RIL( 1715): RX: Time: 2349156683 / 99576
E/use-Rlog/RLOG-RIL( 1715): RX: (M)IPC_NET_CMD  (S)IPC_NET_REGIST  (T)IPC_CMD_NOTI  len:12 mseq:0 aseq:ff
E/use-Rlog/RLOG-RIL( 1715): RX: ---- DATA BEGIN ----
E/use-Rlog/RLOG-RIL( 1715): RX: 04 02 02 63 F7 5C 
E/use-Rlog/RLOG-RIL( 1715): RX: 5F 08 6F 00 00 
E/use-Rlog/RLOG-RIL( 1715): RX: ---- DATA  END ----
E/use-Rlog/RLOG-RIL( 1715): ipc_recv_network()
E/use-Rlog/RLOG-RIL( 1715): RxNET_ResNetworkRegistration()
E/use-Rlog/RLOG-RIL( 1715): RegiStatus_Ipc2Ril()
E/use-Rlog/RLOG-RIL( 1715): RxNET_ResNetworkRegistration: cs_reg_status: 1, rej_cause 0
E/use-Rlog/RLOG-RIL( 1715): RIL_onMultiClientUnsolicitedResponse:
E/use-Rlog/RLOG-RIL( 1715): unsupported multiclient unsolicited response code 1002
E/use-Rlog/RLOG-RIL( 1715): [EVT]:Req(1), RX(2)
E/use-Rlog/RLOG-RIL( 1715): RX: Time: 2349156687 / 99580
E/use-Rlog/RLOG-RIL( 1715): RX: (M)IPC_NET_CMD  (S)IPC_NET_REGIST  (T)IPC_CMD_NOTI  len:12 mseq:0 aseq:ff
E/use-Rlog/RLOG-RIL( 1715): RX: ---- DATA BEGIN ----
E/use-Rlog/RLOG-RIL( 1715): RX: 04 03 02 63 F7 5C 
E/use-Rlog/RLOG-RIL( 1715): RX: 5F 08 6F 00 00 
E/use-Rlog/RLOG-RIL( 1715): RX: ---- DATA  END ----
E/use-Rlog/RLOG-RIL( 1715): ipc_recv_network()
E/use-Rlog/RLOG-RIL( 1715): RxNET_ResNetworkRegistration()
E/use-Rlog/RLOG-RIL( 1715): RegiStatus_Ipc2Ril()
E/use-Rlog/RLOG-RIL( 1715): RIL_onMultiClientUnsolicitedResponse:
E/use-Rlog/RLOG-RIL( 1715): unsupported multiclient unsolicited response code 1002
E/use-Rlog/RLOG-RIL( 1715): [EVT]:Req(1), RX(1)
E/use-Rlog/RLOG-RIL( 1715): RX: Time: 2349156688 / 99581
E/use-Rlog/RLOG-RIL( 1715): RX: (M)IPC_GEN_CMD  (S)IPC_GEN_PHONE_RES  (T)IPC_CMD_RESP  len:c mseq:0 aseq:2
E/use-Rlog/RLOG-RIL( 1715): RX: ---- DATA BEGIN ----
E/use-Rlog/RLOG-RIL( 1715): RX: 04 07 03 00 80 
E/use-Rlog/RLOG-RIL( 1715): RX: ---- DATA  END ----
E/use-Rlog/RLOG-RIL( 1715): requestDeviceReadySet()
E/use-Rlog/RLOG-RIL( 1715): GR err: 0x8000
E/use-Rlog/RLOG-RIL( 1715): COMPLETE - STATE[1] < 
E/use-Rlog/RLOG-RIL( 1715): [RM REQ]: req(0x406a4f68), tok(0x0)
E/use-Rlog/RLOG-RIL( 1715): [EVT]:Req(0), RX(0)
E/use-Rlog/RLOG-RIL( 1715): [EVT]:Req(0), RX(0)
E/use-Rlog/RLOG-RIL( 1715): [EVT]:Req(0), RX(0)
D/RILJ    (  945): Serial: 1001283990
D/RILJ    (  945): Error: 0
D/RILJ    (  945): [7638]< RADIO_POWER 
D/RILJ    (  945): Serial: 1001283991
D/RILJ    (  945): Error: 1
D/RilRequest(  945): [7639]< REQUEST_SET_PREFERRED_NETWORK_TYPE error: com.android.internal.telephony.CommandException: RADIO_NOT_AVAILABLE ret=
D/RILJ    (  945): Serial: 1001283992
D/RILJ    (  945): Error: 1
D/RilRequest(  945): [7640]< RIL_REQUEST_CDMA_SET_SUBSCRIPTION_SOURCE error: com.android.internal.telephony.CommandException: RADIO_NOT_AVAILABLE ret=
D/RILJ    (  945): [UNSL]< UNSOL_VOICE_RADIO_TECH_CHANGED {}
D/RILJ    (  945): [UNSL]< UNSOL_RESPONSE_RADIO_STATE_CHANGED RADIO_ON
D/RILJ    (  945): Serial: 1001283993
D/RILJ    (  945): Error: 0
D/RILJ    (  945): [7641]< RADIO_POWER 
D/SubController(  945): [getSubId]- size == 0, return dummy instead
D/SubController(  945): [getSubId]- size == 0, return dummy instead
D/TelephonyManager(  945): setTelephonyProperty property=gsm.operator.alpha propVal=
D/SubController(  945): [getSubId]- size == 0, return dummy instead
D/TelephonyManager(  945): setTelephonyProperty property=gsm.operator.numeric propVal=
D/RILJ    (  945): [UNSL]< UNSOL_RESPONSE_SIM_STATUS_CHANGED
D/RILJ    (  945): [UNSL]< UNSOL_RESPONSE_RADIO_STATE_CHANGED RADIO_ON
D/RILJ    (  945): [UNSL]< UNSOL_RESPONSE_VOICE_NETWORK_STATE_CHANGED
D/RILJ    (  945): [UNSL]< UNSOL_RESPONSE_VOICE_NETWORK_STATE_CHANGED
D/GsmSST  (  945): [GsmSST] operatorNumeric is null
D/SubController(  945): [getSubId]- size == 0, return dummy instead
D/TelephonyManager(  945): setTelephonyProperty property=gsm.operator.iso-country propVal=
D/SubController(  945): [getSubId]- size == 0, return dummy instead
D/TelephonyManager(  945): setTelephonyProperty property=gsm.operator.isroaming propVal=false
D/SubController(  945): [getSubId]- size == 0, return dummy instead
D/DefaultPhoneNotifier(  945): nofityServiceState: mRegistry=com.android.internal.telephony.ITelephonyRegistry$Stub$Proxy@20324c19 ss=3 3 home null null null  Unknown Unknown CSS not supported -1 -1 RoamInd=-1 DefRoamInd=-1 EmergOnly=false sender=Handler (com.android.internal.telephony.gsm.GSMPhone) {c60dbcf} phondId=0 subId=-1
D/SubController(  945): [getSubId]- size == 0, return dummy instead
D/SubController(  945): [getPhoneId] asked for default subId=9223372036854775807
D/SubController(  945): [getPhoneId]- no sims, returning default phoneId=0
D/GsmSST  (  945): [GsmSST] notifyDataRegStateRilRadioTechnologyChanged: drs=3 rat=0
D/SubController(  945): [getSubId]- size == 0, return dummy instead
D/TelephonyManager(  945): setTelephonyProperty property=gsm.network.type propVal=Unknown
D/GsmSST  (  945): [GsmSST] Iwlan feature available = false
D/GsmSST  (  945): [GsmSST] Iwlan feature available = false
D/GsmDCT  (  945): [0]get all active apn types
D/GsmSST  (  945): [GsmSST] Iwlan feature available = false
D/ModemStackController(  945): EVENT_RADIO_AVAILABLE
D/ModemStackController(  945): processRadioAvailable on phoneId = 0
D/RILJ    (  945): GetModemCapability
D/RILJ    (  945): [7642]> OEM_HOOK_RAW[514f454d484f4f4b2300080000000000]
E/use-Rlog/RLOG-RIL( 1715): onRequest: OEM_HOOK_RAW
E/use-Rlog/RLOG-RIL( 1715): CreateRequest(): req(0x406a4d58), id(59), tok(0x406a4d40) - FUNC(0x404d68c1)
E/use-Rlog/RLOG-RIL( 1715): [EVT]:Req(1), RX(0)
E/use-Rlog/RLOG-RIL( 1715): requestOEMHookRaw
E/use-Rlog/RLOG-RIL( 1715): requestOEMHookRaw : check validity failure
E/use-Rlog/RLOG-RIL( 1715): RIL_onRequestComplete: tok(0x406a4d40)
E/use-Rlog/RLOG-RIL( 1715): [RM REQ]: req(0x406a4d58), tok(0x406a4d40)
E/use-Rlog/RLOG-RIL( 1715): [EVT]:Req(0), RX(0)
E/use-Rlog/RLOG-RIL( 1715): [EVT]:Req(0), RX(0)
D/RILJ    (  945): Serial: 1001283994
D/RILJ    (  945): Error: 2
D/RilRequest(  945): [7642]< OEM_HOOK_RAW error: com.android.internal.telephony.CommandException: GENERIC_FAILURE ret=
D/GsmDCT  (  945): [0]handleMessage msg={ when=-124ms what=270337 obj=android.os.AsyncResult@14ca9316 target=com.android.internal.telephony.dataconnection.DcTracker }
D/GsmDCT  (  945): [0]onRadioAvailable
D/GsmDCT  (  945): [0]overall state is IDLE
D/RILJ    (  945): [7643]> BASEBAND_VERSION
E/use-Rlog/RLOG-RIL( 1715): onRequest: BASEBAND_VERSION
E/use-Rlog/RLOG-RIL( 1715): CreateRequest(): req(0x406a4d40), id(51), tok(0x406a4c30) - FUNC(0x404d6471)
E/use-Rlog/RLOG-RIL( 1715): [EVT]:Req(1), RX(0)
E/use-Rlog/RLOG-RIL( 1715): requestGetMobileEquipVersion
E/use-Rlog/RLOG-RIL( 1715): TxMISC_GetMobileEquipVersion()
E/use-Rlog/RLOG-RIL( 1715): get_msg_sequence()
E/use-Rlog/RLOG-RIL( 1715): ipc_debug_send_ipc: timestamp 1423983331778223
E/use-Rlog/RLOG-RIL( 1715): TX: Time: 2349156802 / 99695
E/use-Rlog/RLOG-RIL( 1715): TX: (M)IPC_MISC_CMD  (S)IPC_MISC_ME_VERSION  (T)IPC_CMD_GET  len:8 mseq:3 aseq:0
E/use-Rlog/RLOG-RIL( 1715): TX: ---- DATA BEGIN ----
E/use-Rlog/RLOG-RIL( 1715): TX: FF 
E/use-Rlog/RLOG-RIL( 1715): TX: ---- DATA  END ----
E/use-Rlog/RLOG-RIL( 1715): WaitForExpectedCmd(): cur_time: 99695, cur_req->timeout: 104695, ph->near_timeout: 104695
D/RILJ    (  945): [7644]> GET_IMEI
E/use-Rlog/RLOG-RIL( 1715): onRequest: GET_IMEI
E/use-Rlog/RLOG-RIL( 1715): CreateRequest(): req(0x406a4db8), id(38), tok(0x406a4da0) - FUNC(0x404d6a29)
E/use-Rlog/RLOG-RIL( 1715): [EVT]:Req(2), RX(0)
D/RILJ    (  945): [7645]> GET_IMEISV
E/use-Rlog/RLOG-RIL( 1715): processLine():
E/use-Rlog/RLOG-RIL( 1715): processLine: got a single frame.
E/use-Rlog/RLOG-RIL( 1715): ipc_debug_send_ipc: timestamp 1423983331787440
E/use-Rlog/RLOG-RIL( 1715): [EVT]:Req(2), RX(1)
E/use-Rlog/RLOG-RIL( 1715): RX: Time: 2349156811 / 99704
E/use-Rlog/RLOG-RIL( 1715): RX: (M)IPC_MISC_CMD  (S)IPC_MISC_ME_VERSION  (T)IPC_CMD_RESP  len:101 mseq:0 aseq:3
E/use-Rlog/RLOG-RIL( 1715): RX: ---- DATA BEGIN ----
E/use-Rlog/RLOG-RIL( 1715): RX: FF 54 36 37 39 55 
E/use-Rlog/RLOG-RIL( 1715): RX: 56 4B 4A 31 00 00 
E/use-Rlog/RLOG-RIL( 1715): RX: 00 00 00 00 00 00 
E/use-Rlog/RLOG-RIL( 1715): RX: 00 00 00 00 00 00 
E/use-Rlog/RLOG-RIL( 1715): RX: 00 00 00 00 00 00 
E/use-Rlog/RLOG-RIL( 1715): RX: 00 00 00 52 45 56 
E/use-Rlog/RLOG-RIL( 1715): RX: 31 2E 30 00 00 00 
E/use-Rlog/RLOG-RIL( 1715): RX: 00 00 00 00 00 00 
E/use-Rlog/RLOG-RIL( 1715): RX: 00 00 00 00 00 00 
E/use-Rlog/RLOG-RIL( 1715): RX: 00 00 00 00 00 00 
E/use-Rlog/RLOG-RIL( 1715): RX: 00 00 00 00 00 32 
E/use-Rlog/RLOG-RIL( 1715): RX: 30 31 31 2E 31 32 
E/use-Rlog/RLOG-RIL( 1715): RX: 2E 31 30 00 00 00 
E/use-Rlog/RLOG-RIL( 1715): RX: 00 00 00 00 00 00 
E/use-Rlog/RLOG-RIL( 1715): RX: 00 00 00 00 00 00 
E/use-Rlog/RLOG-RIL( 1715): RX: 00 00 00 00 00 00 
E/use-Rlog/RLOG-RIL( 1715): RX: 00 53 47 48 2D 54 
E/use-Rlog/RLOG-RIL( 1715): RX: 36 37 39 44 42 59 
E/use-Rlog/RLOG-RIL( 1715): RX: 54 4D 42 00 00 00 
E/use-Rlog/RLOG-RIL( 1715): RX: 00 00 00 00 00 00 
E/use-Rlog/RLOG-RIL( 1715): RX: 00 00 00 00 00 00 
E/use-Rlog/RLOG-RIL( 1715): RX: 00 00 00 00 00 00 
E/use-Rlog/RLOG-RIL( 1715): RX: 00 00 00 00 00 00 
E/use-Rlog/RLOG-RIL( 1715): RX: 00 00 00 00 00 00 
E/use-Rlog/RLOG-RIL( 1715): RX: 00 00 00 00 00 00 
E/use-Rlog/RLOG-RIL( 1715): RX: 00 00 00 00 00 00 
E/use-Rlog/RLOG-RIL( 1715): RX: 00 00 00 00 00 00 
E/use-Rlog/RLOG-RIL( 1715): RX: 00 00 00 00 00 00 
E/use-Rlog/RLOG-RIL( 1715): RX: 00 00 00 00 00 00 
E/use-Rlog/RLOG-RIL( 1715): RX: 00 00 00 00 00 00 
E/use-Rlog/RLOG-RIL( 1715): RX: 00 00 00 00 00 00 
E/use-Rlog/RLOG-RIL( 1715): RX: 00 00 00 00 00 00 
E/use-Rlog/RLOG-RIL( 1715): RX: 00 00 00 00 00 00 
E/use-Rlog/RLOG-RIL( 1715): RX: 00 00 00 00 00 00 
E/use-Rlog/RLOG-RIL( 1715): RX: 00 00 00 00 00 00 
E/use-Rlog/RLOG-RIL( 1715): RX: 00 00 00 00 00 00 
E/use-Rlog/RLOG-RIL( 1715): RX: 00 00 00 00 00 00 
E/use-Rlog/RLOG-RIL( 1715): RX: 00 00 00 00 00 00 
E/use-Rlog/RLOG-RIL( 1715): RX: 00 00 00 00 00 00 
E/use-Rlog/RLOG-RIL( 1715): RX: 00 00 00 00 00 00 
E/use-Rlog/RLOG-RIL( 1715): RX: 00 00 00 00 00 00 
E/use-Rlog/RLOG-RIL( 1715): RX: 00 00 00 00 
E/use-Rlog/RLOG-RIL( 1715): RX: ---- DATA  END ----
E/use-Rlog/RLOG-RIL( 1715): requestGetMobileEquipVersion
E/use-Rlog/RLOG-RIL( 1715): RxMISC_ResMobileEquipVersion()
E/use-Rlog/RLOG-RIL( 1715): ril.sw_ver=T679UVKJ1
E/use-Rlog/RLOG-RIL( 1715): ril.hw_ver=REV1.0
E/use-Rlog/RLOG-RIL( 1715): ril.rfcal_date=2011.12.10
E/use-Rlog/RLOG-RIL( 1715): ril.product_code=SGH-T679DBYTMB
E/use-Rlog/RLOG-RIL( 1715): RIL_onRequestComplete: tok(0x406a4c30)
E/use-Rlog/RLOG-RIL( 1715): CreateInternalRequest(): req(0x406a4f68), id(0), tok(NULL)
E/use-Rlog/RLOG-RIL( 1715): CreateInternalRequest(): req(0x4055d110), id(0), tok(NULL)
E/use-Rlog/RLOG-RIL( 1715): [RM REQ]: req(0x406a4d40), tok(0x406a4c30)
E/use-Rlog/RLOG-RIL( 1715): [EVT]:Req(3), RX(0)
E/use-Rlog/RLOG-RIL( 1715): [EVT]:Req(3), RX(0)
E/use-Rlog/RLOG-RIL( 1715): requestGetIMEI
E/use-Rlog/RLOG-RIL( 1715): TxMISC_GetMobileEquipSerialNumber()
E/use-Rlog/RLOG-RIL( 1715): get_msg_sequence()
E/use-Rlog/RLOG-RIL( 1715): ipc_debug_send_ipc: timestamp 1423983331794367
E/use-Rlog/RLOG-RIL( 1715): TX: Time: 2349156818 / 99711
E/use-Rlog/RLOG-RIL( 1715): TX: (M)IPC_MISC_CMD  (S)IPC_MISC_ME_SN  (T)IPC_CMD_GET  len:8 mseq:4 aseq:0
E/use-Rlog/RLOG-RIL( 1715): TX: ---- DATA BEGIN ----
E/use-Rlog/RLOG-RIL( 1715): TX: 01 
E/use-Rlog/RLOG-RIL( 1715): TX: ---- DATA  END ----
E/use-Rlog/RLOG-RIL( 1715): WaitForExpectedCmd(): cur_time: 99711, cur_req->timeout: 104711, ph->near_timeout: 104695
E/use-Rlog/RLOG-RIL( 1715): WaitForEvent(): ETIMEDOUT - 99712
E/use-Rlog/RLOG-RIL( 1715): [EVT]:Req(3), RX(0)
D/RILJ    (  945): Serial: 1001283995
D/RILJ    (  945): Error: 0
D/RILJ    (  945): [7643]< BASEBAND_VERSION T679UVKJ1
E/use-Rlog/RLOG-RIL( 1715): processLine():
E/use-Rlog/RLOG-RIL( 1715): processLine: got a single frame.
E/use-Rlog/RLOG-RIL( 1715): ipc_debug_send_ipc: timestamp 1423983331797114
E/use-Rlog/RLOG-RIL( 1715): [EVT]:Req(3), RX(1)
E/use-Rlog/RLOG-RIL( 1715): RX: Time: 2349156821 / 99714
E/use-Rlog/RLOG-RIL( 1715): RX: (M)IPC_MISC_CMD  (S)IPC_MISC_ME_SN  (T)IPC_CMD_RESP  len:29 mseq:0 aseq:4
E/use-Rlog/RLOG-RIL( 1715): RX: ---- DATA BEGIN ----
E/use-Rlog/RLOG-RIL( 1715): RX: 01 11 33 35 39 38 
E/use-Rlog/RLOG-RIL( 1715): RX: 37 34 30 34 30 39 
E/use-Rlog/RLOG-RIL( 1715): RX: 35 32 35 30 34 30 
E/use-Rlog/RLOG-RIL( 1715): RX: 32 00 00 00 00 00 
E/use-Rlog/RLOG-RIL( 1715): RX: 00 00 00 00 00 00 
E/use-Rlog/RLOG-RIL( 1715): RX: 00 00 00 00 
E/use-Rlog/RLOG-RIL( 1715): RX: ---- DATA  END ----
E/use-Rlog/RLOG-RIL( 1715): requestGetIMEI
E/use-Rlog/RLOG-RIL( 1715): RxMISC_ResMobileEquipSerialNumber()
E/use-Rlog/RLOG-RIL( 1715): sv <359874040952504>
E/use-Rlog/RLOG-RIL( 1715): RIL_onRequestComplete: tok(0x406a4da0)
E/use-Rlog/RLOG-RIL( 1715): IMEI_FILE file open OK.
E/use-Rlog/RLOG-RIL( 1715): chmod 665 /data/radio/ahrh
E/PhoneProxy(  945): [PhoneProxy] EVENT_VOICE_RADIO_TECH_CHANGED: has no tech!
D/GsmSST  (  945): [GsmSST] mDeviceShuttingDown = false
D/GsmSST  (  945): [GsmSST] mDesiredPowerState = true
D/GsmSST  (  945): [GsmSST] getRadioState = RADIO_ON
D/GsmSST  (  945): [GsmSST] mPowerOffDelayNeed = true
D/GsmSST  (  945): [GsmSST] mAlarmSwitch = false
D/RILJ    (  945): [7646]> OPERATOR
E/use-Rlog/RLOG-RIL( 1715): onRequest: GET_IMEISV
E/use-Rlog/RLOG-RIL( 1715): CreateRequest(): req(0x4055d180), id(39), tok(0x406a4c30) - FUNC(0x404d5509)
D/RILJ    (  945): [7647]> DATA_REGISTRATION_STATE
D/RILJ    (  945): [7648]> VOICE_REGISTRATION_STATE
D/RILJ    (  945): [7649]> QUERY_NETWORK_SELECTION_MODE
E/use-Rlog/RLOG-RIL( 1715): requestGetIMEI - COMPLETE - STATE[1] < 
E/use-Rlog/RLOG-RIL( 1715): CreateInternalRequest(): req(0x4055d1e0), id(0), tok(NULL)
E/use-Rlog/RLOG-RIL( 1715): CreateInternalRequest(): req(0x4055d240), id(0), tok(NULL)
E/use-Rlog/RLOG-RIL( 1715): CreateInternalRequest(): req(0x4055d2a0), id(0), tok(NULL)
E/use-Rlog/RLOG-RIL( 1715): [RM REQ]: req(0x406a4db8), tok(0x406a4da0)
E/use-Rlog/RLOG-RIL( 1715): [EVT]:Req(6), RX(0)
E/use-Rlog/RLOG-RIL( 1715): [EVT]:Req(6), RX(0)
E/use-Rlog/RLOG-RIL( 1715): InternalRequestGetDeviceMacAddress()
E/use-Rlog/RLOG-RIL( 1715): TxCFG_GetDeviceMacAddress()
E/use-Rlog/RLOG-RIL( 1715): get_msg_sequence()
E/use-Rlog/RLOG-RIL( 1715): ipc_debug_send_ipc: timestamp 1423983331834650
E/use-Rlog/RLOG-RIL( 1715): TX: Time: 2349156858 / 99751
E/use-Rlog/RLOG-RIL( 1715): TX: (M)IPC_CFG_CMD  (S)IPC_CFG_MAC_ADDRESS  (T)IPC_CMD_GET  len:8 mseq:5 aseq:0
E/use-Rlog/RLOG-RIL( 1715): TX: ---- DATA BEGIN ----
E/use-Rlog/RLOG-RIL( 1715): TX: 02 
E/use-Rlog/RLOG-RIL( 1715): TX: ---- DATA  END ----
E/use-Rlog/RLOG-RIL( 1715): WaitForExpectedCmd(): cur_time: 99752, cur_req->timeout: 149752, ph->near_timeout: 104711
E/use-Rlog/RLOG-RIL( 1715): processLine():
E/use-Rlog/RLOG-RIL( 1715): processLine: got a single frame.
E/use-Rlog/RLOG-RIL( 1715): ipc_debug_send_ipc: timestamp 1423983331836176
E/use-Rlog/RLOG-RIL( 1715): onRequest: OPERATOR
E/use-Rlog/RLOG-RIL( 1715): CreateRequest(): req(0x4055d340), id(22), tok(0x4055d328) - FUNC(0x404d4231)
E/use-Rlog/RLOG-RIL( 1715): onRequest: RIL_REQUEST_GPRS_REGISTRATION_STATE
E/use-Rlog/RLOG-RIL( 1715): CreateRequest(): req(0x4055d3b8), id(21), tok(0x4055d3a0) - FUNC(0x404d42bd)
E/use-Rlog/RLOG-RIL( 1715): [EVT]:Req(8), RX(1)
E/use-Rlog/RLOG-RIL( 1715): RX: Time: 2349156861 / 99754
E/use-Rlog/RLOG-RIL( 1715): RX: (M)IPC_CFG_CMD  (S)IPC_CFG_MAC_ADDRESS  (T)IPC_CMD_RESP  len:f mseq:0 aseq:5
E/use-Rlog/RLOG-RIL( 1715): RX: ---- DATA BEGIN ----
E/use-Rlog/RLOG-RIL( 1715): RX: 02 06 B0 D0 9C C7 
E/use-Rlog/RLOG-RIL( 1715): RX: C9 37 
E/use-Rlog/RLOG-RIL( 1715): RX: ---- DATA  END ----
E/use-Rlog/RLOG-RIL( 1715): requestOperator()
E/use-Rlog/RLOG-RIL( 1715): TxNET_GetCurrentPLMN()
E/use-Rlog/RLOG-RIL( 1715): get_msg_sequence()
E/use-Rlog/RLOG-RIL( 1715): ipc_debug_send_ipc: timestamp 1423983331837366
E/use-Rlog/RLOG-RIL( 1715): TX: Time: 2349156861 / 99754
E/use-Rlog/RLOG-RIL( 1715): TX: (M)IPC_NET_CMD  (S)IPC_NET_SERVING_NETWORK  (T)IPC_CMD_GET  len:7 mseq:6 aseq:0
E/use-Rlog/RLOG-RIL( 1715): WaitForExpectedCmd(): cur_time: 99754, cur_req->timeout: 134754, ph->near_timeout: 99751
E/use-Rlog/RLOG-RIL( 1715): InternalRequestGetDeviceMacAddress()
E/use-Rlog/RLOG-RIL( 1715): RxCFG_ResDeviceMACAddress()
E/use-Rlog/RLOG-RIL( 1715): processLine():
E/use-Rlog/RLOG-RIL( 1715): processLine: got a single frame.
E/use-Rlog/RLOG-RIL( 1715): ipc_debug_send_ipc: timestamp 1423983331838984
E/use-Rlog/RLOG-RIL( 1715): Dev MAC(02): B0D09CC7C937
E/use-Rlog/RLOG-RIL( 1715): TxCFG_GetDeviceMacAddress()
E/use-Rlog/RLOG-RIL( 1715): get_msg_sequence()
E/use-Rlog/RLOG-RIL( 1715): ipc_debug_send_ipc: timestamp 1423983331843348
E/use-Rlog/RLOG-RIL( 1715): TX: Time: 2349156867 / 99760
E/use-Rlog/RLOG-RIL( 1715): TX: (M)IPC_CFG_CMD  (S)IPC_CFG_MAC_ADDRESS  (T)IPC_CMD_GET  len:8 mseq:7 aseq:0
E/use-Rlog/RLOG-RIL( 1715): TX: ---- DATA BEGIN ----
E/use-Rlog/RLOG-RIL( 1715): TX: 01 
E/use-Rlog/RLOG-RIL( 1715): TX: ---- DATA  END ----
E/use-Rlog/RLOG-RIL( 1715): WaitForExpectedCmd(): cur_time: 99760, cur_req->timeout: 149760, ph->near_timeout: 99751
E/use-Rlog/RLOG-RIL( 1715): [EVT]:Req(8), RX(1)
E/use-Rlog/RLOG-RIL( 1715): RX: Time: 2349156867 / 99760
E/use-Rlog/RLOG-RIL( 1715): RX: (M)IPC_NET_CMD  (S)IPC_NET_SERVING_NETWORK  (T)IPC_CMD_RESP  len:12 mseq:0 aseq:6
E/use-Rlog/RLOG-RIL( 1715): RX: ---- DATA BEGIN ----
E/use-Rlog/RLOG-RIL( 1715): RX: 02 02 04 33 31 30 
E/use-Rlog/RLOG-RIL( 1715): RX: 32 36 30 F7 5C 
E/use-Rlog/RLOG-RIL( 1715): RX: ---- DATA  END ----
E/use-Rlog/RLOG-RIL( 1715): requestOperator()
E/use-Rlog/RLOG-RIL( 1715): lookupOpnameTable(): PLMN(310260)
E/use-Rlog/RLOG-RIL( 1715): RxNET_ResCurrentPLMN(): PLMN(310260), OP1((T-Mobile ) OP2(T-Mobile )
E/use-Rlog/RLOG-RIL( 1715): RIL_onRequestComplete: tok(0x4055d328)
E/use-Rlog/RLOG-RIL( 1715): [RM REQ]: req(0x4055d340), tok(0x4055d328)
E/use-Rlog/RLOG-RIL( 1715): [EVT]:Req(7), RX(0)
E/use-Rlog/RLOG-RIL( 1715): [EVT]:Req(7), RX(0)
E/use-Rlog/RLOG-RIL( 1715): requestGprsRegistrationState()
E/use-Rlog/RLOG-RIL( 1715): TxNET_GetDataNetworkRegistration()
E/use-Rlog/RLOG-RIL( 1715): get_msg_sequence()
E/use-Rlog/RLOG-RIL( 1715): ipc_debug_send_ipc: timestamp 1423983331843928
E/use-Rlog/RLOG-RIL( 1715): TX: Time: 2349156867 / 99761
E/use-Rlog/RLOG-RIL( 1715): TX: (M)IPC_NET_CMD  (S)IPC_NET_REGIST  (T)IPC_CMD_GET  len:9 mseq:8 aseq:0
E/use-Rlog/RLOG-RIL( 1715): TX: ---- DATA BEGIN ----
E/use-Rlog/RLOG-RIL( 1715): TX: FF 03 
E/use-Rlog/RLOG-RIL( 1715): TX: ---- DATA  END ----
E/use-Rlog/RLOG-RIL( 1715): WaitForExpectedCmd(): cur_time: 99761, cur_req->timeout: 134761, ph->near_timeout: 99751
E/use-Rlog/RLOG-RIL( 1715): [EVT]:Req(7), RX(0)
E/use-Rlog/RLOG-RIL( 1715): processLine():
E/use-Rlog/RLOG-RIL( 1715): processLine: got a single frame.
E/use-Rlog/RLOG-RIL( 1715): ipc_debug_send_ipc: timestamp 1423983331845026
E/use-Rlog/RLOG-RIL( 1715): [EVT]:Req(7), RX(1)
E/use-Rlog/RLOG-RIL( 1715): RX: Time: 2349156869 / 99762
E/use-Rlog/RLOG-RIL( 1715): RX: (M)IPC_CFG_CMD  (S)IPC_CFG_MAC_ADDRESS  (T)IPC_CMD_RESP  len:f mseq:0 aseq:7
E/use-Rlog/RLOG-RIL( 1715): RX: ---- DATA BEGIN ----
E/use-Rlog/RLOG-RIL( 1715): RX: 01 06 B0 D0 9C C7 
E/use-Rlog/RLOG-RIL( 1715): RX: C9 38 
E/use-Rlog/RLOG-RIL( 1715): RX: ---- DATA  END ----
E/use-Rlog/RLOG-RIL( 1715): InternalRequestGetDeviceMacAddress()
E/use-Rlog/RLOG-RIL( 1715): RxCFG_ResDeviceMACAddress()
E/use-Rlog/RLOG-RIL( 1715): valid Mac Address : B0:D0:9C:C7:C9:38, length : 17
E/use-Rlog/RLOG-RIL( 1715): copy to file
E/use-Rlog/RLOG-RIL( 1715): copyWIFIMacAddressToData()
E/use-Rlog/RLOG-RIL( 1715): processLine():
E/use-Rlog/RLOG-RIL( 1715): processLine: got a single frame.
E/use-Rlog/RLOG-RIL( 1715): ipc_debug_send_ipc: timestamp 1423983331846308
E/use-Rlog/RLOG-RIL( 1715): /data/.nvmac.info file open OK.
E/use-Rlog/RLOG-RIL( 1715): Dev MAC(01): B0:D0:9C:C7:C9:38
E/use-Rlog/RLOG-RIL( 1715): [RM REQ]: req(0x406a4f68), tok(0x0)
E/use-Rlog/RLOG-RIL( 1715): [EVT]:Req(6), RX(1)
E/use-Rlog/RLOG-RIL( 1715): [EVT]:Req(6), RX(1)
E/use-Rlog/RLOG-RIL( 1715): RX: Time: 2349156870 / 99764
E/use-Rlog/RLOG-RIL( 1715): RX: (M)IPC_NET_CMD  (S)IPC_NET_REGIST  (T)IPC_CMD_RESP  len:12 mseq:0 aseq:8
E/use-Rlog/RLOG-RIL( 1715): RX: ---- DATA BEGIN ----
E/use-Rlog/RLOG-RIL( 1715): RX: 04 03 02 63 F7 5C 
E/use-Rlog/RLOG-RIL( 1715): RX: 5F 08 6F 00 00 
E/use-Rlog/RLOG-RIL( 1715): RX: ---- DATA  END ----
E/use-Rlog/RLOG-RIL( 1715): AP NV MPS_CODE open error.
E/use-Rlog/RLOG-RIL( 1715): [RM REQ]: req(0x4055d110), tok(0x0)
E/use-Rlog/RLOG-RIL( 1715): [EVT]:Req(5), RX(0)
E/use-Rlog/RLOG-RIL( 1715): requestGprsRegistrationState()
E/use-Rlog/RLOG-RIL( 1715): RxNET_ResNetworkRegistration()
E/use-Rlog/RLOG-RIL( 1715): RegiStatus_Ipc2Ril()
E/use-Rlog/RLOG-RIL( 1715): RIL_onRequestComplete: tok(0x4055d3a0)
E/use-Rlog/RLOG-RIL( 1715): [RM REQ]: req(0x4055d3b8), tok(0x4055d3a0)
E/use-Rlog/RLOG-RIL( 1715): [EVT]:Req(4), RX(0)
E/use-Rlog/RLOG-RIL( 1715): [EVT]:Req(4), RX(0)
E/use-Rlog/RLOG-RIL( 1715): requestGetIMEISV
E/use-Rlog/RLOG-RIL( 1715): RIL_onRequestComplete: tok(0x406a4c30)
E/use-Rlog/RLOG-RIL( 1715): requestGetIMEISV - COMPLETE - IMEISV[02] < 
E/use-Rlog/RLOG-RIL( 1715): [RM REQ]: req(0x4055d180), tok(0x406a4c30)
E/use-Rlog/RLOG-RIL( 1715): [EVT]:Req(3), RX(0)
E/use-Rlog/RLOG-RIL( 1715): [EVT]:Req(3), RX(0)
E/use-Rlog/RLOG-RIL( 1715): InternalRequestGetMobileEquipSerialNumber()
E/use-Rlog/RLOG-RIL( 1715): TxMISC_GetMobileEquipSerialNumber_SerialNumber()
E/use-Rlog/RLOG-RIL( 1715): get_msg_sequence()
E/use-Rlog/RLOG-RIL( 1715): ipc_debug_send_ipc: timestamp 1423983331850184
E/use-Rlog/RLOG-RIL( 1715): TX: Time: 2349156874 / 99767
E/use-Rlog/RLOG-RIL( 1715): TX: (M)IPC_MISC_CMD  (S)IPC_MISC_ME_SN  (T)IPC_CMD_GET  len:8 mseq:9 aseq:0
E/use-Rlog/RLOG-RIL( 1715): TX: ---- DATA BEGIN ----
E/use-Rlog/RLOG-RIL( 1715): TX: 04 
E/use-Rlog/RLOG-RIL( 1715): TX: ---- DATA  END ----
E/use-Rlog/RLOG-RIL( 1715): WaitForExpectedCmd(): cur_time: 99767, cur_req->timeout: 104767, ph->near_timeout: 104767
E/use-Rlog/RLOG-RIL( 1715): onRequest: RIL_REQUEST_REGISTRATION_STATE
E/use-Rlog/RLOG-RIL( 1715): CreateRequest(): req(0x4055d300), id(20), tok(0x406a4c30) - FUNC(0x404d4349)
E/use-Rlog/RLOG-RIL( 1715): processLine():
E/use-Rlog/RLOG-RIL( 1715): processLine: got a single frame.
E/use-Rlog/RLOG-RIL( 1715): ipc_debug_send_ipc: timestamp 1423983331852808
E/use-Rlog/RLOG-RIL( 1715): [EVT]:Req(4), RX(1)
E/use-Rlog/RLOG-RIL( 1715): RX: Time: 2349156877 / 99770
E/use-Rlog/RLOG-RIL( 1715): RX: (M)IPC_MISC_CMD  (S)IPC_MISC_ME_SN  (T)IPC_CMD_RESP  len:29 mseq:0 aseq:9
E/use-Rlog/RLOG-RIL( 1715): RX: ---- DATA BEGIN ----
E/use-Rlog/RLOG-RIL( 1715): RX: 04 0B 30 30 30 30 
E/use-Rlog/RLOG-RIL( 1715): RX: 30 30 30 30 30 30 
E/use-Rlog/RLOG-RIL( 1715): RX: 30 00 00 00 00 00 
E/use-Rlog/RLOG-RIL( 1715): RX: 00 00 00 00 00 00 
E/use-Rlog/RLOG-RIL( 1715): RX: 00 00 00 00 00 00 
E/use-Rlog/RLOG-RIL( 1715): RX: 00 00 00 00 
E/use-Rlog/RLOG-RIL( 1715): RX: ---- DATA  END ----
E/use-Rlog/RLOG-RIL( 1715): requestRegistrationState()
E/use-Rlog/RLOG-RIL( 1715): TxNET_GetNetworkRegistration()
E/use-Rlog/RLOG-RIL( 1715): get_msg_sequence()
E/use-Rlog/RLOG-RIL( 1715): ipc_debug_send_ipc: timestamp 1423983331853754
E/use-Rlog/RLOG-RIL( 1715): TX: Time: 2349156877 / 99771
E/use-Rlog/RLOG-RIL( 1715): TX: (M)IPC_NET_CMD  (S)IPC_NET_REGIST  (T)IPC_CMD_GET  len:9 mseq:a aseq:0
E/use-Rlog/RLOG-RIL( 1715): TX: ---- DATA BEGIN ----
E/use-Rlog/RLOG-RIL( 1715): TX: FF 02 
E/use-Rlog/RLOG-RIL( 1715): TX: ---- DATA  END ----
E/use-Rlog/RLOG-RIL( 1715): WaitForExpectedCmd(): cur_time: 99771, cur_req->timeout: 134771, ph->near_timeout: 104767
E/use-Rlog/RLOG-RIL( 1715): InternalRequestGetMobileEquipSerialNumber()
E/use-Rlog/RLOG-RIL( 1715): RxMISC_ResMobileEquipSerialNumber_SerialNumber()
E/use-Rlog/RLOG-RIL( 1715): serial number <00000000000>
E/use-Rlog/RLOG-RIL( 1715): RIL_onRequestComplete: tok(0x0)
E/use-Rlog/RLOG-RILC( 1715): RIL_onRequestComplete: invalid RIL_Token
E/use-Rlog/RLOG-RIL( 1715): InternalRequestGetMobileEquipSerialNumber - COMPLETE - STATE[1] < 
E/use-Rlog/RLOG-RIL( 1715): [RM REQ]: req(0x4055d1e0), tok(0x0)
E/use-Rlog/RLOG-RIL( 1715): [EVT]:Req(3), RX(0)
E/use-Rlog/RLOG-RIL( 1715): [EVT]:Req(3), RX(0)
E/use-Rlog/RLOG-RIL( 1715): InternalRequestGetMobileEquipManufactureDate()
E/use-Rlog/RLOG-RIL( 1715): TxMISC_GetMobileEquipSerialNumber_ManufactureDate()
E/use-Rlog/RLOG-RIL( 1715): get_msg_sequence()
E/use-Rlog/RLOG-RIL( 1715): ipc_debug_send_ipc: timestamp 1423983331854639
E/use-Rlog/RLOG-RIL( 1715): TX: Time: 2349156878 / 99771
E/use-Rlog/RLOG-RIL( 1715): TX: (M)IPC_MISC_CMD  (S)IPC_MISC_ME_SN  (T)IPC_CMD_GET  len:8 mseq:b aseq:0
E/use-Rlog/RLOG-RIL( 1715): TX: ---- DATA BEGIN ----
E/use-Rlog/RLOG-RIL( 1715): TX: 05 
E/use-Rlog/RLOG-RIL( 1715): TX: ---- DATA  END ----
E/use-Rlog/RLOG-RIL( 1715): WaitForExpectedCmd(): cur_time: 99772, cur_req->timeout: 104772, ph->near_timeout: 104767
E/use-Rlog/RLOG-RIL( 1715): processLine():
E/use-Rlog/RLOG-RIL( 1715): processLine: got a single frame.
E/use-Rlog/RLOG-RIL( 1715): ipc_debug_send_ipc: timestamp 1423983331855433
E/use-Rlog/RLOG-RIL( 1715): processLine():
E/use-Rlog/RLOG-RIL( 1715): processLine: got a single frame.
E/use-Rlog/RLOG-RIL( 1715): ipc_debug_send_ipc: timestamp 1423983331856562
E/use-Rlog/RLOG-RIL( 1715): [EVT]:Req(3), RX(2)
E/use-Rlog/RLOG-RIL( 1715): RX: Time: 2349156880 / 99773
E/use-Rlog/RLOG-RIL( 1715): RX: (M)IPC_NET_CMD  (S)IPC_NET_REGIST  (T)IPC_CMD_RESP  len:12 mseq:0 aseq:a
E/use-Rlog/RLOG-RIL( 1715): RX: ---- DATA BEGIN ----
E/use-Rlog/RLOG-RIL( 1715): RX: 04 02 02 63 F7 5C 
E/use-Rlog/RLOG-RIL( 1715): RX: 5F 08 6F 00 00 
E/use-Rlog/RLOG-RIL( 1715): RX: ---- DATA  END ----
E/use-Rlog/RLOG-RIL( 1715): requestRegistrationState()
E/use-Rlog/RLOG-RIL( 1715): RxNET_ResNetworkRegistration()
E/use-Rlog/RLOG-RIL( 1715): RegiStatus_Ipc2Ril()
E/use-Rlog/RLOG-RIL( 1715): RxNET_ResNetworkRegistration: cs_reg_status: 1, rej_cause 0
E/use-Rlog/RLOG-RIL( 1715): RIL_onRequestComplete: tok(0x406a4c30)
E/use-Rlog/RLOG-RIL( 1715): [RM REQ]: req(0x4055d300), tok(0x406a4c30)
E/use-Rlog/RLOG-RIL( 1715): [EVT]:Req(2), RX(1)
E/use-Rlog/RLOG-RIL( 1715): [EVT]:Req(2), RX(1)
E/use-Rlog/RLOG-RIL( 1715): RX: Time: 2349156883 / 99777
E/use-Rlog/RLOG-RIL( 1715): RX: (M)IPC_MISC_CMD  (S)IPC_MISC_ME_SN  (T)IPC_CMD_RESP  len:29 mseq:0 aseq:b
E/use-Rlog/RLOG-RIL( 1715): RX: ---- DATA BEGIN ----
E/use-Rlog/RLOG-RIL( 1715): RX: 05 00 04 33 31 30 
E/use-Rlog/RLOG-RIL( 1715): RX: 32 36 30 F7 5C 00 
E/use-Rlog/RLOG-RIL( 1715): RX: 00 00 00 00 00 00 
E/use-Rlog/RLOG-RIL( 1715): RX: 00 00 00 00 00 00 
E/use-Rlog/RLOG-RIL( 1715): RX: 00 00 00 00 00 00 
E/use-Rlog/RLOG-RIL( 1715): RX: 00 00 00 00 
E/use-Rlog/RLOG-RIL( 1715): RX: ---- DATA  END ----
E/use-Rlog/RLOG-RIL( 1715): InternalRequestGetMobileEquipManufactureDate()
E/use-Rlog/RLOG-RIL( 1715): RxMISC_ResMobileEquipSerialNumber_ManufactureDate()
E/use-Rlog/RLOG-RIL( 1715): manufacturedate number <310260÷\>
E/use-Rlog/RLOG-RIL( 1715): RIL_onRequestComplete: tok(0x0)
E/use-Rlog/RLOG-RILC( 1715): RIL_onRequestComplete: invalid RIL_Token
E/use-Rlog/RLOG-RIL( 1715): InternalRequestGetMobileEquipManufactureDate - COMPLETE - STATE[1] < 
E/use-Rlog/RLOG-RIL( 1715): [RM REQ]: req(0x4055d240), tok(0x0)
E/use-Rlog/RLOG-RIL( 1715): [EVT]:Req(1), RX(0)
E/use-Rlog/RLOG-RIL( 1715): [EVT]:Req(1), RX(0)
E/use-Rlog/RLOG-RIL( 1715): InternalRequestGetMobileEquipBarcode()
E/use-Rlog/RLOG-RIL( 1715): TxMISC_GetMobileEquipSerialNumber_Barcode()
E/use-Rlog/RLOG-RIL( 1715): get_msg_sequence()
E/use-Rlog/RLOG-RIL( 1715): ipc_debug_send_ipc: timestamp 1423983331863642
E/use-Rlog/RLOG-RIL( 1715): TX: Time: 2349156887 / 99780
E/use-Rlog/RLOG-RIL( 1715): TX: (M)IPC_MISC_CMD  (S)IPC_MISC_ME_SN  (T)IPC_CMD_GET  len:8 mseq:c aseq:0
E/use-Rlog/RLOG-RIL( 1715): TX: ---- DATA BEGIN ----
E/use-Rlog/RLOG-RIL( 1715): TX: 06 
E/use-Rlog/RLOG-RIL( 1715): TX: ---- DATA  END ----
E/use-Rlog/RLOG-RIL( 1715): WaitForExpectedCmd(): cur_time: 99781, cur_req->timeout: 104781, ph->near_timeout: 104772
E/use-Rlog/RLOG-RIL( 1715): processLine():
E/use-Rlog/RLOG-RIL( 1715): processLine: got a single frame.
E/use-Rlog/RLOG-RIL( 1715): ipc_debug_send_ipc: timestamp 1423983331865412
E/use-Rlog/RLOG-RIL( 1715): [EVT]:Req(1), RX(1)
E/use-Rlog/RLOG-RIL( 1715): RX: Time: 2349156889 / 99782
E/use-Rlog/RLOG-RIL( 1715): RX: (M)IPC_MISC_CMD  (S)IPC_MISC_ME_SN  (T)IPC_CMD_RESP  len:29 mseq:0 aseq:c
E/use-Rlog/RLOG-RIL( 1715): RX: ---- DATA BEGIN ----
E/use-Rlog/RLOG-RIL( 1715): RX: 06 00 30 30 30 30 
E/use-Rlog/RLOG-RIL( 1715): RX: 30 30 30 30 30 30 
E/use-Rlog/RLOG-RIL( 1715): RX: 30 00 00 00 00 00 
E/use-Rlog/RLOG-RIL( 1715): RX: 00 00 00 00 00 00 
E/use-Rlog/RLOG-RIL( 1715): RX: 00 00 00 00 00 00 
E/use-Rlog/RLOG-RIL( 1715): RX: 00 00 00 00 
E/use-Rlog/RLOG-RIL( 1715): RX: ---- DATA  END ----
E/use-Rlog/RLOG-RIL( 1715): InternalRequestGetMobileEquipBarcode()
E/use-Rlog/RLOG-RIL( 1715): RxMISC_ResMobileEquipSerialNumber_Barcode()
E/use-Rlog/RLOG-RIL( 1715): barcode number <00000000000>
E/use-Rlog/RLOG-RIL( 1715): RIL_onRequestComplete: tok(0x0)
E/use-Rlog/RLOG-RILC( 1715): RIL_onRequestComplete: invalid RIL_Token
E/use-Rlog/RLOG-RIL( 1715): InternalRequestGetMobileEquipBarcode - COMPLETE - STATE[1] < 
E/use-Rlog/RLOG-RIL( 1715): [RM REQ]: req(0x4055d2a0), tok(0x0)
E/use-Rlog/RLOG-RIL( 1715): [EVT]:Req(0), RX(0)
E/use-Rlog/RLOG-RIL( 1715): [EVT]:Req(0), RX(0)
D/UiccController(  945): Received EVENT_ICC_STATUS_CHANGED, calling getIccCardStatus
D/RILJ    (  945): [7650]> GET_SIM_STATUS
E/use-Rlog/RLOG-RIL( 1715): onRequest: QUERY_NETWORK_SELECTION_MODE
E/use-Rlog/RLOG-RIL( 1715): CreateRequest(): req(0x4055d008), id(45), tok(0x406a4c30) - FUNC(0x404d4465)
E/use-Rlog/RLOG-RIL( 1715): [EVT]:Req(1), RX(0)
E/use-Rlog/RLOG-RIL( 1715): requestQueryNetworkSelectionMode()
E/use-Rlog/RLOG-RIL( 1715): TxNET_GetPLMNSelection()
E/use-Rlog/RLOG-RIL( 1715): get_msg_sequence()
E/use-Rlog/RLOG-RIL( 1715): ipc_debug_send_ipc: timestamp 1423983331870661
E/use-Rlog/RLOG-RIL( 1715): TX: Time: 2349156894 / 99787
E/use-Rlog/RLOG-RIL( 1715): TX: (M)IPC_NET_CMD  (S)IPC_NET_PLMN_SEL  (T)IPC_CMD_GET  len:7 mseq:d aseq:0
E/use-Rlog/RLOG-RIL( 1715): WaitForExpectedCmd(): cur_time: 99788, cur_req->timeout: 134788, ph->near_timeout: 134788
E/use-Rlog/RLOG-RIL( 1715): processLine():
E/use-Rlog/RLOG-RIL( 1715): processLine: got a single frame.
E/use-Rlog/RLOG-RIL( 1715): ipc_debug_send_ipc: timestamp 1423983331873316
E/use-Rlog/RLOG-RIL( 1715): [EVT]:Req(1), RX(1)
E/use-Rlog/RLOG-RIL( 1715): RX: Time: 2349156897 / 99790
E/use-Rlog/RLOG-RIL( 1715): RX: (M)IPC_NET_CMD  (S)IPC_NET_PLMN_SEL  (T)IPC_CMD_RESP  len:e mseq:0 aseq:d
E/use-Rlog/RLOG-RIL( 1715): RX: ---- DATA BEGIN ----
E/use-Rlog/RLOG-RIL( 1715): RX: 02 33 31 30 32 36 
E/use-Rlog/RLOG-RIL( 1715): RX: 30 
E/use-Rlog/RLOG-RIL( 1715): RX: ---- DATA  END ----
E/use-Rlog/RLOG-RIL( 1715): requestQueryNetworkSelectionMode()
E/use-Rlog/RLOG-RIL( 1715): RxNET_ResPLMNSelection()
E/use-Rlog/RLOG-RIL( 1715): RIL_onRequestComplete: tok(0x406a4c30)
E/use-Rlog/RLOG-RIL( 1715): [RM REQ]: req(0x4055d008), tok(0x406a4c30)
E/use-Rlog/RLOG-RIL( 1715): [EVT]:Req(0), RX(0)
E/use-Rlog/RLOG-RIL( 1715): [EVT]:Req(0), RX(0)
D/RILJ    (  945): Serial: 1001283996
D/RILJ    (  945): Error: 0
D/RILJ    (  945): [7644]< GET_IMEI 
D/RILJ    (  945): Serial: 1001283998
D/RILJ    (  945): Error: 0
D/RILJ    (  945): [7646]< OPERATOR {T-Mobile , T-Mobile , 310260}
D/RILJ    (  945): Serial: 1001283999
D/RILJ    (  945): Error: 0
D/RILJ    (  945): [7647]< DATA_REGISTRATION_STATE {1, 5cf7, 006f085f, 3}
D/RILJ    (  945): Serial: 1001283997
D/RILJ    (  945): Error: 0
D/RILJ    (  945): [7645]< GET_IMEISV 
D/RILJ    (  945): Serial: 1001284000
D/RILJ    (  945): Error: 0
D/RILJ    (  945): [7648]< VOICE_REGISTRATION_STATE {1, 5cf7, 006f085f, null, null, null, null, null, null, null, null, null, null, 0}
D/RILJ    (  945): Serial: 1001284001
D/RILJ    (  945): Error: 0
D/RILJ    (  945): [7649]< QUERY_NETWORK_SELECTION_MODE {0}
D/RILJ    (  945): [7651]> GET_CURRENT_CALLS
E/use-Rlog/RLOG-RIL( 1715): onRequest: GET_SIM_STATUS
E/use-Rlog/RLOG-RIL( 1715): CreateRequest(): req(0x4055d008), id(1), tok(0x406a4c30) - FUNC(0x404d2671)
E/use-Rlog/RLOG-RIL( 1715): [EVT]:Req(1), RX(0)
E/use-Rlog/RLOG-RIL( 1715): requestGetSIMStatus state 0
E/use-Rlog/RLOG-RIL( 1715): TxSEC_GetPinStatus()
E/use-Rlog/RLOG-RIL( 1715): get_msg_sequence()
E/use-Rlog/RLOG-RIL( 1715): ipc_debug_send_ipc: timestamp 1423983331884303
E/use-Rlog/RLOG-RIL( 1715): TX: Time: 2349156908 / 99801
E/use-Rlog/RLOG-RIL( 1715): TX: (M)IPC_SEC_CMD  (S)IPC_SEC_PIN_STATUS  (T)IPC_CMD_GET  len:7 mseq:e aseq:0
E/use-Rlog/RLOG-RIL( 1715): WaitForExpectedCmd(): cur_time: 99801, cur_req->timeout: 159801, ph->near_timeout: 159801
E/use-Rlog/RLOG-RIL( 1715): processLine():
E/use-Rlog/RLOG-RIL( 1715): processLine: got a single frame.
E/use-Rlog/RLOG-RIL( 1715): ipc_debug_send_ipc: timestamp 1423983331885828
E/use-Rlog/RLOG-RIL( 1715): [EVT]:Req(1), RX(1)
E/use-Rlog/RLOG-RIL( 1715): RX: Time: 2349156910 / 99803
E/use-Rlog/RLOG-RIL( 1715): RX: (M)IPC_SEC_CMD  (S)IPC_SEC_PIN_STATUS  (T)IPC_CMD_RESP  len:9 mseq:0 aseq:e
E/use-Rlog/RLOG-RIL( 1715): RX: ---- DATA BEGIN ----
E/use-Rlog/RLOG-RIL( 1715): RX: 00 00 
E/use-Rlog/RLOG-RIL( 1715): RX: ---- DATA  END ----
E/use-Rlog/RLOG-RIL( 1715): RxSEC_ResPinStatus!!!
E/use-Rlog/RLOG-RIL( 1715): Rsp : SIM READY
E/use-Rlog/RLOG-RIL( 1715): RIL_onRequestComplete: tok(0x406a4c30)
E/use-Rlog/RLOG-RIL( 1715): [RM REQ]: req(0x4055d008), tok(0x406a4c30)
E/use-Rlog/RLOG-RIL( 1715): [EVT]:Req(0), RX(0)
E/use-Rlog/RLOG-RIL( 1715): [EVT]:Req(0), RX(0)
D/RILJ    (  945): [7652]> RIL_REQUEST_VOICE_RADIO_TECH
E/use-Rlog/RLOG-RIL( 1715): onRequest: GET_CURRENT_CALLS
E/use-Rlog/RLOG-RIL( 1715): CreateRequest(): req(0x4055d008), id(9), tok(0x406a4c30) - FUNC(0x404d00b9)
E/use-Rlog/RLOG-RIL( 1715): [EVT]:Req(1), RX(0)
E/use-Rlog/RLOG-RIL( 1715): requestGetCurrentCalls()
E/use-Rlog/RLOG-RIL( 1715): TxCall_GetCallList()
E/use-Rlog/RLOG-RIL( 1715): get_msg_sequence()
E/use-Rlog/RLOG-RIL( 1715): ipc_debug_send_ipc: timestamp 1423983331888575
E/use-Rlog/RLOG-RIL( 1715): TX: Time: 2349156912 / 99805
E/use-Rlog/RLOG-RIL( 1715): TX: (M)IPC_CALL_CMD  (S)IPC_CALL_LIST  (T)IPC_CMD_GET  len:7 mseq:f aseq:0
E/use-Rlog/RLOG-RIL( 1715): WaitForExpectedCmd(): cur_time: 99805, cur_req->timeout: 104805, ph->near_timeout: 104805
D/RILJ    (  945): Serial: 1001284002
D/RILJ    (  945): Error: 0
E/use-Rlog/RLOG-RIL( 1715): processLine():
E/use-Rlog/RLOG-RIL( 1715): processLine: got a single frame.
E/use-Rlog/RLOG-RIL( 1715): ipc_debug_send_ipc: timestamp 1423983331890284
E/use-Rlog/RLOG-RIL( 1715): [EVT]:Req(1), RX(1)
E/use-Rlog/RLOG-RIL( 1715): RX: Time: 2349156914 / 99807
E/use-Rlog/RLOG-RIL( 1715): RX: (M)IPC_CALL_CMD  (S)IPC_CALL_LIST  (T)IPC_CMD_RESP  len:8 mseq:0 aseq:f
E/use-Rlog/RLOG-RIL( 1715): RX: ---- DATA BEGIN ----
E/use-Rlog/RLOG-RIL( 1715): RX: 00 
E/use-Rlog/RLOG-RIL( 1715): RX: ---- DATA  END ----
E/use-Rlog/RLOG-RIL( 1715): requestGetCurrentCalls()
E/use-Rlog/RLOG-RIL( 1715): RxCall_CallList
E/use-Rlog/RLOG-RIL( 1715): RIL_onRequestComplete: tok(0x406a4c30)
E/use-Rlog/RLOG-RIL( 1715): RxCall_CallList: countCalls 0, err 0x0
E/use-Rlog/RLOG-RIL( 1715): [RM REQ]: req(0x4055d008), tok(0x406a4c30)
E/use-Rlog/RLOG-RIL( 1715): [EVT]:Req(0), RX(0)
E/use-Rlog/RLOG-RIL( 1715): [EVT]:Req(0), RX(0)
E/use-Rlog/RLOG-RIL( 1715): onRequest: DIAL_VIDEO_CALL
E/use-Rlog/RLOG-RIL( 1715): CreateRequest(): req(0x4055d008), id(10010), tok(0x406a4c30) - FUNC(0x404cfe71)
E/use-Rlog/RLOG-RIL( 1715): [EVT]:Req(1), RX(0)
E/use-Rlog/RLOG-RIL( 1715): requestDialVideoCall()
