E/RILC    (  168): Send Response to RIL_SOCKET_1
E/use-Rlog/RLOG-RIL(  168): [RM REQ]: req(0x418b8b20), tok(0x418b8b08)
E/use-Rlog/RLOG-RIL(  168): [EVT]:Req(0), RX(0)
E/use-Rlog/RLOG-RIL(  168): [EVT]:Req(0), RX(0)
D/RILC    (  168): SOCKET RIL_SOCKET_1 REQUEST: DATA_REGISTRATION_STATE length:8
E/use-Rlog/RLOG-RIL(  168): onRequest: DATA_REGISTRATION_STATE
E/use-Rlog/RLOG-RIL(  168): CreateRequest(): req(0x418b8b20), id(21), tok(0x418b8b08) - FUNC(0x405102bd)
E/use-Rlog/RLOG-RIL(  168): [EVT]:Req(1), RX(0)
E/use-Rlog/RLOG-RIL(  168): requestGprsRegistrationState()
E/use-Rlog/RLOG-RIL(  168): TxNET_GetDataNetworkRegistration()
E/use-Rlog/RLOG-RIL(  168): get_msg_sequence()
E/use-Rlog/RLOG-RIL(  168): ipc_debug_send_ipc: timestamp 1424081198743802
E/use-Rlog/RLOG-RIL(  168): TX: Time: 2447023767 / 70623
E/use-Rlog/RLOG-RIL(  168): TX: (M)IPC_NET_CMD  (S)IPC_NET_REGIST  (T)IPC_CMD_GET  len:9 mseq:12 aseq:0
E/use-Rlog/RLOG-RIL(  168): TX: ---- DATA BEGIN ----
E/use-Rlog/RLOG-RIL(  168): TX: FF 03 
E/use-Rlog/RLOG-RIL(  168): TX: ---- DATA  END ----
E/use-Rlog/RLOG-RIL(  168): WaitForExpectedCmd(): cur_time: 70623, cur_req->timeout: 105623, ph->near_timeout: 105623
D/RILJ    (  953): [3672]> VOICE_REGISTRATION_STATE
E/use-Rlog/RLOG-RIL(  168): processLine():
E/use-Rlog/RLOG-RIL(  168): processLine: got a single frame.
E/use-Rlog/RLOG-RIL(  168): ipc_debug_send_ipc: timestamp 1424081198745023
E/use-Rlog/RLOG-RIL(  168): [EVT]:Req(1), RX(1)
E/use-Rlog/RLOG-RIL(  168): RX: Time: 2447023769 / 70624
E/use-Rlog/RLOG-RIL(  168): RX: (M)IPC_NET_CMD  (S)IPC_NET_REGIST  (T)IPC_CMD_RESP  len:12 mseq:0 aseq:12
E/use-Rlog/RLOG-RIL(  168): RX: ---- DATA BEGIN ----
E/use-Rlog/RLOG-RIL(  168): RX: 01 03 01 FF FF FF 
E/use-Rlog/RLOG-RIL(  168): RX: 00 00 00 00 00 
E/use-Rlog/RLOG-RIL(  168): RX: ---- DATA  END ----
E/use-Rlog/RLOG-RIL(  168): requestGprsRegistrationState()
E/use-Rlog/RLOG-RIL(  168): RxNET_ResNetworkRegistration()
E/use-Rlog/RLOG-RIL(  168): RegiStatus_Ipc2Ril()
E/use-Rlog/RLOG-RIL(  168): RIL_onRequestComplete: tok(0x418b8b08)
D/RILC    (  168): RequestComplete, RIL_SOCKET_1
E/RILC    (  168): Send Response to RIL_SOCKET_1
E/use-Rlog/RLOG-RIL(  168): [RM REQ]: req(0x418b8b20), tok(0x418b8b08)
E/use-Rlog/RLOG-RIL(  168): [EVT]:Req(0), RX(0)
E/use-Rlog/RLOG-RIL(  168): [EVT]:Req(0), RX(0)
D/RILC    (  168): SOCKET RIL_SOCKET_1 REQUEST: VOICE_REGISTRATION_STATE length:8
E/use-Rlog/RLOG-RIL(  168): onRequest: VOICE_REGISTRATION_STATE
E/use-Rlog/RLOG-RIL(  168): CreateRequest(): req(0x418b8b08), id(20), tok(0x418b69c0) - FUNC(0x40510349)
E/use-Rlog/RLOG-RIL(  168): [EVT]:Req(1), RX(0)
E/use-Rlog/RLOG-RIL(  168): requestRegistrationState()
E/use-Rlog/RLOG-RIL(  168): TxNET_GetNetworkRegistration()
E/use-Rlog/RLOG-RIL(  168): get_msg_sequence()
E/use-Rlog/RLOG-RIL(  168): ipc_debug_send_ipc: timestamp 1424081198747312
E/use-Rlog/RLOG-RIL(  168): TX: Time: 2447023771 / 70626
E/use-Rlog/RLOG-RIL(  168): TX: (M)IPC_NET_CMD  (S)IPC_NET_REGIST  (T)IPC_CMD_GET  len:9 mseq:13 aseq:0
E/use-Rlog/RLOG-RIL(  168): TX: ---- DATA BEGIN ----
E/use-Rlog/RLOG-RIL(  168): TX: FF 02 
E/use-Rlog/RLOG-RIL(  168): TX: ---- DATA  END ----
E/use-Rlog/RLOG-RIL(  168): WaitForExpectedCmd(): cur_time: 70627, cur_req->timeout: 105627, ph->near_timeout: 105627
D/RILJ    (  953): [3673]> QUERY_NETWORK_SELECTION_MODE
E/use-Rlog/RLOG-RIL(  168): processLine():
E/use-Rlog/RLOG-RIL(  168): processLine: got a single frame.
E/use-Rlog/RLOG-RIL(  168): ipc_debug_send_ipc: timestamp 1424081198748288
E/use-Rlog/RLOG-RIL(  168): [EVT]:Req(1), RX(1)
E/use-Rlog/RLOG-RIL(  168): RX: Time: 2447023772 / 70627
E/use-Rlog/RLOG-RIL(  168): RX: (M)IPC_NET_CMD  (S)IPC_NET_REGIST  (T)IPC_CMD_RESP  len:12 mseq:0 aseq:13
E/use-Rlog/RLOG-RIL(  168): RX: ---- DATA BEGIN ----
E/use-Rlog/RLOG-RIL(  168): RX: 01 02 01 FF FF FF 
E/use-Rlog/RLOG-RIL(  168): RX: 00 00 00 00 00 
E/use-Rlog/RLOG-RIL(  168): RX: ---- DATA  END ----
E/use-Rlog/RLOG-RIL(  168): requestRegistrationState()
E/use-Rlog/RLOG-RIL(  168): RxNET_ResNetworkRegistration()
E/use-Rlog/RLOG-RIL(  168): RegiStatus_Ipc2Ril()
E/use-Rlog/RLOG-RIL(  168): RxNET_ResNetworkRegistration: cs_reg_status: 0, rej_cause 0
E/use-Rlog/RLOG-RIL(  168): RIL_onRequestComplete: tok(0x418b69c0)
D/RILC    (  168): RequestComplete, RIL_SOCKET_1
E/RILC    (  168): Send Response to RIL_SOCKET_1
E/use-Rlog/RLOG-RIL(  168): [RM REQ]: req(0x418b8b08), tok(0x418b69c0)
E/use-Rlog/RLOG-RIL(  168): [EVT]:Req(0), RX(0)
E/use-Rlog/RLOG-RIL(  168): [EVT]:Req(0), RX(0)
D/RILJ    (  953): Serial: 22
D/RILJ    (  953): Error: 0
D/RILJ    (  953): [3670]< OPERATOR {null, null, 000000}
D/RILC    (  168): SOCKET RIL_SOCKET_1 REQUEST: QUERY_NETWORK_SELECTION_MODE length:8
E/use-Rlog/RLOG-RIL(  168): onRequest: QUERY_NETWORK_SELECTION_MODE
E/use-Rlog/RLOG-RIL(  168): CreateRequest(): req(0x418b8b20), id(45), tok(0x418b8b08) - FUNC(0x40510465)
E/use-Rlog/RLOG-RIL(  168): [EVT]:Req(1), RX(0)
E/use-Rlog/RLOG-RIL(  168): requestQueryNetworkSelectionMode()
E/use-Rlog/RLOG-RIL(  168): TxNET_GetPLMNSelection()
E/use-Rlog/RLOG-RIL(  168): get_msg_sequence()
E/use-Rlog/RLOG-RIL(  168): ipc_debug_send_ipc: timestamp 1424081198780423
E/use-Rlog/RLOG-RIL(  168): TX: Time: 2447023804 / 70660
E/use-Rlog/RLOG-RIL(  168): TX: (M)IPC_NET_CMD  (S)IPC_NET_PLMN_SEL  (T)IPC_CMD_GET  len:7 mseq:14 aseq:0
E/use-Rlog/RLOG-RIL(  168): WaitForExpectedCmd(): cur_time: 70660, cur_req->timeout: 105660, ph->near_timeout: 105660
D/RILJ    (  953): Serial: 23
D/RILJ    (  953): Error: 0
D/RILJ    (  953): [3671]< DATA_REGISTRATION_STATE {0, ffff, 00000000, 1}
D/RILJ    (  953): Serial: 24
D/RILJ    (  953): Error: 0
D/RILJ    (  953): [3672]< VOICE_REGISTRATION_STATE {0, ffff, 00000000, null, null, null, null, null, null, null, null, null, null, 0}
E/use-Rlog/RLOG-RIL(  168): processLine():
E/use-Rlog/RLOG-RIL(  168): processLine: got a single frame.
E/use-Rlog/RLOG-RIL(  168): ipc_debug_send_ipc: timestamp 1424081198784665
E/use-Rlog/RLOG-RIL(  168): [EVT]:Req(1), RX(1)
E/use-Rlog/RLOG-RIL(  168): RX: Time: 2447023808 / 70664
E/use-Rlog/RLOG-RIL(  168): RX: (M)IPC_NET_CMD  (S)IPC_NET_PLMN_SEL  (T)IPC_CMD_RESP  len:e mseq:0 aseq:14
E/use-Rlog/RLOG-RIL(  168): RX: ---- DATA BEGIN ----
E/use-Rlog/RLOG-RIL(  168): RX: 02 33 31 30 32 36 
E/use-Rlog/RLOG-RIL(  168): RX: 30 
E/use-Rlog/RLOG-RIL(  168): RX: ---- DATA  END ----
E/use-Rlog/RLOG-RIL(  168): requestQueryNetworkSelectionMode()
E/use-Rlog/RLOG-RIL(  168): RxNET_ResPLMNSelection()
E/use-Rlog/RLOG-RIL(  168): RIL_onRequestComplete: tok(0x418b8b08)
D/RILC    (  168): RequestComplete, RIL_SOCKET_1
E/RILC    (  168): Send Response to RIL_SOCKET_1
E/use-Rlog/RLOG-RIL(  168): [RM REQ]: req(0x418b8b20), tok(0x418b8b08)
E/use-Rlog/RLOG-RIL(  168): [EVT]:Req(0), RX(0)
E/use-Rlog/RLOG-RIL(  168): [EVT]:Req(0), RX(0)
D/RILJ    (  953): Serial: 25
D/RILJ    (  953): Error: 0
D/RILJ    (  953): [3673]< QUERY_NETWORK_SELECTION_MODE {0}
D/DctController(  953): [DctController] DataStateReceiver: ignore invalid subId=-1 phoneId = 0
D/GsmDCT  (  953): [0]handleMessage msg={ when=-920ms what=270377 obj=android.os.AsyncResult@11f52173 target=com.android.internal.telephony.dataconnection.DcTracker }
D/GsmDCT  (  953): [0]onUpdateIcc: newIccRecords null
D/GSMPhone(  953): Baseband version: T679UVKJ1
D/SubController(  953): [getSubId]- size == 0, return dummy instead
D/TelephonyManager(  953): setTelephonyProperty property=gsm.version.baseband propVal=T679UVKJ1
D/SUB     (  953): [SubInfoRecordUpdater]EVENT_STACK_READY
D/SUB     (  953): [SubInfoRecordUpdater]Wait for SIM1 IccId
D/UiccController(  953): Received EVENT_GET_ICC_STATUS_DONE
E/UiccController(  953): Error getting ICC status. RIL_REQUEST_GET_ICC_STATUS should never return an error
E/UiccController(  953): java.lang.NegativeArraySizeException: -1
E/UiccController(  953): 	at com.android.internal.telephony.RIL.responseIccCardStatus(RIL.java:3777)
E/UiccController(  953): 	at com.android.internal.telephony.SamsungRIL.processSolicited(SamsungRIL.java:149)
E/UiccController(  953): 	at com.android.internal.telephony.RIL.processResponse(RIL.java:2609)
E/UiccController(  953): 	at com.android.internal.telephony.RIL$RILReceiver.run(RIL.java:602)
E/UiccController(  953): 	at java.lang.Thread.run(Thread.java:818)
D/PhoneProxy(  953): [PhoneProxy] EVENT_REQUEST_VOICE_RADIO_TECH_DONE: newVoiceTech=3
D/PhoneProxy(  953): [PhoneProxy] phoneObjectUpdater: newVoiceRadioTech=3
D/PhoneProxy(  953): [PhoneProxy] phoneObjectUpdater: No change ignore, newVoiceRadioTech=3 mActivePhone=GSM
D/CdmaSSM (  953): CDMA_SUBSCRIPTION_SOURCE event = 2
D/CdmaSSM (  953): Subscription Source Changed : 1 >> 0
D/UiccController(  953): Received EVENT_GET_ICC_STATUS_DONE
E/UiccController(  953): Error getting ICC status. RIL_REQUEST_GET_ICC_STATUS should never return an error
E/UiccController(  953): java.lang.NegativeArraySizeException: -1
E/UiccController(  953): 	at com.android.internal.telephony.RIL.responseIccCardStatus(RIL.java:3777)
E/UiccController(  953): 	at com.android.internal.telephony.SamsungRIL.processSolicited(SamsungRIL.java:149)
E/UiccController(  953): 	at com.android.internal.telephony.RIL.processResponse(RIL.java:2609)
E/UiccController(  953): 	at com.android.internal.telephony.RIL$RILReceiver.run(RIL.java:602)
E/UiccController(  953): 	at java.lang.Thread.run(Thread.java:818)
D/SubController(  953): [getPhoneId] asked for default subId=9223372036854775807
D/SubController(  953): [getPhoneId]- no sims, returning default phoneId=0
D/PHONE   (  953): [ServiceState] setDataRegState=1
D/PHONE   (  953): [ServiceState] setDataRadioTechnology=1
D/GsmSST  (  953): [GsmSST] handlPollStateResultMessage: GsmSST setDataRegState=1 regState=0 dataRadioTechnology=1
D/PHONE   (  953): [ServiceState] setVoiceRegState=1
E/PHONE   (  953): [ServiceState] setState deprecated use setVoiceRegState()
D/GsmSST  (  953): [GsmSST] Poll ServiceState done:  oldSS=[3 3 home null null null  Unknown Unknown CSS not supported -1 -1 RoamInd=-1 DefRoamInd=-1 EmergOnly=false] newSS=[1 1 home null null 000000  Unknown GPRS CSS not supported -1 -1 RoamInd=-1 DefRoamInd=-1 EmergOnly=false] oldMaxDataCalls=1 mNewMaxDataCalls=1 oldReasonDataDenied=-1 mNewReasonDataDenied=-1
D/PHONE   (  953): [ServiceState] setNullState=1
D/SubController(  953): [getSubId]- size == 0, return dummy instead
D/TelephonyManager(  953): setTelephonyProperty property=gsm.network.type propVal=Unknown
D/GsmSST  (  953): [GsmSST] Iwlan feature available = false
D/GsmSST  (  953): [GsmSST] updateSpnDisplay: radio is on but out of service, set plmn='No service.'
D/GsmSST  (  953): [GsmSST] updateSpnDisplay: changed sending intent rule=0 showPlmn='true' plmn='No service.' showSpn='false' spn=''
D/SubController(  953): [getSubId]- size == 0, return dummy instead
D/SubController(  953): [getSubId]- size == 0, return dummy instead
D/TelephonyManager(  953): setTelephonyProperty property=gsm.operator.alpha propVal=
D/SubController(  953): [getSubId]- size == 0, return dummy instead
D/TelephonyManager(  953): setTelephonyProperty property=gsm.operator.numeric propVal=000000
D/GsmSST  (  953): [GsmSST] update mccmnc=000000 fromServiceState=true
D/TelephonyManager(  953): getSimOperator(): default subId=9223372036854775807
D/SubController(  953): [getPhoneId] asked for default subId=9223372036854775807
D/SubController(  953): [getPhoneId]- no sims, returning default phoneId=0
D/TelephonyManager(  953): getSimOperator: subId=9223372036854775807 operator=
D/SubController(  953): [getSubId]- size == 0, return dummy instead
D/TelephonyManager(  953): setTelephonyProperty property=gsm.operator.iso-country propVal=
D/GsmSST  (  953): [GsmSST] shouldFixTimeZoneNow: retVal=false iccCardExist=false operatorNumeric=000000 mcc=0 prevOperatorNumeric= prevMcc=1 needToFixTimeZone=false ltod=02-16 05:06:39.230
D/SubController(  953): [getSubId]- size == 0, return dummy instead
D/TelephonyManager(  953): setTelephonyProperty property=gsm.operator.isroaming propVal=false
D/SubController(  953): [getSubId]- size == 0, return dummy instead
D/DefaultPhoneNotifier(  953): nofityServiceState: mRegistry=com.android.internal.telephony.ITelephonyRegistry$Stub$Proxy@2659f38a ss=1 1 home null null 000000  Unknown GPRS CSS not supported -1 -1 RoamInd=-1 DefRoamInd=-1 EmergOnly=false sender=Handler (com.android.internal.telephony.gsm.GSMPhone) {27560ae8} phondId=0 subId=-1
D/SubController(  953): [getSubId]- size == 0, return dummy instead
D/GsmSST  (  953): [GsmSST] notifyDataRegStateRilRadioTechnologyChanged: drs=1 rat=1
D/SubController(  953): [getSubId]- size == 0, return dummy instead
D/TelephonyManager(  953): setTelephonyProperty property=gsm.network.type propVal=GPRS
D/GsmSST  (  953): [GsmSST] Iwlan feature available = false
D/GsmSST  (  953): [GsmSST] Iwlan feature available = false
D/GsmDCT  (  953): [0]get all active apn types
D/SubController(  953): [getSubId]- size == 0, return dummy instead
D/GsmSST  (  953): [GsmSST] getCellLocation(): X good mCellLoc=[65535,0,-1]
D/TelephonyRegistry(  492): notifyCellLocationForSubscriber: subId=-1 cellLocation=Bundle[mParcelledData.dataSize=64]
D/IccCardProxy(  953): updateQuietMode: 3GPP subscription -> newQuietMode=false
D/IccCardProxy(  953): updateQuietMode: QuietMode is false (app_type=1 cdmaSource=-1)
D/IccCardProxy(  953): updateActiveRecord app type = 1mIccRecords = null
D/DctController(  953): [DctController] DataStateReceiver: ignore invalid subId=-1 phoneId = 0
D/GsmDCT  (  953): [0]handleMessage msg={ when=-213ms what=270377 obj=android.os.AsyncResult@27827830 target=com.android.internal.telephony.dataconnection.DcTracker }
D/GsmDCT  (  953): [0]onUpdateIcc: newIccRecords null
E/use-Rlog/RLOG-RIL(  168): processLine():
E/use-Rlog/RLOG-RIL(  168): processLine: got a single frame.
E/use-Rlog/RLOG-RIL(  168): ipc_debug_send_ipc: timestamp 1424081200147764
E/use-Rlog/RLOG-RIL(  168): processLine():
E/use-Rlog/RLOG-RIL(  168): processLine: got a single frame.
E/use-Rlog/RLOG-RIL(  168): ipc_debug_send_ipc: timestamp 1424081200147855
E/use-Rlog/RLOG-RIL(  168): processLine():
E/use-Rlog/RLOG-RIL(  168): processLine: got a single frame.
E/use-Rlog/RLOG-RIL(  168): ipc_debug_send_ipc: timestamp 1424081200147916
E/use-Rlog/RLOG-RIL(  168): processLine():
E/use-Rlog/RLOG-RIL(  168): processLine: got a single frame.
E/use-Rlog/RLOG-RIL(  168): [EVT]:Req(0), RX(4)
E/use-Rlog/RLOG-RIL(  168): RX: Time: 2447025172 / 72027
E/use-Rlog/RLOG-RIL(  168): RX: (M)IPC_NET_CMD  (S)IPC_NET_REGIST  (T)IPC_CMD_NOTI  len:12 mseq:0 aseq:ff
E/use-Rlog/RLOG-RIL(  168): RX: ---- DATA BEGIN ----
E/use-Rlog/RLOG-RIL(  168): RX: 04 02 02 63 F7 5C 
E/use-Rlog/RLOG-RIL(  168): RX: 5F 08 6F 00 00 
E/use-Rlog/RLOG-RIL(  168): RX: ---- DATA  END ----
E/use-Rlog/RLOG-RIL(  168): ipc_recv_network()
E/use-Rlog/RLOG-RIL(  168): RxNET_ResNetworkRegistration()
E/use-Rlog/RLOG-RIL(  168): RegiStatus_Ipc2Ril()
E/use-Rlog/RLOG-RIL(  168): RxNET_ResNetworkRegistration: cs_reg_status: 1, rej_cause 0
I/RILC    (  168): RIL_SOCKET_1 UNSOLICITED: UNSOL_RESPONSE_VOICE_NETWORK_STATE_CHANGED length:8
E/RILC    (  168): Send Response to RIL_SOCKET_1
E/use-Rlog/RLOG-RIL(  168): RIL_onMultiClientUnsolicitedResponse:
E/use-Rlog/RLOG-RIL(  168): unsupported multiclient unsolicited response code 1002
E/use-Rlog/RLOG-RIL(  168): [EVT]:Req(0), RX(3)
E/use-Rlog/RLOG-RIL(  168): RX: Time: 2447025174 / 72029
E/use-Rlog/RLOG-RIL(  168): RX: (M)IPC_NET_CMD  (S)IPC_NET_REGIST  (T)IPC_CMD_NOTI  len:12 mseq:0 aseq:ff
E/use-Rlog/RLOG-RIL(  168): RX: ---- DATA BEGIN ----
E/use-Rlog/RLOG-RIL(  168): RX: 04 03 01 63 F7 5C 
E/use-Rlog/RLOG-RIL(  168): RX: 5F 08 6F 00 00 
E/use-Rlog/RLOG-RIL(  168): RX: ---- DATA  END ----
E/use-Rlog/RLOG-RIL(  168): ipc_recv_network()
E/use-Rlog/RLOG-RIL(  168): RxNET_ResNetworkRegistration()
E/use-Rlog/RLOG-RIL(  168): RegiStatus_Ipc2Ril()
I/RILC    (  168): RIL_SOCKET_1 UNSOLICITED: UNSOL_RESPONSE_VOICE_NETWORK_STATE_CHANGED length:8
E/RILC    (  168): Send Response to RIL_SOCKET_1
E/use-Rlog/RLOG-RIL(  168): RIL_onMultiClientUnsolicitedResponse:
E/use-Rlog/RLOG-RIL(  168): unsupported multiclient unsolicited response code 1002
E/use-Rlog/RLOG-RIL(  168): [EVT]:Req(0), RX(2)
E/use-Rlog/RLOG-RIL(  168): RX: Time: 2447025174 / 72030
E/use-Rlog/RLOG-RIL(  168): RX: (M)IPC_DISP_CMD  (S)IPC_DISP_ICON_INFO  (T)IPC_CMD_NOTI  len:b mseq:0 aseq:ff
E/use-Rlog/RLOG-RIL(  168): RX: ---- DATA BEGIN ----
E/use-Rlog/RLOG-RIL(  168): RX: 01 04 06 00 
E/use-Rlog/RLOG-RIL(  168): RX: ---- DATA  END ----
E/use-Rlog/RLOG-RIL(  168): RxDis_ResIconInformation()
E/use-Rlog/RLOG-RIL(  168): RSSI Updated
I/RILC    (  168): RIL_SOCKET_1 UNSOLICITED: UNSOL_SIGNAL_STRENGTH length:60
E/RILC    (  168): Send Response to RIL_SOCKET_1
E/use-Rlog/RLOG-RIL(  168): RIL_onMultiClientUnsolicitedResponse:
E/use-Rlog/RLOG-RIL(  168): unsupported multiclient unsolicited response code 1009
E/use-Rlog/RLOG-RIL(  168): [EVT]:Req(0), RX(1)
I/RILC    (  168): RIL_SOCKET_1 UNSOLICITED: UNSOL_SIGNAL_STRENGTH length:60
E/RILC    (  168): Send Response to RIL_SOCKET_1
E/use-Rlog/RLOG-RIL(  168): RIL_onMultiClientUnsolicitedResponse:
E/use-Rlog/RLOG-RIL(  168): unsupported multiclient unsolicited response code 1009
D/RILJ    (  953): [UNSL]< UNSOL_RESPONSE_VOICE_NETWORK_STATE_CHANGED
D/RILJ    (  953): [UNSL]< UNSOL_RESPONSE_VOICE_NETWORK_STATE_CHANGED
D/RILJ    (  953): [3674]> OPERATOR
D/RILJ    (  953): [3675]> DATA_REGISTRATION_STATE
D/RILC    (  168): SOCKET RIL_SOCKET_1 REQUEST: OPERATOR length:8
E/use-Rlog/RLOG-RIL(  168): onRequest: OPERATOR
E/use-Rlog/RLOG-RIL(  168): CreateRequest(): req(0x418b8a70), id(22), tok(0x418b69d0) - FUNC(0x40510231)
E/use-Rlog/RLOG-RIL(  168): [EVT]:Req(1), RX(0)
E/use-Rlog/RLOG-RIL(  168): requestOperator()
E/use-Rlog/RLOG-RIL(  168): TxNET_GetCurrentPLMN()
E/use-Rlog/RLOG-RIL(  168): get_msg_sequence()
E/use-Rlog/RLOG-RIL(  168): ipc_debug_send_ipc: timestamp 1424081200166379
E/use-Rlog/RLOG-RIL(  168): TX: Time: 2447025190 / 72045
E/use-Rlog/RLOG-RIL(  168): TX: (M)IPC_NET_CMD  (S)IPC_NET_SERVING_NETWORK  (T)IPC_CMD_GET  len:7 mseq:15 aseq:0
E/use-Rlog/RLOG-RIL(  168): WaitForExpectedCmd(): cur_time: 72046, cur_req->timeout: 107046, ph->near_timeout: 107046
E/use-Rlog/RLOG-RIL(  168): processLine():
E/use-Rlog/RLOG-RIL(  168): processLine: got a single frame.
E/use-Rlog/RLOG-RIL(  168): ipc_debug_send_ipc: timestamp 1424081200167386
E/use-Rlog/RLOG-RIL(  168): [EVT]:Req(1), RX(1)
E/use-Rlog/RLOG-RIL(  168): RX: Time: 2447025191 / 72047
E/use-Rlog/RLOG-RIL(  168): RX: (M)IPC_NET_CMD  (S)IPC_NET_SERVING_NETWORK  (T)IPC_CMD_RESP  len:12 mseq:0 aseq:15
E/use-Rlog/RLOG-RIL(  168): RX: ---- DATA BEGIN ----
E/use-Rlog/RLOG-RIL(  168): RX: 02 02 04 33 31 30 
E/use-Rlog/RLOG-RIL(  168): RX: 32 36 30 F7 5C 
E/use-Rlog/RLOG-RIL(  168): RX: ---- DATA  END ----
E/use-Rlog/RLOG-RIL(  168): requestOperator()
E/use-Rlog/RLOG-RIL(  168): lookupOpnameTable(): PLMN(310260)
E/use-Rlog/RLOG-RIL(  168): RxNET_ResCurrentPLMN(): PLMN(310260), OP1((T-Mobile ) OP2(T-Mobile )
E/use-Rlog/RLOG-RIL(  168): RIL_onRequestComplete: tok(0x418b69d0)
D/RILC    (  168): RequestComplete, RIL_SOCKET_1
E/RILC    (  168): Send Response to RIL_SOCKET_1
E/use-Rlog/RLOG-RIL(  168): [RM REQ]: req(0x418b8a70), tok(0x418b69d0)
E/use-Rlog/RLOG-RIL(  168): [EVT]:Req(0), RX(0)
E/use-Rlog/RLOG-RIL(  168): [EVT]:Req(0), RX(0)
D/RILJ    (  953): Serial: 26
D/RILJ    (  953): Error: 0
D/RILJ    (  953): [3674]< OPERATOR {T-Mobile , T-Mobile , 310260}
D/RILJ    (  953): [3676]> VOICE_REGISTRATION_STATE
D/RILC    (  168): SOCKET RIL_SOCKET_1 REQUEST: DATA_REGISTRATION_STATE length:8
E/use-Rlog/RLOG-RIL(  168): onRequest: DATA_REGISTRATION_STATE
E/use-Rlog/RLOG-RIL(  168): CreateRequest(): req(0x418b8a70), id(21), tok(0x418b69d0) - FUNC(0x405102bd)
E/use-Rlog/RLOG-RIL(  168): [EVT]:Req(1), RX(0)
E/use-Rlog/RLOG-RIL(  168): requestGprsRegistrationState()
E/use-Rlog/RLOG-RIL(  168): TxNET_GetDataNetworkRegistration()
E/use-Rlog/RLOG-RIL(  168): get_msg_sequence()
E/use-Rlog/RLOG-RIL(  168): ipc_debug_send_ipc: timestamp 1424081200170377
E/use-Rlog/RLOG-RIL(  168): TX: Time: 2447025194 / 72049
E/use-Rlog/RLOG-RIL(  168): TX: (M)IPC_NET_CMD  (S)IPC_NET_REGIST  (T)IPC_CMD_GET  len:9 mseq:16 aseq:0
E/use-Rlog/RLOG-RIL(  168): TX: ---- DATA BEGIN ----
E/use-Rlog/RLOG-RIL(  168): TX: FF 03 
E/use-Rlog/RLOG-RIL(  168): TX: ---- DATA  END ----
E/use-Rlog/RLOG-RIL(  168): WaitForExpectedCmd(): cur_time: 72050, cur_req->timeout: 107050, ph->near_timeout: 107050
E/use-Rlog/RLOG-RIL(  168): processLine():
E/use-Rlog/RLOG-RIL(  168): processLine: got a single frame.
E/use-Rlog/RLOG-RIL(  168): ipc_debug_send_ipc: timestamp 1424081200171476
E/use-Rlog/RLOG-RIL(  168): [EVT]:Req(1), RX(1)
E/use-Rlog/RLOG-RIL(  168): RX: Time: 2447025196 / 72052
E/use-Rlog/RLOG-RIL(  168): RX: (M)IPC_NET_CMD  (S)IPC_NET_REGIST  (T)IPC_CMD_RESP  len:12 mseq:0 aseq:16
E/use-Rlog/RLOG-RIL(  168): RX: ---- DATA BEGIN ----
E/use-Rlog/RLOG-RIL(  168): RX: 04 03 01 63 F7 5C 
E/use-Rlog/RLOG-RIL(  168): RX: 5F 08 6F 00 00 
E/use-Rlog/RLOG-RIL(  168): RX: ---- DATA  END ----
E/use-Rlog/RLOG-RIL(  168): requestGprsRegistrationState()
E/use-Rlog/RLOG-RIL(  168): RxNET_ResNetworkRegistration()
E/use-Rlog/RLOG-RIL(  168): RegiStatus_Ipc2Ril()
E/use-Rlog/RLOG-RIL(  168): RIL_onRequestComplete: tok(0x418b69d0)
D/RILC    (  168): RequestComplete, RIL_SOCKET_1
E/RILC    (  168): Send Response to RIL_SOCKET_1
E/use-Rlog/RLOG-RIL(  168): [RM REQ]: req(0x418b8a70), tok(0x418b69d0)
E/use-Rlog/RLOG-RIL(  168): [EVT]:Req(0), RX(0)
E/use-Rlog/RLOG-RIL(  168): [EVT]:Req(0), RX(0)
D/RILJ    (  953): [3677]> QUERY_NETWORK_SELECTION_MODE
D/RILJ    (  953): [3678]> OPERATOR
D/RILC    (  168): SOCKET RIL_SOCKET_1 REQUEST: VOICE_REGISTRATION_STATE length:8
E/use-Rlog/RLOG-RIL(  168): onRequest: VOICE_REGISTRATION_STATE
E/use-Rlog/RLOG-RIL(  168): CreateRequest(): req(0x418b8a70), id(20), tok(0x418b69d0) - FUNC(0x40510349)
E/use-Rlog/RLOG-RIL(  168): [EVT]:Req(1), RX(0)
E/use-Rlog/RLOG-RIL(  168): requestRegistrationState()
E/use-Rlog/RLOG-RIL(  168): TxNET_GetNetworkRegistration()
E/use-Rlog/RLOG-RIL(  168): get_msg_sequence()
E/use-Rlog/RLOG-RIL(  168): ipc_debug_send_ipc: timestamp 1424081200176664
E/use-Rlog/RLOG-RIL(  168): TX: Time: 2447025200 / 72056
E/use-Rlog/RLOG-RIL(  168): TX: (M)IPC_NET_CMD  (S)IPC_NET_REGIST  (T)IPC_CMD_GET  len:9 mseq:17 aseq:0
E/use-Rlog/RLOG-RIL(  168): TX: ---- DATA BEGIN ----
E/use-Rlog/RLOG-RIL(  168): TX: FF 02 
E/use-Rlog/RLOG-RIL(  168): TX: ---- DATA  END ----
E/use-Rlog/RLOG-RIL(  168): WaitForExpectedCmd(): cur_time: 72056, cur_req->timeout: 107056, ph->near_timeout: 107056
D/RILC    (  168): SOCKET RIL_SOCKET_1 REQUEST: QUERY_NETWORK_SELECTION_MODE length:8
E/use-Rlog/RLOG-RIL(  168): onRequest: QUERY_NETWORK_SELECTION_MODE
E/use-Rlog/RLOG-RIL(  168): CreateRequest(): req(0x418b8b78), id(45), tok(0x418b8ad0) - FUNC(0x40510465)
E/use-Rlog/RLOG-RIL(  168): [EVT]:Req(2), RX(0)
E/use-Rlog/RLOG-RIL(  168): processLine():
E/use-Rlog/RLOG-RIL(  168): processLine: got a single frame.
E/use-Rlog/RLOG-RIL(  168): ipc_debug_send_ipc: timestamp 1424081200177671
E/use-Rlog/RLOG-RIL(  168): [EVT]:Req(2), RX(1)
E/use-Rlog/RLOG-RIL(  168): RX: Time: 2447025201 / 72057
E/use-Rlog/RLOG-RIL(  168): RX: (M)IPC_NET_CMD  (S)IPC_NET_REGIST  (T)IPC_CMD_RESP  len:12 mseq:0 aseq:17
E/use-Rlog/RLOG-RIL(  168): RX: ---- DATA BEGIN ----
E/use-Rlog/RLOG-RIL(  168): RX: 04 02 02 63 F7 5C 
E/use-Rlog/RLOG-RIL(  168): RX: 5F 08 6F 00 00 
E/use-Rlog/RLOG-RIL(  168): RX: ---- DATA  END ----
E/use-Rlog/RLOG-RIL(  168): requestRegistrationState()
E/use-Rlog/RLOG-RIL(  168): RxNET_ResNetworkRegistration()
E/use-Rlog/RLOG-RIL(  168): RegiStatus_Ipc2Ril()
E/use-Rlog/RLOG-RIL(  168): RxNET_ResNetworkRegistration: cs_reg_status: 1, rej_cause 0
E/use-Rlog/RLOG-RIL(  168): RIL_onRequestComplete: tok(0x418b69d0)
D/RILC    (  168): RequestComplete, RIL_SOCKET_1
E/RILC    (  168): Send Response to RIL_SOCKET_1
E/use-Rlog/RLOG-RIL(  168): [RM REQ]: req(0x418b8a70), tok(0x418b69d0)
E/use-Rlog/RLOG-RIL(  168): [EVT]:Req(1), RX(0)
E/use-Rlog/RLOG-RIL(  168): [EVT]:Req(1), RX(0)
E/use-Rlog/RLOG-RIL(  168): requestQueryNetworkSelectionMode()
E/use-Rlog/RLOG-RIL(  168): TxNET_GetPLMNSelection()
E/use-Rlog/RLOG-RIL(  168): get_msg_sequence()
E/use-Rlog/RLOG-RIL(  168): ipc_debug_send_ipc: timestamp 1424081200179929
E/use-Rlog/RLOG-RIL(  168): TX: Time: 2447025203 / 72059
E/use-Rlog/RLOG-RIL(  168): TX: (M)IPC_NET_CMD  (S)IPC_NET_PLMN_SEL  (T)IPC_CMD_GET  len:7 mseq:18 aseq:0
E/use-Rlog/RLOG-RIL(  168): WaitForExpectedCmd(): cur_time: 72059, cur_req->timeout: 107059, ph->near_timeout: 107056
E/use-Rlog/RLOG-RIL(  168): processLine():
E/use-Rlog/RLOG-RIL(  168): processLine: got a single frame.
E/use-Rlog/RLOG-RIL(  168): ipc_debug_send_ipc: timestamp 1424081200182584
E/use-Rlog/RLOG-RIL(  168): [EVT]:Req(1), RX(1)
E/use-Rlog/RLOG-RIL(  168): RX: Time: 2447025206 / 72062
E/use-Rlog/RLOG-RIL(  168): RX: (M)IPC_NET_CMD  (S)IPC_NET_PLMN_SEL  (T)IPC_CMD_RESP  len:e mseq:0 aseq:18
E/use-Rlog/RLOG-RIL(  168): RX: ---- DATA BEGIN ----
E/use-Rlog/RLOG-RIL(  168): RX: 02 33 31 30 32 36 
E/use-Rlog/RLOG-RIL(  168): RX: 30 
E/use-Rlog/RLOG-RIL(  168): RX: ---- DATA  END ----
E/use-Rlog/RLOG-RIL(  168): requestQueryNetworkSelectionMode()
E/use-Rlog/RLOG-RIL(  168): RxNET_ResPLMNSelection()
E/use-Rlog/RLOG-RIL(  168): RIL_onRequestComplete: tok(0x418b8ad0)
D/RILC    (  168): RequestComplete, RIL_SOCKET_1
E/RILC    (  168): Send Response to RIL_SOCKET_1
E/use-Rlog/RLOG-RIL(  168): [RM REQ]: req(0x418b8b78), tok(0x418b8ad0)
E/use-Rlog/RLOG-RIL(  168): [EVT]:Req(0), RX(0)
E/use-Rlog/RLOG-RIL(  168): [EVT]:Req(0), RX(0)
D/RILJ    (  953): [3679]> DATA_REGISTRATION_STATE
D/RILC    (  168): SOCKET RIL_SOCKET_1 REQUEST: OPERATOR length:8
E/use-Rlog/RLOG-RIL(  168): onRequest: OPERATOR
E/use-Rlog/RLOG-RIL(  168): CreateRequest(): req(0x418b8a98), id(22), tok(0x418b8a80) - FUNC(0x40510231)
E/use-Rlog/RLOG-RIL(  168): [EVT]:Req(1), RX(0)
E/use-Rlog/RLOG-RIL(  168): requestOperator()
E/use-Rlog/RLOG-RIL(  168): TxNET_GetCurrentPLMN()
E/use-Rlog/RLOG-RIL(  168): get_msg_sequence()
E/use-Rlog/RLOG-RIL(  168): ipc_debug_send_ipc: timestamp 1424081200188688
E/use-Rlog/RLOG-RIL(  168): TX: Time: 2447025212 / 72068
E/use-Rlog/RLOG-RIL(  168): TX: (M)IPC_NET_CMD  (S)IPC_NET_SERVING_NETWORK  (T)IPC_CMD_GET  len:7 mseq:19 aseq:0
E/use-Rlog/RLOG-RIL(  168): WaitForExpectedCmd(): cur_time: 72068, cur_req->timeout: 107068, ph->near_timeout: 107068
E/use-Rlog/RLOG-RIL(  168): processLine():
E/use-Rlog/RLOG-RIL(  168): processLine: got a single frame.
E/use-Rlog/RLOG-RIL(  168): ipc_debug_send_ipc: timestamp 1424081200189878
E/use-Rlog/RLOG-RIL(  168): [EVT]:Req(1), RX(1)
E/use-Rlog/RLOG-RIL(  168): RX: Time: 2447025214 / 72069
E/use-Rlog/RLOG-RIL(  168): RX: (M)IPC_NET_CMD  (S)IPC_NET_SERVING_NETWORK  (T)IPC_CMD_RESP  len:12 mseq:0 aseq:19
E/use-Rlog/RLOG-RIL(  168): RX: ---- DATA BEGIN ----
E/use-Rlog/RLOG-RIL(  168): RX: 02 02 04 33 31 30 
E/use-Rlog/RLOG-RIL(  168): RX: 32 36 30 F7 5C 
E/use-Rlog/RLOG-RIL(  168): RX: ---- DATA  END ----
E/use-Rlog/RLOG-RIL(  168): requestOperator()
E/use-Rlog/RLOG-RIL(  168): lookupOpnameTable(): PLMN(310260)
E/use-Rlog/RLOG-RIL(  168): RxNET_ResCurrentPLMN(): PLMN(310260), OP1((T-Mobile ) OP2(T-Mobile )
E/use-Rlog/RLOG-RIL(  168): RIL_onRequestComplete: tok(0x418b8a80)
D/RILC    (  168): RequestComplete, RIL_SOCKET_1
E/RILC    (  168): Send Response to RIL_SOCKET_1
E/use-Rlog/RLOG-RIL(  168): [RM REQ]: req(0x418b8a98), tok(0x418b8a80)
E/use-Rlog/RLOG-RIL(  168): [EVT]:Req(0), RX(0)
E/use-Rlog/RLOG-RIL(  168): [EVT]:Req(0), RX(0)
D/RILJ    (  953): Serial: 27
D/RILJ    (  953): Error: 0
D/RILJ    (  953): [3675]< DATA_REGISTRATION_STATE {0, 5cf7, 006f085f, 3}
D/RILJ    (  953): Serial: 28
D/RILJ    (  953): Error: 0
D/RILJ    (  953): [3676]< VOICE_REGISTRATION_STATE {1, 5cf7, 006f085f, null, null, null, null, null, null, null, null, null, null, 0}
D/RILJ    (  953): Serial: 29
D/RILJ    (  953): Error: 0
D/RILJ    (  953): [3677]< QUERY_NETWORK_SELECTION_MODE {0}
D/RILJ    (  953): Serial: 30
D/RILJ    (  953): Error: 0
D/RILJ    (  953): [3678]< OPERATOR {T-Mobile , T-Mobile , 310260}
D/RILC    (  168): SOCKET RIL_SOCKET_1 REQUEST: DATA_REGISTRATION_STATE length:8
E/use-Rlog/RLOG-RIL(  168): onRequest: DATA_REGISTRATION_STATE
E/use-Rlog/RLOG-RIL(  168): CreateRequest(): req(0x418b8a70), id(21), tok(0x418b69d0) - FUNC(0x405102bd)
E/use-Rlog/RLOG-RIL(  168): [EVT]:Req(1), RX(0)
E/use-Rlog/RLOG-RIL(  168): requestGprsRegistrationState()
E/use-Rlog/RLOG-RIL(  168): TxNET_GetDataNetworkRegistration()
E/use-Rlog/RLOG-RIL(  168): get_msg_sequence()
E/use-Rlog/RLOG-RIL(  168): ipc_debug_send_ipc: timestamp 1424081200225461
E/use-Rlog/RLOG-RIL(  168): TX: Time: 2447025249 / 72105
E/use-Rlog/RLOG-RIL(  168): TX: (M)IPC_NET_CMD  (S)IPC_NET_REGIST  (T)IPC_CMD_GET  len:9 mseq:1a aseq:0
E/use-Rlog/RLOG-RIL(  168): TX: ---- DATA BEGIN ----
E/use-Rlog/RLOG-RIL(  168): TX: FF 03 
E/use-Rlog/RLOG-RIL(  168): TX: ---- DATA  END ----
E/use-Rlog/RLOG-RIL(  168): WaitForExpectedCmd(): cur_time: 72105, cur_req->timeout: 107105, ph->near_timeout: 107105
D/RILJ    (  953): [3680]> VOICE_REGISTRATION_STATE
E/use-Rlog/RLOG-RIL(  168): processLine():
E/use-Rlog/RLOG-RIL(  168): processLine: got a single frame.
E/use-Rlog/RLOG-RIL(  168): ipc_debug_send_ipc: timestamp 1424081200227262
E/use-Rlog/RLOG-RIL(  168): [EVT]:Req(1), RX(1)
E/use-Rlog/RLOG-RIL(  168): RX: Time: 2447025251 / 72107
E/use-Rlog/RLOG-RIL(  168): RX: (M)IPC_NET_CMD  (S)IPC_NET_REGIST  (T)IPC_CMD_RESP  len:12 mseq:0 aseq:1a
E/use-Rlog/RLOG-RIL(  168): RX: ---- DATA BEGIN ----
E/use-Rlog/RLOG-RIL(  168): RX: 04 03 01 63 F7 5C 
E/use-Rlog/RLOG-RIL(  168): RX: 5F 08 6F 00 00 
E/use-Rlog/RLOG-RIL(  168): RX: ---- DATA  END ----
E/use-Rlog/RLOG-RIL(  168): requestGprsRegistrationState()
E/use-Rlog/RLOG-RIL(  168): RxNET_ResNetworkRegistration()
E/use-Rlog/RLOG-RIL(  168): RegiStatus_Ipc2Ril()
E/use-Rlog/RLOG-RIL(  168): RIL_onRequestComplete: tok(0x418b69d0)
D/RILC    (  168): RequestComplete, RIL_SOCKET_1
E/RILC    (  168): Send Response to RIL_SOCKET_1
E/use-Rlog/RLOG-RIL(  168): [RM REQ]: req(0x418b8a70), tok(0x418b69d0)
E/use-Rlog/RLOG-RIL(  168): [EVT]:Req(0), RX(0)
E/use-Rlog/RLOG-RIL(  168): [EVT]:Req(0), RX(0)
D/RILJ    (  953): Serial: 31
D/RILJ    (  953): Error: 0
D/RILJ    (  953): [3679]< DATA_REGISTRATION_STATE {0, 5cf7, 006f085f, 3}
D/RILJ    (  953): [3681]> QUERY_NETWORK_SELECTION_MODE
D/RILC    (  168): SOCKET RIL_SOCKET_1 REQUEST: VOICE_REGISTRATION_STATE length:8
E/use-Rlog/RLOG-RIL(  168): onRequest: VOICE_REGISTRATION_STATE
E/use-Rlog/RLOG-RIL(  168): CreateRequest(): req(0x418b8a70), id(20), tok(0x418b69d0) - FUNC(0x40510349)
E/use-Rlog/RLOG-RIL(  168): [EVT]:Req(1), RX(0)
E/use-Rlog/RLOG-RIL(  168): requestRegistrationState()
E/use-Rlog/RLOG-RIL(  168): TxNET_GetNetworkRegistration()
E/use-Rlog/RLOG-RIL(  168): get_msg_sequence()
E/use-Rlog/RLOG-RIL(  168): ipc_debug_send_ipc: timestamp 1424081200254392
E/use-Rlog/RLOG-RIL(  168): TX: Time: 2447025278 / 72133
E/use-Rlog/RLOG-RIL(  168): TX: (M)IPC_NET_CMD  (S)IPC_NET_REGIST  (T)IPC_CMD_GET  len:9 mseq:1b aseq:0
E/use-Rlog/RLOG-RIL(  168): TX: ---- DATA BEGIN ----
E/use-Rlog/RLOG-RIL(  168): TX: FF 02 
E/use-Rlog/RLOG-RIL(  168): TX: ---- DATA  END ----
E/use-Rlog/RLOG-RIL(  168): WaitForExpectedCmd(): cur_time: 72134, cur_req->timeout: 107134, ph->near_timeout: 107134
D/SubController(  953): [getSubId]- size == 0, return dummy instead
D/DefaultPhoneNotifier(  953): notifySignalStrength: mRegistry=com.android.internal.telephony.ITelephonyRegistry$Stub$Proxy@2659f38a ss=SignalStrength: 99 -1 -120 -160 -120 -1 -1 99 2147483647 2147483647 2147483647 2147483647 2147483647 gsm|lte sender=Handler (com.android.internal.telephony.gsm.GSMPhone) {27560ae8}
D/RILC    (  168): SOCKET RIL_SOCKET_1 REQUEST: QUERY_NETWORK_SELECTION_MODE length:8
E/use-Rlog/RLOG-RIL(  168): onRequest: QUERY_NETWORK_SELECTION_MODE
E/use-Rlog/RLOG-RIL(  168): CreateRequest(): req(0x418b8b78), id(45), tok(0x418b8ad0) - FUNC(0x40510465)
E/use-Rlog/RLOG-RIL(  168): [EVT]:Req(2), RX(0)
E/use-Rlog/RLOG-RIL(  168): processLine():
E/use-Rlog/RLOG-RIL(  168): processLine: got a single frame.
E/use-Rlog/RLOG-RIL(  168): ipc_debug_send_ipc: timestamp 1424081200256559
E/use-Rlog/RLOG-RIL(  168): [EVT]:Req(2), RX(1)
E/use-Rlog/RLOG-RIL(  168): RX: Time: 2447025280 / 72136
E/use-Rlog/RLOG-RIL(  168): RX: (M)IPC_NET_CMD  (S)IPC_NET_REGIST  (T)IPC_CMD_RESP  len:12 mseq:0 aseq:1b
E/use-Rlog/RLOG-RIL(  168): RX: ---- DATA BEGIN ----
E/use-Rlog/RLOG-RIL(  168): RX: 04 02 02 63 F7 5C 
E/use-Rlog/RLOG-RIL(  168): RX: 5F 08 6F 00 00 
E/use-Rlog/RLOG-RIL(  168): RX: ---- DATA  END ----
E/use-Rlog/RLOG-RIL(  168): requestRegistrationState()
E/use-Rlog/RLOG-RIL(  168): RxNET_ResNetworkRegistration()
E/use-Rlog/RLOG-RIL(  168): RegiStatus_Ipc2Ril()
E/use-Rlog/RLOG-RIL(  168): RxNET_ResNetworkRegistration: cs_reg_status: 1, rej_cause 0
E/use-Rlog/RLOG-RIL(  168): RIL_onRequestComplete: tok(0x418b69d0)
D/RILC    (  168): RequestComplete, RIL_SOCKET_1
E/RILC    (  168): Send Response to RIL_SOCKET_1
E/use-Rlog/RLOG-RIL(  168): [RM REQ]: req(0x418b8a70), tok(0x418b69d0)
E/use-Rlog/RLOG-RIL(  168): [EVT]:Req(1), RX(0)
E/use-Rlog/RLOG-RIL(  168): [EVT]:Req(1), RX(0)
E/use-Rlog/RLOG-RIL(  168): requestQueryNetworkSelectionMode()
E/use-Rlog/RLOG-RIL(  168): TxNET_GetPLMNSelection()
E/use-Rlog/RLOG-RIL(  168): get_msg_sequence()
E/use-Rlog/RLOG-RIL(  168): ipc_debug_send_ipc: timestamp 1424081200258725
E/use-Rlog/RLOG-RIL(  168): TX: Time: 2447025282 / 72138
E/use-Rlog/RLOG-RIL(  168): TX: (M)IPC_NET_CMD  (S)IPC_NET_PLMN_SEL  (T)IPC_CMD_GET  len:7 mseq:1c aseq:0
E/use-Rlog/RLOG-RIL(  168): WaitForExpectedCmd(): cur_time: 72138, cur_req->timeout: 107138, ph->near_timeout: 107134
D/RILJ    (  953): Serial: 32
D/RILJ    (  953): Error: 0
D/RILJ    (  953): [3680]< VOICE_REGISTRATION_STATE {1, 5cf7, 006f085f, null, null, null, null, null, null, null, null, null, null, 0}
E/use-Rlog/RLOG-RIL(  168): processLine():
E/use-Rlog/RLOG-RIL(  168): processLine: got a single frame.
E/use-Rlog/RLOG-RIL(  168): ipc_debug_send_ipc: timestamp 1424081200261472
E/use-Rlog/RLOG-RIL(  168): [EVT]:Req(1), RX(1)
E/use-Rlog/RLOG-RIL(  168): RX: Time: 2447025286 / 72142
E/use-Rlog/RLOG-RIL(  168): RX: (M)IPC_NET_CMD  (S)IPC_NET_PLMN_SEL  (T)IPC_CMD_RESP  len:e mseq:0 aseq:1c
E/use-Rlog/RLOG-RIL(  168): RX: ---- DATA BEGIN ----
E/use-Rlog/RLOG-RIL(  168): RX: 02 33 31 30 32 36 
E/use-Rlog/RLOG-RIL(  168): RX: 30 
E/use-Rlog/RLOG-RIL(  168): RX: ---- DATA  END ----
E/use-Rlog/RLOG-RIL(  168): requestQueryNetworkSelectionMode()
E/use-Rlog/RLOG-RIL(  168): RxNET_ResPLMNSelection()
E/use-Rlog/RLOG-RIL(  168): RIL_onRequestComplete: tok(0x418b8ad0)
D/RILC    (  168): RequestComplete, RIL_SOCKET_1
E/RILC    (  168): Send Response to RIL_SOCKET_1
E/use-Rlog/RLOG-RIL(  168): [RM REQ]: req(0x418b8b78), tok(0x418b8ad0)
E/use-Rlog/RLOG-RIL(  168): [EVT]:Req(0), RX(0)
E/use-Rlog/RLOG-RIL(  168): [EVT]:Req(0), RX(0)
D/RILJ    (  953): Serial: 33
D/RILJ    (  953): Error: 0
D/RILJ    (  953): [3681]< QUERY_NETWORK_SELECTION_MODE {0}
D/SubController(  953): [getSubId]- size == 0, return dummy instead
D/DefaultPhoneNotifier(  953): notifySignalStrength: mRegistry=com.android.internal.telephony.ITelephonyRegistry$Stub$Proxy@2659f38a ss=SignalStrength: 20 -1 -120 -160 -120 -1 -1 99 2147483647 2147483647 2147483647 2147483647 2147483647 gsm|lte sender=Handler (com.android.internal.telephony.gsm.GSMPhone) {27560ae8}
D/SubController(  953): [getPhoneId] asked for default subId=9223372036854775807
D/SubController(  953): [getPhoneId]- no sims, returning default phoneId=0
D/PHONE   (  953): [ServiceState] setDataRegState=1
D/PHONE   (  953): [ServiceState] setDataRadioTechnology=3
D/GsmSST  (  953): [GsmSST] handlPollStateResultMessage: GsmSST setDataRegState=1 regState=0 dataRadioTechnology=3
D/PHONE   (  953): [ServiceState] setVoiceRegState=0
E/PHONE   (  953): [ServiceState] setState deprecated use setVoiceRegState()
D/GsmSST  (  953): [GsmSST] Poll ServiceState done:  oldSS=[1 1 home null null 000000  Unknown GPRS CSS not supported -1 -1 RoamInd=-1 DefRoamInd=-1 EmergOnly=false] newSS=[0 1 home T-Mobile  T-Mobile  310260  Unknown UMTS CSS not supported -1 -1 RoamInd=-1 DefRoamInd=-1 EmergOnly=false] oldMaxDataCalls=1 mNewMaxDataCalls=1 oldReasonDataDenied=-1 mNewReasonDataDenied=-1
D/PHONE   (  953): [ServiceState] setNullState=1
D/SubController(  953): [getSubId]- size == 0, return dummy instead
D/TelephonyManager(  953): setTelephonyProperty property=gsm.network.type propVal=Unknown
D/GsmSST  (  953): [GsmSST] Iwlan feature available = false
D/GsmSST  (  953): [GsmSST] pollStateDone: registering current mNitzUpdatedTime=false changing to false
D/GsmSST  (  953): [GsmSST] updateSpnDisplay: changed sending intent rule=0 showPlmn='false' plmn='T-Mobile ' showSpn='false' spn=''
D/SubController(  953): [getSubId]- size == 0, return dummy instead
D/SubController(  953): [getSubId]- size == 0, return dummy instead
D/TelephonyManager(  953): setTelephonyProperty property=gsm.operator.alpha propVal=T-Mobile 
D/SubController(  953): [getSubId]- size == 0, return dummy instead
D/TelephonyManager(  953): setTelephonyProperty property=gsm.operator.numeric propVal=310260
D/GsmSST  (  953): [GsmSST] update mccmnc=310260 fromServiceState=true
D/TelephonyManager(  953): getSimOperator(): default subId=9223372036854775807
D/SubController(  953): [getPhoneId] asked for default subId=9223372036854775807
D/SubController(  953): [getPhoneId]- no sims, returning default phoneId=0
D/TelephonyManager(  953): getSimOperator: subId=9223372036854775807 operator=
D/SubController(  953): [getSubId]- size == 0, return dummy instead
D/TelephonyManager(  953): setTelephonyProperty property=gsm.operator.iso-country propVal=us
D/GsmSST  (  953): [GsmSST] pollStateDone: there are 6 unique offsets for iso-cc='us testOneUniqueOffsetPath=false', do nothing
D/GsmSST  (  953): [GsmSST] shouldFixTimeZoneNow: retVal=false iccCardExist=false operatorNumeric=310260 mcc=310 prevOperatorNumeric=000000 prevMcc=0 needToFixTimeZone=false ltod=02-16 05:06:40.896
D/SubController(  953): [getSubId]- size == 0, return dummy instead
D/TelephonyManager(  953): setTelephonyProperty property=gsm.operator.isroaming propVal=false
D/SubController(  953): [getSubId]- size == 0, return dummy instead
D/DefaultPhoneNotifier(  953): nofityServiceState: mRegistry=com.android.internal.telephony.ITelephonyRegistry$Stub$Proxy@2659f38a ss=0 1 home T-Mobile  T-Mobile  310260  Unknown UMTS CSS not supported -1 -1 RoamInd=-1 DefRoamInd=-1 EmergOnly=false sender=Handler (com.android.internal.telephony.gsm.GSMPhone) {27560ae8} phondId=0 subId=-1
D/SubController(  953): [getSubId]- size == 0, return dummy instead
D/GsmSST  (  953): [GsmSST] notifyDataRegStateRilRadioTechnologyChanged: drs=1 rat=3
D/SubController(  953): [getSubId]- size == 0, return dummy instead
D/TelephonyManager(  953): setTelephonyProperty property=gsm.network.type propVal=UMTS
D/GsmSST  (  953): [GsmSST] Iwlan feature available = false
D/GsmSST  (  953): [GsmSST] Iwlan feature available = false
D/GsmDCT  (  953): [0]get all active apn types
D/SubController(  953): [getSubId]- size == 0, return dummy instead
D/GsmSST  (  953): [GsmSST] getCellLocation(): X good mCellLoc=[23799,7276639,-1]
D/TelephonyRegistry(  492): notifyCellLocationForSubscriber: subId=-1 cellLocation=Bundle[mParcelledData.dataSize=64]
D/SubController(  953): [getSubId]- size == 0, return dummy instead
D/SubController(  953): [getSubId]- size == 0, return dummy instead
D/SubController(  953): [getPhoneId] asked for default subId=9223372036854775807
D/SubController(  953): [getPhoneId]- no sims, returning default phoneId=0
E/use-Rlog/RLOG-RIL(  168): processLine():
E/use-Rlog/RLOG-RIL(  168): processLine: got a single frame.
E/use-Rlog/RLOG-RIL(  168): [EVT]:Req(0), RX(1)
I/RILC    (  168): RIL_SOCKET_1 UNSOLICITED: UNSOL_SIGNAL_STRENGTH length:60
E/RILC    (  168): Send Response to RIL_SOCKET_1
E/use-Rlog/RLOG-RIL(  168): RIL_onMultiClientUnsolicitedResponse:
E/use-Rlog/RLOG-RIL(  168): unsupported multiclient unsolicited response code 1009
D/SubController(  953): [getPhoneId] asked for default subId=9223372036854775807
D/SubController(  953): [getPhoneId]- no sims, returning default phoneId=0
E/PhoneBase(  953): Error! registerForCallWaiting() in PhoneBase should not be called, CDMAPhone inactive.
D/DctController(  953): [DctController] DataStateReceiver: ignore invalid subId=-1 phoneId = 0
D/GsmDCT  (  953): [0]handleMessage msg={ when=-693ms what=270377 obj=android.os.AsyncResult@fbeba65 target=com.android.internal.telephony.dataconnection.DcTracker }
D/GsmDCT  (  953): [0]onUpdateIcc: newIccRecords null
D/SubController(  953): [getSubId]- size == 0, return dummy instead
D/DefaultPhoneNotifier(  953): notifySignalStrength: mRegistry=com.android.internal.telephony.ITelephonyRegistry$Stub$Proxy@2659f38a ss=SignalStrength: 21 -1 -120 -160 -120 -1 -1 99 2147483647 2147483647 2147483647 2147483647 2147483647 gsm|lte sender=Handler (com.android.internal.telephony.gsm.GSMPhone) {27560ae8}
D/SubController(  953): [getSubId]- size == 0, return dummy instead
E/use-Rlog/RLOG-RIL(  168): processLine():
E/use-Rlog/RLOG-RIL(  168): processLine: got a single frame.
E/use-Rlog/RLOG-RIL(  168): ipc_debug_send_ipc: timestamp 1424081202162626
E/use-Rlog/RLOG-RIL(  168): [EVT]:Req(0), RX(1)
E/use-Rlog/RLOG-RIL(  168): RX: Time: 2447027186 / 74042
E/use-Rlog/RLOG-RIL(  168): RX: (M)IPC_MISC_CMD  (S)IPC_MISC_TIME_INFO  (T)IPC_CMD_NOTI  len:19 mseq:0 aseq:ff
E/use-Rlog/RLOG-RIL(  168): RX: ---- DATA BEGIN ----
E/use-Rlog/RLOG-RIL(  168): RX: 02 01 0F 02 10 0A 
E/use-Rlog/RLOG-RIL(  168): RX: 06 2C EC 00 00 00 
E/use-Rlog/RLOG-RIL(  168): RX: 33 31 30 32 36 30 
E/use-Rlog/RLOG-RIL(  168): RX: ---- DATA  END ----
E/use-Rlog/RLOG-RIL(  168): ipc_recv_misc
E/use-Rlog/RLOG-RIL(  168): RxMISC_ResTimeInfo()
E/use-Rlog/RLOG-RIL(  168): [*] Time source(NITZ)
I/RILC    (  168): RIL_SOCKET_1 UNSOLICITED: UNSOL_NITZ_TIME_RECEIVED length:84
E/RILC    (  168): Send Response to RIL_SOCKET_1
E/use-Rlog/RLOG-RIL(  168): RIL_onMultiClientUnsolicitedResponse:
E/use-Rlog/RLOG-RIL(  168): unsupported multiclient unsolicited response code 1008
D/RILJ    (  953): [UNSL]< UNSOL_NITZ_TIME_RECEIVED 15/02/16,10:06:44-20,00,310260
D/RILJ    (  953):  RIL_UNSOL_NITZ_TIME_RECEIVED length = 9
D/RILJ    (  953):  RIL_UNSOL_NITZ_TIME_RECEIVED striped nitz = 15/02/16,10:06:44-20,00
D/GsmSST  (  953): [GsmSST] NITZ: 15/02/16,10:06:44-20,00,74042 start=74044 delay=2
D/SubController(  953): [getSubId]- size == 0, return dummy instead
D/GsmSST  (  953): [GsmSST] setAndBroadcastNetworkSetTimeZone: setTimeZone=America/New_York
D/GsmSST  (  953): [GsmSST] setAndBroadcastNetworkSetTimeZone: call alarm.setTimeZone and broadcast zoneId=America/New_York
D/GsmSST  (  953): [GsmSST] NITZ: Setting time of day to Mon Feb 16 05:06:44 EST 2015 NITZ receive delay(ms): 15 gained(ms): 1837 from 15/02/16,10:06:44-20,00
D/GsmSST  (  953): [GsmSST] setAndBroadcastNetworkSetTime: time=1424081204015ms
I/GsmSST  (  953): NITZ: after Setting time of day
E/use-Rlog/RLOG-RIL(  168): processLine():
E/use-Rlog/RLOG-RIL(  168): processLine: got a single frame.
E/use-Rlog/RLOG-RIL(  168): ipc_debug_send_ipc: timestamp 1424081205467259
E/use-Rlog/RLOG-RIL(  168): [EVT]:Req(0), RX(1)
E/use-Rlog/RLOG-RIL(  168): RX: Time: 2447030492 / 75030
E/use-Rlog/RLOG-RIL(  168): RX: (M)IPC_NET_CMD  (S)IPC_NET_REGIST  (T)IPC_CMD_NOTI  len:12 mseq:0 aseq:ff
E/use-Rlog/RLOG-RIL(  168): RX: ---- DATA BEGIN ----
E/use-Rlog/RLOG-RIL(  168): RX: 04 03 02 63 F7 5C 
E/use-Rlog/RLOG-RIL(  168): RX: 5F 08 6F 00 00 
E/use-Rlog/RLOG-RIL(  168): RX: ---- DATA  END ----
E/use-Rlog/RLOG-RIL(  168): ipc_recv_network()
E/use-Rlog/RLOG-RIL(  168): RxNET_ResNetworkRegistration()
E/use-Rlog/RLOG-RIL(  168): RegiStatus_Ipc2Ril()
I/RILC    (  168): RIL_SOCKET_1 UNSOLICITED: UNSOL_RESPONSE_VOICE_NETWORK_STATE_CHANGED length:8
E/RILC    (  168): Send Response to RIL_SOCKET_1
E/use-Rlog/RLOG-RIL(  168): RIL_onMultiClientUnsolicitedResponse:
E/use-Rlog/RLOG-RIL(  168): unsupported multiclient unsolicited response code 1002
D/RILJ    (  953): [UNSL]< UNSOL_RESPONSE_VOICE_NETWORK_STATE_CHANGED
D/RILJ    (  953): [3682]> OPERATOR
D/RILJ    (  953): [3683]> DATA_REGISTRATION_STATE
D/RILC    (  168): SOCKET RIL_SOCKET_1 REQUEST: OPERATOR length:8
E/use-Rlog/RLOG-RIL(  168): onRequest: OPERATOR
E/use-Rlog/RLOG-RIL(  168): CreateRequest(): req(0x418b8b40), id(22), tok(0x418b8a70) - FUNC(0x40510231)
E/use-Rlog/RLOG-RIL(  168): [EVT]:Req(1), RX(0)
E/use-Rlog/RLOG-RIL(  168): requestOperator()
E/use-Rlog/RLOG-RIL(  168): TxNET_GetCurrentPLMN()
E/use-Rlog/RLOG-RIL(  168): get_msg_sequence()
E/use-Rlog/RLOG-RIL(  168): ipc_debug_send_ipc: timestamp 1424081205473391
E/use-Rlog/RLOG-RIL(  168): TX: Time: 2447030497 / 75035
E/use-Rlog/RLOG-RIL(  168): TX: (M)IPC_NET_CMD  (S)IPC_NET_SERVING_NETWORK  (T)IPC_CMD_GET  len:7 mseq:1d aseq:0
E/use-Rlog/RLOG-RIL(  168): WaitForExpectedCmd(): cur_time: 75035, cur_req->timeout: 110035, ph->near_timeout: 110035
D/RILJ    (  953): [3684]> VOICE_REGISTRATION_STATE
E/use-Rlog/RLOG-RIL(  168): processLine():
E/use-Rlog/RLOG-RIL(  168): processLine: got a single frame.
E/use-Rlog/RLOG-RIL(  168): ipc_debug_send_ipc: timestamp 1424081205476075
E/use-Rlog/RLOG-RIL(  168): [EVT]:Req(1), RX(1)
E/use-Rlog/RLOG-RIL(  168): RX: Time: 2447030500 / 75038
E/use-Rlog/RLOG-RIL(  168): RX: (M)IPC_NET_CMD  (S)IPC_NET_SERVING_NETWORK  (T)IPC_CMD_RESP  len:12 mseq:0 aseq:1d
E/use-Rlog/RLOG-RIL(  168): RX: ---- DATA BEGIN ----
E/use-Rlog/RLOG-RIL(  168): RX: 02 02 04 33 31 30 
E/use-Rlog/RLOG-RIL(  168): RX: 32 36 30 F7 5C 
E/use-Rlog/RLOG-RIL(  168): RX: ---- DATA  END ----
E/use-Rlog/RLOG-RIL(  168): requestOperator()
E/use-Rlog/RLOG-RIL(  168): lookupOpnameTable(): PLMN(310260)
E/use-Rlog/RLOG-RIL(  168): RxNET_ResCurrentPLMN(): PLMN(310260), OP1((T-Mobile ) OP2(T-Mobile )
E/use-Rlog/RLOG-RIL(  168): RIL_onRequestComplete: tok(0x418b8a70)
D/RILC    (  168): RequestComplete, RIL_SOCKET_1
E/RILC    (  168): Send Response to RIL_SOCKET_1
E/use-Rlog/RLOG-RIL(  168): [RM REQ]: req(0x418b8b40), tok(0x418b8a70)
E/use-Rlog/RLOG-RIL(  168): [EVT]:Req(0), RX(0)
E/use-Rlog/RLOG-RIL(  168): [EVT]:Req(0), RX(0)
D/RILJ    (  953): Serial: 34
D/RILJ    (  953): Error: 0
D/RILJ    (  953): [3682]< OPERATOR {T-Mobile , T-Mobile , 310260}
D/RILC    (  168): SOCKET RIL_SOCKET_1 REQUEST: DATA_REGISTRATION_STATE length:8
E/use-Rlog/RLOG-RIL(  168): onRequest: DATA_REGISTRATION_STATE
E/use-Rlog/RLOG-RIL(  168): CreateRequest(): req(0x418b8a70), id(21), tok(0x418b69d0) - FUNC(0x405102bd)
E/use-Rlog/RLOG-RIL(  168): [EVT]:Req(1), RX(0)
E/use-Rlog/RLOG-RIL(  168): requestGprsRegistrationState()
E/use-Rlog/RLOG-RIL(  168): TxNET_GetDataNetworkRegistration()
E/use-Rlog/RLOG-RIL(  168): get_msg_sequence()
E/use-Rlog/RLOG-RIL(  168): ipc_debug_send_ipc: timestamp 1424081205481841
E/use-Rlog/RLOG-RIL(  168): TX: Time: 2447030505 / 75044
E/use-Rlog/RLOG-RIL(  168): TX: (M)IPC_NET_CMD  (S)IPC_NET_REGIST  (T)IPC_CMD_GET  len:9 mseq:1e aseq:0
E/use-Rlog/RLOG-RIL(  168): TX: ---- DATA BEGIN ----
E/use-Rlog/RLOG-RIL(  168): TX: FF 03 
E/use-Rlog/RLOG-RIL(  168): TX: ---- DATA  END ----
E/use-Rlog/RLOG-RIL(  168): WaitForExpectedCmd(): cur_time: 75044, cur_req->timeout: 110044, ph->near_timeout: 110044
D/RILJ    (  953): [3685]> QUERY_NETWORK_SELECTION_MODE
E/use-Rlog/RLOG-RIL(  168): processLine():
E/use-Rlog/RLOG-RIL(  168): processLine: got a single frame.
E/use-Rlog/RLOG-RIL(  168): ipc_debug_send_ipc: timestamp 1424081205484037
E/use-Rlog/RLOG-RIL(  168): [EVT]:Req(1), RX(1)
E/use-Rlog/RLOG-RIL(  168): RX: Time: 2447030508 / 75046
E/use-Rlog/RLOG-RIL(  168): RX: (M)IPC_NET_CMD  (S)IPC_NET_REGIST  (T)IPC_CMD_RESP  len:12 mseq:0 aseq:1e
E/use-Rlog/RLOG-RIL(  168): RX: ---- DATA BEGIN ----
E/use-Rlog/RLOG-RIL(  168): RX: 04 03 02 63 F7 5C 
E/use-Rlog/RLOG-RIL(  168): RX: 5F 08 6F 00 00 
E/use-Rlog/RLOG-RIL(  168): RX: ---- DATA  END ----
E/use-Rlog/RLOG-RIL(  168): requestGprsRegistrationState()
E/use-Rlog/RLOG-RIL(  168): RxNET_ResNetworkRegistration()
E/use-Rlog/RLOG-RIL(  168): RegiStatus_Ipc2Ril()
E/use-Rlog/RLOG-RIL(  168): RIL_onRequestComplete: tok(0x418b69d0)
D/RILC    (  168): RequestComplete, RIL_SOCKET_1
E/RILC    (  168): Send Response to RIL_SOCKET_1
E/use-Rlog/RLOG-RIL(  168): [RM REQ]: req(0x418b8a70), tok(0x418b69d0)
E/use-Rlog/RLOG-RIL(  168): [EVT]:Req(0), RX(0)
E/use-Rlog/RLOG-RIL(  168): [EVT]:Req(0), RX(0)
D/SubController(  953): [getPhoneId] asked for default subId=9223372036854775807
D/SubController(  953): [getPhoneId]- no sims, returning default phoneId=0
D/RILJ    (  953): Serial: 35
D/RILJ    (  953): Error: 0
D/RILJ    (  953): [3683]< DATA_REGISTRATION_STATE {1, 5cf7, 006f085f, 3}
D/RILC    (  168): SOCKET RIL_SOCKET_1 REQUEST: VOICE_REGISTRATION_STATE length:8
E/use-Rlog/RLOG-RIL(  168): onRequest: VOICE_REGISTRATION_STATE
E/use-Rlog/RLOG-RIL(  168): CreateRequest(): req(0x418b8a70), id(20), tok(0x418b69d0) - FUNC(0x40510349)
E/use-Rlog/RLOG-RIL(  168): [EVT]:Req(1), RX(0)
