E/use-Rlog/RLOG-RIL( 1715): RIL_onRequestComplete: tok(0x406a4c30)
E/use-Rlog/RLOG-RIL( 1715): [RM REQ]: req(0x4055d008), tok(0x406a4c30)
E/use-Rlog/RLOG-RIL( 1715): [EVT]:Req(0), RX(0)
E/use-Rlog/RLOG-RIL( 1715): [EVT]:Req(0), RX(0)
D/RILJ    (  945): [7653]> RIL_REQUEST_IMS_REGISTRATION_STATE
W/RILJ    (  945): [7650]< GET_SIM_STATUS exception, possible invalid RIL response
W/RILJ    (  945): java.lang.NegativeArraySizeException: -1
W/RILJ    (  945): 	at com.android.internal.telephony.RIL.responseIccCardStatus(RIL.java:3777)
W/RILJ    (  945): 	at com.android.internal.telephony.SamsungRIL.processSolicited(SamsungRIL.java:149)
W/RILJ    (  945): 	at com.android.internal.telephony.RIL.processResponse(RIL.java:2609)
W/RILJ    (  945): 	at com.android.internal.telephony.RIL$RILReceiver.run(RIL.java:602)
W/RILJ    (  945): 	at java.lang.Thread.run(Thread.java:818)
E/use-Rlog/RLOG-RIL( 1715): onRequest: LOCK_INFO
E/use-Rlog/RLOG-RIL( 1715): CreateRequest(): req(0x4055d008), id(10014), tok(0x406a4c30) - FUNC(0x404d0fad)
D/RILJ    (  945): [7654]> RIL_REQUEST_CDMA_GET_SUBSCRIPTION_SOURCE
D/RILJ    (  945): Serial: 1001284003
D/RILJ    (  945): Error: 0
D/RILJ    (  945): Parcel size = 12
D/RILJ    (  945): Parcel pos = 12
D/RILJ    (  945): Parcel dataAvail = 0
D/RILJ    (  945): [7651]< GET_CURRENT_CALLS  
D/RILJ    (  945): Serial: 1001284004
D/RILJ    (  945): Error: 2
D/RilRequest(  945): [7652]< RIL_REQUEST_VOICE_RADIO_TECH error: com.android.internal.telephony.CommandException: GENERIC_FAILURE ret=
D/UiccController(  945): Received EVENT_ICC_STATUS_CHANGED, calling getIccCardStatus
D/RILJ    (  945): [7655]> GET_SIM_STATUS
D/RILJ    (  945): [7656]> OPERATOR
D/RILJ    (  945): [7657]> DATA_REGISTRATION_STATE
D/RILJ    (  945): [7658]> VOICE_REGISTRATION_STATE
D/RILJ    (  945): [7659]> QUERY_NETWORK_SELECTION_MODE
D/RILJ    (  945): [7660]> OPERATOR
D/RILJ    (  945): [7661]> DATA_REGISTRATION_STATE
D/RILJ    (  945): [7662]> VOICE_REGISTRATION_STATE
D/RILJ    (  945): [7663]> QUERY_NETWORK_SELECTION_MODE
D/DctController(  945): [DctController] DataStateReceiver: ignore invalid subId=-1 phoneId = 0
D/GsmDCT  (  945): [0]handleMessage msg={ when=-244ms what=270377 obj=android.os.AsyncResult@2c158497 target=com.android.internal.telephony.dataconnection.DcTracker }
D/GsmDCT  (  945): [0]onUpdateIcc: newIccRecords null
D/ModemStackController(  945): EVENT_GET_MODEM_CAPS_DONE
E/ModemStackController(  945): onGetModemCapabilityDone: EXIT!, result null or Exception =com.android.internal.telephony.CommandException: GENERIC_FAILURE
D/GSMPhone(  945): Baseband version: T679UVKJ1
D/SubController(  945): [getSubId]- size == 0, return dummy instead
D/TelephonyManager(  945): setTelephonyProperty property=gsm.version.baseband propVal=T679UVKJ1
D/UiccController(  945): Received EVENT_GET_ICC_STATUS_DONE
E/UiccController(  945): Error getting ICC status. RIL_REQUEST_GET_ICC_STATUS should never return an error
E/UiccController(  945): java.lang.NegativeArraySizeException: -1
E/UiccController(  945): 	at com.android.internal.telephony.RIL.responseIccCardStatus(RIL.java:3777)
E/UiccController(  945): 	at com.android.internal.telephony.SamsungRIL.processSolicited(SamsungRIL.java:149)
E/UiccController(  945): 	at com.android.internal.telephony.RIL.processResponse(RIL.java:2609)
E/UiccController(  945): 	at com.android.internal.telephony.RIL$RILReceiver.run(RIL.java:602)
E/UiccController(  945): 	at java.lang.Thread.run(Thread.java:818)
E/PhoneProxy(  945): [PhoneProxy] EVENT_REQUEST_VOICE_RADIO_TECH_DONE: exception=com.android.internal.telephony.CommandException: GENERIC_FAILURE
D/SUB     (  945): [SubInfoRecordUpdater]EVENT_STACK_READY
D/SUB     (  945): [SubInfoRecordUpdater]All IccIds query complete
I/RILJ    (  945): 'rild' socket closed
I/RILJ    (  945): java.io.IOException: Connection reset by peer
I/RILJ    (  945): 	at android.net.LocalSocketImpl.readba_native(Native Method)
I/RILJ    (  945): 	at android.net.LocalSocketImpl.access$400(LocalSocketImpl.java:33)
I/RILJ    (  945): 	at android.net.LocalSocketImpl$SocketInputStream.read(LocalSocketImpl.java:103)
I/RILJ    (  945): 	at com.android.internal.telephony.RIL.readRilMessage(RIL.java:468)
I/RILJ    (  945): 	at com.android.internal.telephony.RIL.access$300(RIL.java:231)
I/RILJ    (  945): 	at com.android.internal.telephony.RIL$RILReceiver.run(RIL.java:589)
I/RILJ    (  945): 	at java.lang.Thread.run(Thread.java:818)
I/RILJ    (  945): Disconnected from 'rild' socket
D/RilRequest(  945): [7653]< RIL_REQUEST_IMS_REGISTRATION_STATE error: com.android.internal.telephony.CommandException: RADIO_NOT_AVAILABLE ret=
D/RilRequest(  945): [7654]< RIL_REQUEST_CDMA_GET_SUBSCRIPTION_SOURCE error: com.android.internal.telephony.CommandException: RADIO_NOT_AVAILABLE ret=
D/RilRequest(  945): [7655]< GET_SIM_STATUS error: com.android.internal.telephony.CommandException: RADIO_NOT_AVAILABLE ret=
D/RilRequest(  945): [7656]< OPERATOR error: com.android.internal.telephony.CommandException: RADIO_NOT_AVAILABLE ret=
D/RilRequest(  945): [7657]< DATA_REGISTRATION_STATE error: com.android.internal.telephony.CommandException: RADIO_NOT_AVAILABLE ret=
D/RilRequest(  945): [7658]< VOICE_REGISTRATION_STATE error: com.android.internal.telephony.CommandException: RADIO_NOT_AVAILABLE ret=
D/RilRequest(  945): [7659]< QUERY_NETWORK_SELECTION_MODE error: com.android.internal.telephony.CommandException: RADIO_NOT_AVAILABLE ret=
D/RilRequest(  945): [7660]< OPERATOR error: com.android.internal.telephony.CommandException: RADIO_NOT_AVAILABLE ret=
D/RilRequest(  945): [7661]< DATA_REGISTRATION_STATE error: com.android.internal.telephony.CommandException: RADIO_NOT_AVAILABLE ret=
D/RilRequest(  945): [7662]< VOICE_REGISTRATION_STATE error: com.android.internal.telephony.CommandException: RADIO_NOT_AVAILABLE ret=
D/RilRequest(  945): [7663]< QUERY_NETWORK_SELECTION_MODE error: com.android.internal.telephony.CommandException: RADIO_NOT_AVAILABLE ret=
D/GsmSST  (  945): [GsmSST] mDeviceShuttingDown = false
D/GsmSST  (  945): [GsmSST] mDesiredPowerState = true
D/GsmSST  (  945): [GsmSST] getRadioState = RADIO_UNAVAILABLE
D/GsmSST  (  945): [GsmSST] mPowerOffDelayNeed = true
D/GsmSST  (  945): [GsmSST] mAlarmSwitch = false
D/PHONE   (  945): [ServiceState] setNullState=1
D/GsmSST  (  945): [GsmSST] Poll ServiceState done:  oldSS=[3 3 home null null null  Unknown Unknown CSS not supported -1 -1 RoamInd=-1 DefRoamInd=-1 EmergOnly=false] newSS=[1 1 home null null null  Unknown Unknown CSS not supported -1 -1 RoamInd=-1 DefRoamInd=-1 EmergOnly=false] oldMaxDataCalls=1 mNewMaxDataCalls=1 oldReasonDataDenied=-1 mNewReasonDataDenied=-1
D/PHONE   (  945): [ServiceState] setNullState=1
D/GsmSST  (  945): [GsmSST] updateSpnDisplay: radio is on but out of service, set plmn='No service.'
D/GsmSST  (  945): [GsmSST] updateSpnDisplay: changed sending intent rule=0 showPlmn='true' plmn='No service.' showSpn='false' spn=''
D/SubController(  945): [getSubId]- size == 0, return dummy instead
D/SubController(  945): [getSubId]- size == 0, return dummy instead
D/TelephonyManager(  945): setTelephonyProperty property=gsm.operator.alpha propVal=
D/SubController(  945): [getSubId]- size == 0, return dummy instead
D/TelephonyManager(  945): setTelephonyProperty property=gsm.operator.numeric propVal=
D/GsmSST  (  945): [GsmSST] operatorNumeric is null
D/SubController(  945): [getSubId]- size == 0, return dummy instead
D/TelephonyManager(  945): setTelephonyProperty property=gsm.operator.iso-country propVal=
D/SubController(  945): [getSubId]- size == 0, return dummy instead
D/TelephonyManager(  945): setTelephonyProperty property=gsm.operator.isroaming propVal=false
D/SubController(  945): [getSubId]- size == 0, return dummy instead
D/DefaultPhoneNotifier(  945): nofityServiceState: mRegistry=com.android.internal.telephony.ITelephonyRegistry$Stub$Proxy@20324c19 ss=1 1 home null null null  Unknown Unknown CSS not supported -1 -1 RoamInd=-1 DefRoamInd=-1 EmergOnly=false sender=Handler (com.android.internal.telephony.gsm.GSMPhone) {c60dbcf} phondId=0 subId=-1
D/SubController(  945): [getSubId]- size == 0, return dummy instead
D/SubController(  945): [getPhoneId] asked for default subId=9223372036854775807
D/SubController(  945): [getPhoneId]- no sims, returning default phoneId=0
D/GsmSST  (  945): [GsmSST] notifyDataRegStateRilRadioTechnologyChanged: drs=1 rat=0
D/SubController(  945): [getSubId]- size == 0, return dummy instead
D/TelephonyManager(  945): setTelephonyProperty property=gsm.network.type propVal=Unknown
D/GsmSST  (  945): [GsmSST] Iwlan feature available = false
D/GsmSST  (  945): [GsmSST] Iwlan feature available = false
D/GsmDCT  (  945): [0]get all active apn types
D/UiccController(  945): EVENT_RADIO_UNAVAILABLE, dispose card
D/RILJ    (  945): [0018]> GET_CURRENT_CALLS
D/RilRequest(  945): [0018]< GET_CURRENT_CALLS error: com.android.internal.telephony.CommandException: RADIO_NOT_AVAILABLE ret=
D/GsmDCT  (  945): [0]handleMessage msg={ when=-77ms what=270342 obj=android.os.AsyncResult@3759a684 target=com.android.internal.telephony.dataconnection.DcTracker }
D/GsmDCT  (  945): [0]onRadioOffOrNotAvailable: is off and clean up all connections
D/GsmDCT  (  945): [0]cleanUpAllConnections: tearDown=false reason=radioTurnedOff
D/GsmDCT  (  945): [0]cleanUpConnection: E tearDown=false reason=radioTurnedOff apnContext={mApnType=default mState=IDLE mWaitingApns={null} mWaitingApnsPermanentFailureCountDown=0 mApnSetting={null} mReason=radioTurnedOff mDataEnabled=false mDependencyMet=true}
D/GSMPhone(  945): getDataConnectionState: Data is Out of Service. ret = DISCONNECTED
D/SubController(  945): [getSubId]- size == 0, return dummy instead
D/GsmDCT  (  945): [0]isDataAllowed: not allowed due to - Attached= false - SIM not loaded and not NV subscription
D/GsmDCT  (  945): [ApnContext:default] getApnSetting: apnSetting=null
D/SubController(  945): [getPhoneId]- no sims, returning default phoneId=0
D/GsmDCT  (  945): [0]setupDataForSinglePdn: reason = radioTurnedOff isDisconnected = true
D/GsmDCT  (  945): [0]isOnlySingleDcAllowed(0): false
D/GsmDCT  (  945): [0]cleanUpConnection: X tearDown=false reason=radioTurnedOff apnContext={mApnType=default mState=IDLE mWaitingApns={null} mWaitingApnsPermanentFailureCountDown=0 mApnSetting={null} mReason=radioTurnedOff mDataEnabled=false mDependencyMet=true} dcac=null
D/GsmDCT  (  945): [0]cleanUpConnection: E tearDown=false reason=radioTurnedOff apnContext={mApnType=mms mState=IDLE mWaitingApns={null} mWaitingApnsPermanentFailureCountDown=0 mApnSetting={null} mReason=radioTurnedOff mDataEnabled=false mDependencyMet=true}
D/GSMPhone(  945): getDataConnectionState: Data is Out of Service. ret = DISCONNECTED
D/SubController(  945): [getSubId]- size == 0, return dummy instead
D/GsmDCT  (  945): [0]isDataAllowed: not allowed due to - Attached= false - SIM not loaded and not NV subscription
D/GsmDCT  (  945): [ApnContext:mms] getApnSetting: apnSetting=null
D/SubController(  945): [getPhoneId]- no sims, returning default phoneId=0
D/GsmDCT  (  945): [0]setupDataForSinglePdn: reason = radioTurnedOff isDisconnected = true
D/GsmDCT  (  945): [0]isOnlySingleDcAllowed(0): false
D/GsmDCT  (  945): [0]cleanUpConnection: X tearDown=false reason=radioTurnedOff apnContext={mApnType=mms mState=IDLE mWaitingApns={null} mWaitingApnsPermanentFailureCountDown=0 mApnSetting={null} mReason=radioTurnedOff mDataEnabled=false mDependencyMet=true} dcac=null
D/GsmDCT  (  945): [0]cleanUpConnection: E tearDown=false reason=radioTurnedOff apnContext={mApnType=supl mState=IDLE mWaitingApns={null} mWaitingApnsPermanentFailureCountDown=0 mApnSetting={null} mReason=radioTurnedOff mDataEnabled=false mDependencyMet=true}
D/GSMPhone(  945): getDataConnectionState: Data is Out of Service. ret = DISCONNECTED
D/SubController(  945): [getSubId]- size == 0, return dummy instead
D/GsmDCT  (  945): [0]isDataAllowed: not allowed due to - Attached= false - SIM not loaded and not NV subscription
D/GsmDCT  (  945): [ApnContext:supl] getApnSetting: apnSetting=null
D/SubController(  945): [getPhoneId]- no sims, returning default phoneId=0
D/GsmDCT  (  945): [0]setupDataForSinglePdn: reason = radioTurnedOff isDisconnected = true
D/GsmDCT  (  945): [0]isOnlySingleDcAllowed(0): false
D/GsmDCT  (  945): [0]cleanUpConnection: X tearDown=false reason=radioTurnedOff apnContext={mApnType=supl mState=IDLE mWaitingApns={null} mWaitingApnsPermanentFailureCountDown=0 mApnSetting={null} mReason=radioTurnedOff mDataEnabled=false mDependencyMet=true} dcac=null
D/GsmDCT  (  945): [0]cleanUpConnection: E tearDown=false reason=radioTurnedOff apnContext={mApnType=dun mState=IDLE mWaitingApns={null} mWaitingApnsPermanentFailureCountDown=0 mApnSetting={null} mReason=radioTurnedOff mDataEnabled=false mDependencyMet=true}
D/GSMPhone(  945): getDataConnectionState: Data is Out of Service. ret = DISCONNECTED
D/SubController(  945): [getSubId]- size == 0, return dummy instead
D/GsmDCT  (  945): [0]isDataAllowed: not allowed due to - Attached= false - SIM not loaded and not NV subscription
D/GsmDCT  (  945): [ApnContext:dun] getApnSetting: apnSetting=null
D/SubController(  945): [getPhoneId]- no sims, returning default phoneId=0
D/GsmDCT  (  945): [0]setupDataForSinglePdn: reason = radioTurnedOff isDisconnected = true
D/GsmDCT  (  945): [0]isOnlySingleDcAllowed(0): false
D/GsmDCT  (  945): [0]cleanUpConnection: X tearDown=false reason=radioTurnedOff apnContext={mApnType=dun mState=IDLE mWaitingApns={null} mWaitingApnsPermanentFailureCountDown=0 mApnSetting={null} mReason=radioTurnedOff mDataEnabled=false mDependencyMet=true} dcac=null
D/GsmDCT  (  945): [0]cleanUpConnection: E tearDown=false reason=radioTurnedOff apnContext={mApnType=hipri mState=IDLE mWaitingApns={null} mWaitingApnsPermanentFailureCountDown=0 mApnSetting={null} mReason=radioTurnedOff mDataEnabled=false mDependencyMet=true}
D/GSMPhone(  945): getDataConnectionState: Data is Out of Service. ret = DISCONNECTED
D/SubController(  945): [getSubId]- size == 0, return dummy instead
D/GsmDCT  (  945): [0]isDataAllowed: not allowed due to - Attached= false - SIM not loaded and not NV subscription
D/GsmDCT  (  945): [ApnContext:hipri] getApnSetting: apnSetting=null
D/SubController(  945): [getPhoneId]- no sims, returning default phoneId=0
D/GsmDCT  (  945): [0]setupDataForSinglePdn: reason = radioTurnedOff isDisconnected = true
D/GsmDCT  (  945): [0]isOnlySingleDcAllowed(0): false
D/GsmDCT  (  945): [0]cleanUpConnection: X tearDown=false reason=radioTurnedOff apnContext={mApnType=hipri mState=IDLE mWaitingApns={null} mWaitingApnsPermanentFailureCountDown=0 mApnSetting={null} mReason=radioTurnedOff mDataEnabled=false mDependencyMet=true} dcac=null
D/GsmDCT  (  945): [0]stopNetStatPoll
D/GsmDCT  (  945): [0]stopDataStallAlarm: current tag=65584 mDataStallAlarmIntent=null
D/GsmDCT  (  945): [0]cleanUpConnection: mDisconnectPendingCount = 0
D/SubController(  945): [getSubId]- size == 0, return dummy instead
D/GsmDCT  (  945): [0]isDataAllowed: not allowed due to - Attached= false - SIM not loaded and not NV subscription
D/GsmDCT  (  945): [ApnContext:default] getApnSetting: apnSetting=null
D/SubController(  945): [getPhoneId]- no sims, returning default phoneId=0
D/SubController(  945): [getSubId]- size == 0, return dummy instead
D/GsmDCT  (  945): [0]isDataAllowed: not allowed due to - Attached= false - SIM not loaded and not NV subscription
D/GsmDCT  (  945): [ApnContext:mms] getApnSetting: apnSetting=null
D/SubController(  945): [getPhoneId]- no sims, returning default phoneId=0
D/SubController(  945): [getSubId]- size == 0, return dummy instead
D/GsmDCT  (  945): [0]isDataAllowed: not allowed due to - Attached= false - SIM not loaded and not NV subscription
D/GsmDCT  (  945): [ApnContext:supl] getApnSetting: apnSetting=null
D/SubController(  945): [getPhoneId]- no sims, returning default phoneId=0
D/SubController(  945): [getSubId]- size == 0, return dummy instead
D/GsmDCT  (  945): [0]isDataAllowed: not allowed due to - Attached= false - SIM not loaded and not NV subscription
D/GsmDCT  (  945): [ApnContext:dun] getApnSetting: apnSetting=null
D/SubController(  945): [getPhoneId]- no sims, returning default phoneId=0
D/SubController(  945): [getSubId]- size == 0, return dummy instead
D/GsmDCT  (  945): [0]isDataAllowed: not allowed due to - Attached= false - SIM not loaded and not NV subscription
D/GsmDCT  (  945): [ApnContext:hipri] getApnSetting: apnSetting=null
D/SubController(  945): [getPhoneId]- no sims, returning default phoneId=0
D/DctController(  945): [DctController] EVENT_PHONE1_RADIO_OFF.
E/RIL_ImsSms(  945): IMS State query failed with exp com.android.internal.telephony.CommandException: RADIO_NOT_AVAILABLE
D/CdmaSSM (  945): CDMA_SUBSCRIPTION_SOURCE event = 2
W/CdmaSSM (  945): Unable to get CDMA Subscription Source, Exception: com.android.internal.telephony.CommandException: RADIO_NOT_AVAILABLE, result: null
D/UiccController(  945): Received EVENT_GET_ICC_STATUS_DONE
E/UiccController(  945): Error getting ICC status. RIL_REQUEST_GET_ICC_STATUS should never return an error
E/UiccController(  945): com.android.internal.telephony.CommandException: RADIO_NOT_AVAILABLE
E/UiccController(  945): 	at com.android.internal.telephony.RILRequest.onError(RIL.java:207)
E/UiccController(  945): 	at com.android.internal.telephony.RIL.clearRequestList(RIL.java:2638)
E/UiccController(  945): 	at com.android.internal.telephony.RIL$RILReceiver.run(RIL.java:627)
E/UiccController(  945): 	at java.lang.Thread.run(Thread.java:818)
D/DctController(  945): [DctController] DataStateReceiver: ignore invalid subId=-1 phoneId = 0
D/GsmDCT  (  945): [0]handleMessage msg={ when=-145ms what=270377 obj=android.os.AsyncResult@30004e6d target=com.android.internal.telephony.dataconnection.DcTracker }
D/GsmDCT  (  945): [0]onUpdateIcc: newIccRecords null
D/SimPhoneBookIM(  945): [SimPbInterfaceManager] Card update received: null
D/SimPhoneBookIM(  945): [SimPbInterfaceManager] Card is null. Cleanup
D/GsmDCT  (  945): [0]handleMessage msg={ when=-145ms what=270369 obj=android.os.AsyncResult@1d54caa2 target=com.android.internal.telephony.dataconnection.DcTracker }
D/GsmDCT  (  945): [0]onUpdateIcc: newIccRecords null
D/SubController(  945): [getSubId]- size == 0, return dummy instead
D/GsmSMSDispatcher(  945): GsmSMSDispatcher: subId = -1 slotId = 0
D/SUB     (  945): [SubInfoRecordUpdater]updateIccAvailability: Enter, slotId 0
D/SUB     (  945): [SubInfoRecordUpdater]Slot[0]: New Card State = CARDSTATE_ABSENT Old Card State = CARDSTATE_ABSENT
D/SUB     (  945): [SubInfoRecordUpdater]All IccIds query complete
D/RILD    ( 1758): **RIL Daemon Started**
D/RILD    ( 1758): **RILd param count=1**
D/RILD    ( 1758): RIL_Init argc = 5 clientId = 0
E/use-Rlog/RLOG-RIL( 1758): checkSilentReset()
E/use-Rlog/RLOG-RIL( 1758): checkSilentReset() silent=0
E/use-Rlog/RLOG-RIL( 1758): loadOpnameStaticTable(): count(996)
E/use-Rlog/RLOG-RIL( 1758): deactivate_virtual_inet()
E/use-Rlog/RLOG-RIL( 1758): cid:1 interface:pdp0
E/use-Rlog/RLOG-RIL( 1758): down_network_interface(): failed to down interface pdp0 (errno: 19)
E/use-Rlog/RLOG-RIL( 1758): Net intf down result: -1
E/use-Rlog/RLOG-RIL( 1758): deactivate_virtual_inet()
E/use-Rlog/RLOG-RIL( 1758): cid:2 interface:pdp1
E/use-Rlog/RLOG-RIL( 1758): down_network_interface(): failed to down interface pdp1 (errno: 19)
E/use-Rlog/RLOG-RIL( 1758): Net intf down result: -1
E/use-Rlog/RLOG-RIL( 1758): deactivate_virtual_inet()
E/use-Rlog/RLOG-RIL( 1758): cid:3 interface:pdp2
E/use-Rlog/RLOG-RIL( 1758): down_network_interface(): failed to down interface pdp2 (errno: 19)
E/use-Rlog/RLOG-RIL( 1758): Net intf down result: -1
E/use-Rlog/RLOG-RIL( 1758): OemInitGps
E/use-Rlog/RLOG-RIL( 1758): [*] RIL initialized: TID(1758)
E/use-Rlog/RLOG-RIL( 1758): /system/csc/sales_code.dat ==> cannot open file
E/use-Rlog/RLOG-RIL( 1758): RIL features: 0x1
I/use-Rlog/RLOG-RIL( 1758): Opening tty device /dev/smd0
D/RILD    ( 1758): RIL_Init rilInit completed
E/RILD    ( 1758): ============= Retrying RIL_Init without a client id. This is only required for very old versions,
E/RILD    ( 1758): ============= and you're likely to have more radio breakage elsewhere!
E/use-Rlog/RLOG-RIL( 1758): checkSilentReset()
E/use-Rlog/RLOG-RIL( 1758): checkSilentReset() silent=0
E/use-Rlog/RLOG-RIL( 1758): deactivate_virtual_inet()
E/use-Rlog/RLOG-RIL( 1758): cid:1 interface:pdp0
E/use-Rlog/RLOG-RIL( 1758): down_network_interface(): failed to down interface pdp0 (errno: 19)
E/use-Rlog/RLOG-RIL( 1758): Net intf down result: -1
E/use-Rlog/RLOG-RIL( 1758): deactivate_virtual_inet()
E/use-Rlog/RLOG-RIL( 1758): cid:2 interface:pdp1
E/use-Rlog/RLOG-RIL( 1758): down_network_interface(): failed to down interface pdp1 (errno: 19)
E/use-Rlog/RLOG-RIL( 1758): Net intf down result: -1
E/use-Rlog/RLOG-RIL( 1758): deactivate_virtual_inet()
E/use-Rlog/RLOG-RIL( 1758): cid:3 interface:pdp2
E/use-Rlog/RLOG-RIL( 1758): down_network_interface(): failed to down interface pdp2 (errno: 19)
E/use-Rlog/RLOG-RIL( 1758): Net intf down result: -1
E/use-Rlog/RLOG-RIL( 1758): OemInitGps
E/use-Rlog/RLOG-RIL( 1758): [*] RIL initialized: TID(1758)
E/use-Rlog/RLOG-RIL( 1758): /system/csc/sales_code.dat ==> cannot open file
E/use-Rlog/RLOG-RIL( 1758): RIL features: 0x1
E/use-Rlog/RLOG-RIL( 1758): ipc_debug_init:
E/use-Rlog/RLOG-RIL( 1758): ipc_debug_open_listen_sk:
E/use-Rlog/RLOG-RIL( 1758): IPC debug port opened.
E/use-Rlog/RLOG-RIL( 1758): StartMulticlient:
E/use-Rlog/RLOG-RIL( 1758): StartMulticlient() START
E/use-Rlog/RLOG-RIL( 1758): StartMulticlient() fd=12 END
E/use-Rlog/RLOG-RIL( 1758): [*] BuildupReqHandlerHash()
E/use-Rlog/RLOG-RIL( 1758): ----------------------
E/use-Rlog/RLOG-RIL( 1758): [REQ FUNC TBL]
E/use-Rlog/RLOG-RIL( 1758): ----------------------
E/use-Rlog/RLOG-RIL( 1758): (0) 0x40538671
E/use-Rlog/RLOG-RIL( 1758): (1) 0x405379f9
E/use-Rlog/RLOG-RIL( 1758): (2) 0x40537835
E/use-Rlog/RLOG-RIL( 1758): (3) 0x405376e5
E/use-Rlog/RLOG-RIL( 1758): (4) 0x40537581
E/use-Rlog/RLOG-RIL( 1758): (5) 0x405384ad
E/use-Rlog/RLOG-RIL( 1758): (6) 0x40538349
E/use-Rlog/RLOG-RIL( 1758): (7) 0x40537271
E/use-Rlog/RLOG-RIL( 1758): (8) 0x40536e49
E/use-Rlog/RLOG-RIL( 1758): (9) 0x4053810d
E/use-Rlog/RLOG-RIL( 1758): (10) 0x40537ba9
E/use-Rlog/RLOG-RIL( 1758): (11) 0x40536fad
E/use-Rlog/RLOG-RIL( 1758): (12) 0x4055acf1
E/use-Rlog/RLOG-RIL( 1758): (13) 0x4055abf1
E/use-Rlog/RLOG-RIL( 1758): (14) 0x4055a9c1
E/use-Rlog/RLOG-RIL( 1758): (15) 0x4055a919
E/use-Rlog/RLOG-RIL( 1758): (16) 0x4055a709
E/use-Rlog/RLOG-RIL( 1758): (17) 0x4055a651
E/use-Rlog/RLOG-RIL( 1758): (18) 0x4055a7c1
E/use-Rlog/RLOG-RIL( 1758): (19) 0x4055a54d
E/use-Rlog/RLOG-RIL( 1758): (20) 0x4055a451
E/use-Rlog/RLOG-RIL( 1758): (21) 0x4055a405
E/use-Rlog/RLOG-RIL( 1758): (22) 0x40534d75
E/use-Rlog/RLOG-RIL( 1758): (23) 0x4053374d
E/use-Rlog/RLOG-RIL( 1758): (24) 0x405360b9
E/use-Rlog/RLOG-RIL( 1758): (25) 0x40535f7d
E/use-Rlog/RLOG-RIL( 1758): (26) 0x40535a15
E/use-Rlog/RLOG-RIL( 1758): (27) 0x40535ba9
E/use-Rlog/RLOG-RIL( 1758): (28) 0x40535079
E/use-Rlog/RLOG-RIL( 1758): (29) 0x40535c71
E/use-Rlog/RLOG-RIL( 1758): (30) 0x40535201
E/use-Rlog/RLOG-RIL( 1758): (31) 0x405351c9
E/use-Rlog/RLOG-RIL( 1758): (32) 0x405358b5
E/use-Rlog/RLOG-RIL( 1758): (33) 0x40535769
E/use-Rlog/RLOG-RIL( 1758): (34) 0x40535659
E/use-Rlog/RLOG-RIL( 1758): (35) 0x40535659
E/use-Rlog/RLOG-RIL( 1758): (36) 0x40535335
E/use-Rlog/RLOG-RIL( 1758): (37) 0x40535431
E/use-Rlog/RLOG-RIL( 1758): (38) 0x40535529
E/use-Rlog/RLOG-RIL( 1758): (39) 0x40535239
E/use-Rlog/RLOG-RIL( 1758): (40) 0x40535d3d
E/use-Rlog/RLOG-RIL( 1758): (41) 0x40534fed
E/use-Rlog/RLOG-RIL( 1758): (42) 0x40534f61
E/use-Rlog/RLOG-RIL( 1758): (43) 0x4053b241
E/use-Rlog/RLOG-RIL( 1758): (44) 0x4053a9d5
E/use-Rlog/RLOG-RIL( 1758): (45) 0x4053b1c1
E/use-Rlog/RLOG-RIL( 1758): (46) 0x4053b04d
E/use-Rlog/RLOG-RIL( 1758): (47) 0x4053a85d
E/use-Rlog/RLOG-RIL( 1758): (48) 0x4053ad05
E/use-Rlog/RLOG-RIL( 1758): (49) 0x4053abb1
E/use-Rlog/RLOG-RIL( 1758): (50) 0x4053af5d
E/use-Rlog/RLOG-RIL( 1758): (51) 0x4053ae35
E/use-Rlog/RLOG-RIL( 1758): (52) 0x4053b115
E/use-Rlog/RLOG-RIL( 1758): (53) 0x4053374d
E/use-Rlog/RLOG-RIL( 1758): (54) 0x4053aa7d
E/use-Rlog/RLOG-RIL( 1758): (55) 0x4053a8a9
E/use-Rlog/RLOG-RIL( 1758): (56) 0x4053374d
E/use-Rlog/RLOG-RIL( 1758): (57) 0x4053374d
E/use-Rlog/RLOG-RIL( 1758): (58) 0x4053a3d5
E/use-Rlog/RLOG-RIL( 1758): (59) 0x4053a349
E/use-Rlog/RLOG-RIL( 1758): (60) 0x4053a2bd
E/use-Rlog/RLOG-RIL( 1758): (61) 0x4053a231
E/use-Rlog/RLOG-RIL( 1758): (62) 0x4053a065
E/use-Rlog/RLOG-RIL( 1758): (63) 0x4053374d
E/use-Rlog/RLOG-RIL( 1758): (64) 0x4053a185
E/use-Rlog/RLOG-RIL( 1758): (65) 0x4053a0f5
E/use-Rlog/RLOG-RIL( 1758): (66) 0x4053374d
E/use-Rlog/RLOG-RIL( 1758): (67) 0x4053374d
E/use-Rlog/RLOG-RIL( 1758): (68) 0x4053a465
E/use-Rlog/RLOG-RIL( 1758): (69) 0x4053a6b9
E/use-Rlog/RLOG-RIL( 1758): (70) 0x4053a4f5
E/use-Rlog/RLOG-RIL( 1758): (71) 0x4053a741
E/use-Rlog/RLOG-RIL( 1758): (72) 0x4053dca9
E/use-Rlog/RLOG-RIL( 1758): (73) 0x4053dbe9
E/use-Rlog/RLOG-RIL( 1758): (74) 0x4053dc75
E/use-Rlog/RLOG-RIL( 1758): (75) 0x4053dbb5
E/use-Rlog/RLOG-RIL( 1758): (76) 0x40539b59
E/use-Rlog/RLOG-RIL( 1758): (77) 0x405387e9
E/use-Rlog/RLOG-RIL( 1758): (78) 0x4053910d
E/use-Rlog/RLOG-RIL( 1758): (79) 0x4053940d
E/use-Rlog/RLOG-RIL( 1758): (80) 0x40539321
E/use-Rlog/RLOG-RIL( 1758): (81) 0x40539215
E/use-Rlog/RLOG-RIL( 1758): (82) 0x40538821
E/use-Rlog/RLOG-RIL( 1758): (83) 0x40538fd5
E/use-Rlog/RLOG-RIL( 1758): (84) 0x405389fd
E/use-Rlog/RLOG-RIL( 1758): (85) 0x40538dbd
E/use-Rlog/RLOG-RIL( 1758): (86) 0x40538aa5
E/use-Rlog/RLOG-RIL( 1758): (87) 0x40539759
E/use-Rlog/RLOG-RIL( 1758): (88) 0x40538f29
E/use-Rlog/RLOG-RIL( 1758): (89) 0x4053cd81
E/use-Rlog/RLOG-RIL( 1758): (90) 0x4053ca29
E/use-Rlog/RLOG-RIL( 1758): (91) 0x4053b509
E/use-Rlog/RLOG-RIL( 1758): (92) 0x4053c709
E/use-Rlog/RLOG-RIL( 1758): (93) 0x4053c625
E/use-Rlog/RLOG-RIL( 1758): (94) 0x4053c541
E/use-Rlog/RLOG-RIL( 1758): (95) 0x4053c471
E/use-Rlog/RLOG-RIL( 1758): (96) 0x4053c8c1
E/use-Rlog/RLOG-RIL( 1758): (97) 0x4053374d
E/use-Rlog/RLOG-RIL( 1758): (98) 0x4053b5f9
E/use-Rlog/RLOG-RIL( 1758): (99) 0x4053374d
E/use-Rlog/RLOG-RIL( 1758): (100) 0x4053374d
E/use-Rlog/RLOG-RIL( 1758): (101) 0x40535e71
E/use-Rlog/RLOG-RIL( 1758): (102) 0x4053374d
E/use-Rlog/RLOG-RIL( 1758): (103) 0x4053374d
E/use-Rlog/RLOG-RIL( 1758): (104) 0x4053374d
E/use-Rlog/RLOG-RIL( 1758): (105) 0x4053374d
E/use-Rlog/RLOG-RIL( 1758): ----------------------
E/use-Rlog/RLOG-RIL( 1758): startUeventSocket() START
E/use-Rlog/RLOG-RIL( 1758): Transport file name: /dev/dpram0
E/use-Rlog/RLOG-RIL( 1758): Transport file: /dev/dpram0(14)
E/use-Rlog/RLOG-RIL( 1758): Transport file err: /dev/dpramerr(15)
E/use-Rlog/RLOG-RIL( 1758): isRildReset : 1
E/use-Rlog/RLOG-RIL( 1758): RILD was crashed and set the reboot flag
W/use-Rlog/RLOG-RILC( 1758): RIL_onUnsolicitedResponse called before RIL_register
E/use-Rlog/RLOG-RIL( 1758): RIL_onMultiClientUnsolicitedResponse:
E/use-Rlog/RLOG-RIL( 1758): unsupported multiclient unsolicited response code 1000
I/use-Rlog/RLOG-RIL( 1758): setRadioState: sState 0, s_closed 0
E/use-Rlog/RLOG-RILC( 1758): RIL_register: RIL version 3
E/use-Rlog/RLOG-RIL( 1758): [TID] MulticlientLoop(1775)
E/use-Rlog/RLOG-RIL( 1758): MulticlientLoop start...
E/use-Rlog/RLOG-RIL( 1758): set_multiclient_max_fd:
E/use-Rlog/RLOG-RIL( 1758): set_multiclient_max_fd: maxfd=12
E/use-Rlog/RLOG-RIL( 1758): set_multiclient_fd_set:
D/RILD    ( 1758): RIL_Init RIL_register completed
D/RILD    ( 1758): RIL_Init starting sleep loop
E/use-Rlog/RLOG-RIL( 1758): [*] RilProcessorLoop start: TID(1777)
E/use-Rlog/RLOG-RIL( 1758): [TID] ReaderLoop(1776)
E/use-Rlog/RLOG-RIL( 1758): ReaderLoop start...
E/use-Rlog/RLOG-RIL( 1758): processLine():
E/use-Rlog/RLOG-RIL( 1758): processLine: got a single frame.
E/use-Rlog/RLOG-RIL( 1758): [EVT]:Req(0), RX(1)
E/use-Rlog/RLOG-RIL( 1758): RIL_onMultiClientUnsolicitedResponse:
E/use-Rlog/RLOG-RIL( 1758): unsupported multiclient unsolicited response code 1009
E/use-Rlog/RLOG-RIL( 1758): initializeCallback()
E/use-Rlog/RLOG-RIL( 1758): isRildSlient : 1
E/use-Rlog/RLOG-RIL( 1758): RILD was crashed and set the reboot flag
E/use-Rlog/RLOG-RIL( 1758): processLine():
E/use-Rlog/RLOG-RIL( 1758): processLine: got a single frame.
E/use-Rlog/RLOG-RIL( 1758): [EVT]:Req(0), RX(1)
E/use-Rlog/RLOG-RIL( 1758): RIL_onMultiClientUnsolicitedResponse:
E/use-Rlog/RLOG-RIL( 1758): unsupported multiclient unsolicited response code 1009
I/use-Rlog/RLOG-RILC( 1758): libril: new connection
E/use-Rlog/RLOG-RIL( 1758): currentState(): state(0)
I/use-Rlog/RLOG-RILC( 1758): RIL Daemon version: Samsung RIL(IPC) v2.0
I/RILJ    (  945): Connected to 'rild' socket
D/RILJ    (  945): [UNSL]< UNSOL_RIL_CONNECTED {3}
D/RILJ    (  945): [0019]> RADIO_POWER
E/use-Rlog/RLOG-RIL( 1758): onRequest: RADIO_POWER
E/use-Rlog/RLOG-RIL( 1758): CreateRequest(): req(0x40c6eae8), id(23), tok(0x40c6ead0) - FUNC(0x40534d75)
E/use-Rlog/RLOG-RIL( 1758): [EVT]:Req(1), RX(0)
E/use-Rlog/RLOG-RIL( 1758): RIL_onRequestComplete: tok(0x40c6ead0)
E/use-Rlog/RLOG-RIL( 1758): [RM REQ]: req(0x40c6eae8), tok(0x40c6ead0)
E/use-Rlog/RLOG-RIL( 1758): [EVT]:Req(0), RX(0)
E/use-Rlog/RLOG-RIL( 1758): [EVT]:Req(0), RX(0)
D/RILJ    (  945): [0020]> REQUEST_SET_PREFERRED_NETWORK_TYPE : 0
D/RILJ    (  945): [0021]> RIL_REQUEST_CDMA_SET_SUBSCRIPTION_SOURCE : 1
E/use-Rlog/RLOG-RIL( 1758): onRequest: <unknown request>
E/use-Rlog/RLOG-RIL( 1758): RIL_onRequestOnlyComplete: tok(0x40c6ead0)
D/RILJ    (  945): setCellInfoListRate: not supported
E/use-Rlog/RLOG-RIL( 1758): onRequest: CDMA_SET_SUBSCRIPTION
E/use-Rlog/RLOG-RIL( 1758): RIL_onRequestOnlyComplete: tok(0x40c6ead0)
D/Dcc     (  945): DccDefaultState: msg.what=EVENT_RIL_CONNECTED mRilVersion=3
D/RILJ    (  945): [UNSL]< UNSOL_RESPONSE_RADIO_STATE_CHANGED RADIO_OFF
D/GsmSST  (  945): [GsmSST] mDeviceShuttingDown = false
D/GsmSST  (  945): [GsmSST] mDesiredPowerState = true
D/GsmSST  (  945): [GsmSST] getRadioState = RADIO_OFF
D/GsmSST  (  945): [GsmSST] mPowerOffDelayNeed = true
D/GsmSST  (  945): [GsmSST] mAlarmSwitch = false
D/RILJ    (  945): [0022]> RADIO_POWER
D/PHONE   (  945): [ServiceState] setNullState=3
D/GsmSST  (  945): [GsmSST] Poll ServiceState done:  oldSS=[1 1 home null null null  Unknown Unknown CSS not supported -1 -1 RoamInd=-1 DefRoamInd=-1 EmergOnly=false] newSS=[3 3 home null null null  Unknown Unknown CSS not supported -1 -1 RoamInd=-1 DefRoamInd=-1 EmergOnly=false] oldMaxDataCalls=1 mNewMaxDataCalls=1 oldReasonDataDenied=-1 mNewReasonDataDenied=-1
D/GsmSST  (  945): [GsmSST] set service state as POWER_OFF
D/GsmSST  (  945): [GsmSST] Iwlan feature available = false
D/PHONE   (  945): [ServiceState] setNullState=3
D/PHONE   (  945): [ServiceState] setNullState=1
D/GsmSST  (  945): [GsmSST] updateSpnDisplay: radio is off w/ showPlmn=false plmn=null
D/GsmSST  (  945): [GsmSST] updateSpnDisplay: changed sending intent rule=0 showPlmn='false' plmn='null' showSpn='false' spn=''
E/use-Rlog/RLOG-RIL( 1758): onRequest: RADIO_POWER
E/use-Rlog/RLOG-RIL( 1758): CreateRequest(): req(0x40c6eae8), id(23), tok(0x40c6ead0) - FUNC(0x40534d75)
E/use-Rlog/RLOG-RIL( 1758): [EVT]:Req(1), RX(0)
E/use-Rlog/RLOG-RIL( 1758): !RadioPowerOn( REQUEST ---
E/use-Rlog/RLOG-RIL( 1758): For Real Target
E/use-Rlog/RLOG-RIL( 1758): TxPWR_LPMtoNormal()
E/use-Rlog/RLOG-RIL( 1758): ****************   ph->trans_fd = 14 
E/use-Rlog/RLOG-RIL( 1758): get_msg_sequence()
E/use-Rlog/RLOG-RIL( 1758): ipc_debug_send_ipc: timestamp 1423983336276209
E/use-Rlog/RLOG-RIL( 1758): TX: Time: 2349161300 / 104193
E/use-Rlog/RLOG-RIL( 1758): TX: (M)IPC_PWR_CMD  (S)IPC_PWR_PHONE_STATE  (T)IPC_CMD_EXEC  len:9 mseq:1 aseq:0
E/use-Rlog/RLOG-RIL( 1758): TX: ---- DATA BEGIN ----
E/use-Rlog/RLOG-RIL( 1758): TX: 02 02 
E/use-Rlog/RLOG-RIL( 1758): TX: ---- DATA  END ----
E/use-Rlog/RLOG-RIL( 1758): MODEM is ON ---
E/use-Rlog/RLOG-RIL( 1758): case 1
E/use-Rlog/RLOG-RIL( 1758): WaitForExpectedCmd(): cur_time: 104193, cur_req->timeout: 154193, ph->near_timeout: 154193
D/SubController(  945): [getSubId]- size == 0, return dummy instead
E/use-Rlog/RLOG-RIL( 1758): processLine():
E/use-Rlog/RLOG-RIL( 1758): processLine: got a single frame.
E/use-Rlog/RLOG-RIL( 1758): ipc_debug_send_ipc: timestamp 1423983336281641
E/use-Rlog/RLOG-RIL( 1758): processLine():
E/use-Rlog/RLOG-RIL( 1758): processLine: got a single frame.
E/use-Rlog/RLOG-RIL( 1758): ipc_debug_send_ipc: timestamp 1423983336281702
E/use-Rlog/RLOG-RIL( 1758): processLine():
E/use-Rlog/RLOG-RIL( 1758): processLine: got a single frame.
E/use-Rlog/RLOG-RIL( 1758): ipc_debug_send_ipc: timestamp 1423983336281794
E/use-Rlog/RLOG-RIL( 1758): [EVT]:Req(1), RX(2)
E/use-Rlog/RLOG-RIL( 1758): RX: Time: 2349161306 / 104199
E/use-Rlog/RLOG-RIL( 1758): RX: (M)IPC_GEN_CMD  (S)IPC_GEN_PHONE_RES  (T)IPC_CMD_RESP  len:c mseq:0 aseq:1
E/use-Rlog/RLOG-RIL( 1758): RX: ---- DATA BEGIN ----
E/use-Rlog/RLOG-RIL( 1758): RX: 01 07 01 00 80 
E/use-Rlog/RLOG-RIL( 1758): RX: ---- DATA  END ----
E/use-Rlog/RLOG-RIL( 1758): case 1
E/use-Rlog/RLOG-RIL( 1758): GR err: 0x8000
E/use-Rlog/RLOG-RIL( 1758): WaitForExpectedCmd(): cur_time: 104199, cur_req->timeout: 154199, ph->near_timeout: 154193
E/use-Rlog/RLOG-RIL( 1758): [EVT]:Req(1), RX(1)
E/use-Rlog/RLOG-RIL( 1758): RX: Time: 2349161306 / 104199
E/use-Rlog/RLOG-RIL( 1758): RX: (M)IPC_PWR_CMD  (S)IPC_PWR_PHONE_STATE  (T)IPC_CMD_NOTI  len:8 mseq:0 aseq:ff
E/use-Rlog/RLOG-RIL( 1758): RX: ---- DATA BEGIN ----
E/use-Rlog/RLOG-RIL( 1758): RX: 02 
E/use-Rlog/RLOG-RIL( 1758): RX: ---- DATA  END ----
E/use-Rlog/RLOG-RIL( 1758): ipc_recv_power()
E/use-Rlog/RLOG-RIL( 1758): RxPWR_LPMtoNormalCompletedNotify
E/use-Rlog/RLOG-RIL( 1758): currentState(): state(2)
E/use-Rlog/RLOG-RIL( 1758): RIL_onMultiClientUnsolicitedResponse:
E/use-Rlog/RLOG-RIL( 1758): unsupported multiclient unsolicited response code 1000
E/use-Rlog/RLOG-RIL( 1758): polling: prvGetSIMStatus - simCurrentStatus is <2>
I/use-Rlog/RLOG-RIL( 1758): setRadioState: sState 2, s_closed 0
E/use-Rlog/RLOG-RIL( 1758): processLine():
E/use-Rlog/RLOG-RIL( 1758): processLine: got a single frame.
E/use-Rlog/RLOG-RIL( 1758): ipc_debug_send_ipc: timestamp 1423983336284785
E/use-Rlog/RLOG-RIL( 1758): processLine():
E/use-Rlog/RLOG-RIL( 1758): processLine: got a single frame.
E/use-Rlog/RLOG-RIL( 1758): ipc_debug_send_ipc: timestamp 1423983336284846
E/use-Rlog/RLOG-RIL( 1758): processLine():
E/use-Rlog/RLOG-RIL( 1758): processLine: got a single frame.
E/use-Rlog/RLOG-RIL( 1758): ipc_debug_send_ipc: timestamp 1423983336284907
E/use-Rlog/RLOG-RIL( 1758): processLine():
E/use-Rlog/RLOG-RIL( 1758): processLine: got a single frame.
E/use-Rlog/RLOG-RIL( 1758): ipc_debug_send_ipc: timestamp 1423983336284968
E/use-Rlog/RLOG-RIL( 1758): processLine():
E/use-Rlog/RLOG-RIL( 1758): processLine: got a single frame.
E/use-Rlog/RLOG-RIL( 1758): ipc_debug_send_ipc: timestamp 1423983336285029
E/use-Rlog/RLOG-RIL( 1758): [EVT]:Req(1), RX(6)
E/use-Rlog/RLOG-RIL( 1758): RX: Time: 2349161309 / 104202
E/use-Rlog/RLOG-RIL( 1758): RX: (M)IPC_SEC_CMD  (S)IPC_SEC_PIN_STATUS  (T)IPC_CMD_NOTI  len:9 mseq:0 aseq:ff
E/use-Rlog/RLOG-RIL( 1758): RX: ---- DATA BEGIN ----
E/use-Rlog/RLOG-RIL( 1758): RX: 00 00 
E/use-Rlog/RLOG-RIL( 1758): RX: ---- DATA  END ----
E/use-Rlog/RLOG-RIL( 1758): RxSEC_ResPinStatus!!!
E/use-Rlog/RLOG-RIL( 1758): RADIO_STATE_SIM_READY : simCurrentStatus is <4>
E/use-Rlog/RLOG-RIL( 1758): RIL_onRequestComplete: tok(0x40c6ead0)
E/use-Rlog/RLOG-RIL( 1758): [RM REQ]: req(0x40c6eae8), tok(0x40c6ead0)
E/use-Rlog/RLOG-RIL( 1758): [EVT]:Req(0), RX(5)
E/use-Rlog/RLOG-RIL( 1758): [EVT]:Req(0), RX(5)
E/use-Rlog/RLOG-RIL( 1758): RX: Time: 2349161310 / 104203
E/use-Rlog/RLOG-RIL( 1758): RX: (M)IPC_SEC_CMD  (S)IPC_SEC_PIN_STATUS  (T)IPC_CMD_NOTI  len:9 mseq:0 aseq:ff
E/use-Rlog/RLOG-RIL( 1758): RX: ---- DATA BEGIN ----
E/use-Rlog/RLOG-RIL( 1758): RX: 82 00 
E/use-Rlog/RLOG-RIL( 1758): RX: ---- DATA  END ----
E/use-Rlog/RLOG-RIL( 1758): ipc_recv_security()
E/use-Rlog/RLOG-RIL( 1758): RxSEC_ResPinStatus!!!
E/use-Rlog/RLOG-RIL( 1758): IPC_SEC_SIM_INIT_COMPLETED !!
E/use-Rlog/RLOG-RIL( 1758): currentState(): state(4)
E/use-Rlog/RLOG-RIL( 1758): RIL_onMultiClientUnsolicitedResponse:
E/use-Rlog/RLOG-RIL( 1758): unsupported multiclient unsolicited response code 1000
E/use-Rlog/RLOG-RIL( 1758): onSIMReady
I/use-Rlog/RLOG-RIL( 1758): setRadioState: sState 4, s_closed 0
E/use-Rlog/RLOG-RIL( 1758): CreateInternalRequest(): req(0x40c6ecb0), id(0), tok(NULL)
E/use-Rlog/RLOG-RIL( 1758): [EVT]:Req(1), RX(4)
E/use-Rlog/RLOG-RIL( 1758): RX: Time: 2349161311 / 104204
E/use-Rlog/RLOG-RIL( 1758): RX: (M)IPC_SMS_CMD  (S)IPC_SMS_DEVICE_READY  (T)IPC_CMD_NOTI  len:8 mseq:0 aseq:ff
E/use-Rlog/RLOG-RIL( 1758): RX: ---- DATA BEGIN ----
E/use-Rlog/RLOG-RIL( 1758): RX: 02 
E/use-Rlog/RLOG-RIL( 1758): RX: ---- DATA  END ----
E/use-Rlog/RLOG-RIL( 1758): requestDeviceReadySet()
E/use-Rlog/RLOG-RIL( 1758): TxSMS_SetDeviceReady()
E/use-Rlog/RLOG-RIL( 1758): get_msg_sequence()
E/use-Rlog/RLOG-RIL( 1758): ipc_debug_send_ipc: timestamp 1423983336287226
E/use-Rlog/RLOG-RIL( 1758): TX: Time: 2349161311 / 104204
E/use-Rlog/RLOG-RIL( 1758): TX: (M)IPC_SMS_CMD  (S)IPC_SMS_DEVICE_READY  (T)IPC_CMD_SET  len:7 mseq:2 aseq:0
E/use-Rlog/RLOG-RIL( 1758): WaitForExpectedCmd(): cur_time: 104204, cur_req->timeout: 109204, ph->near_timeout: 109204
E/use-Rlog/RLOG-RIL( 1758): ipc_recv_sms()
E/use-Rlog/RLOG-RIL( 1758): RxSMS_NotiDeviceReady()
E/use-Rlog/RLOG-RIL( 1758): SetGCFModeProperty()
E/use-Rlog/RLOG-RIL( 1758): file not found
E/use-Rlog/RLOG-RILC( 1758): unsupported unsolicited response code 11008
E/use-Rlog/RLOG-RIL( 1758): RIL_onMultiClientUnsolicitedResponse:
E/use-Rlog/RLOG-RIL( 1758): [EVT]:Req(1), RX(3)
E/use-Rlog/RLOG-RIL( 1758): RX: Time: 2349161311 / 104204
E/use-Rlog/RLOG-RIL( 1758): RX: (M)IPC_SEC_CMD  (S)IPC_SEC_PIN_STATUS  (T)IPC_CMD_NOTI  len:9 mseq:0 aseq:ff
E/use-Rlog/RLOG-RIL( 1758): RX: ---- DATA BEGIN ----
E/use-Rlog/RLOG-RIL( 1758): RX: 83 00 
E/use-Rlog/RLOG-RIL( 1758): RX: ---- DATA  END ----
E/use-Rlog/RLOG-RIL( 1758): ipc_recv_security()
E/use-Rlog/RLOG-RIL( 1758): RxSEC_ResPinStatus!!!
E/use-Rlog/RLOG-RIL( 1758): IPC_SEC_PB_INIT_COMPLETED !!
E/use-Rlog/RLOG-RIL( 1758): ril.init = 1
E/use-Rlog/RLOG-RILC( 1758): unsupported unsolicited response code 11010
E/use-Rlog/RLOG-RIL( 1758): RIL_onMultiClientUnsolicitedResponse:
E/use-Rlog/RLOG-RIL( 1758): processLine():
E/use-Rlog/RLOG-RIL( 1758): processLine: got a single frame.
E/use-Rlog/RLOG-RIL( 1758): ipc_debug_send_ipc: timestamp 1423983336288782
E/use-Rlog/RLOG-RIL( 1758): [EVT]:Req(1), RX(3)
E/use-Rlog/RLOG-RIL( 1758): RX: Time: 2349161313 / 104207
E/use-Rlog/RLOG-RIL( 1758): RX: (M)IPC_NET_CMD  (S)IPC_NET_REGIST  (T)IPC_CMD_NOTI  len:12 mseq:0 aseq:ff
E/use-Rlog/RLOG-RIL( 1758): RX: ---- DATA BEGIN ----
E/use-Rlog/RLOG-RIL( 1758): RX: 04 02 02 63 F7 5C 
E/use-Rlog/RLOG-RIL( 1758): RX: 5F 08 6F 00 00 
E/use-Rlog/RLOG-RIL( 1758): RX: ---- DATA  END ----
E/use-Rlog/RLOG-RIL( 1758): ipc_recv_network()
E/use-Rlog/RLOG-RIL( 1758): RxNET_ResNetworkRegistration()
E/use-Rlog/RLOG-RIL( 1758): RegiStatus_Ipc2Ril()
E/use-Rlog/RLOG-RIL( 1758): RxNET_ResNetworkRegistration: cs_reg_status: 1, rej_cause 0
D/RILJ    (  945): Serial: -1419013629
E/use-Rlog/RLOG-RIL( 1758): RIL_onMultiClientUnsolicitedResponse:
E/use-Rlog/RLOG-RIL( 1758): unsupported multiclient unsolicited response code 1002
E/use-Rlog/RLOG-RIL( 1758): [EVT]:Req(1), RX(2)
E/use-Rlog/RLOG-RIL( 1758): RX: Time: 2349161317 / 104211
E/use-Rlog/RLOG-RIL( 1758): RX: (M)IPC_NET_CMD  (S)IPC_NET_REGIST  (T)IPC_CMD_NOTI  len:12 mseq:0 aseq:ff
E/use-Rlog/RLOG-RIL( 1758): RX: ---- DATA BEGIN ----
E/use-Rlog/RLOG-RIL( 1758): RX: 04 03 02 63 F7 5C 
E/use-Rlog/RLOG-RIL( 1758): RX: 5F 08 6F 00 00 
E/use-Rlog/RLOG-RIL( 1758): RX: ---- DATA  END ----
E/use-Rlog/RLOG-RIL( 1758): ipc_recv_network()
E/use-Rlog/RLOG-RIL( 1758): RxNET_ResNetworkRegistration()
E/use-Rlog/RLOG-RIL( 1758): RegiStatus_Ipc2Ril()
E/use-Rlog/RLOG-RIL( 1758): RIL_onMultiClientUnsolicitedResponse:
E/use-Rlog/RLOG-RIL( 1758): unsupported multiclient unsolicited response code 1002
E/use-Rlog/RLOG-RIL( 1758): [EVT]:Req(1), RX(1)
E/use-Rlog/RLOG-RIL( 1758): RX: Time: 2349161318 / 104211
E/use-Rlog/RLOG-RIL( 1758): RX: (M)IPC_GEN_CMD  (S)IPC_GEN_PHONE_RES  (T)IPC_CMD_RESP  len:c mseq:0 aseq:2
E/use-Rlog/RLOG-RIL( 1758): RX: ---- DATA BEGIN ----
E/use-Rlog/RLOG-RIL( 1758): RX: 04 07 03 00 80 
E/use-Rlog/RLOG-RIL( 1758): RX: ---- DATA  END ----
E/use-Rlog/RLOG-RIL( 1758): requestDeviceReadySet()
E/use-Rlog/RLOG-RIL( 1758): GR err: 0x8000
E/use-Rlog/RLOG-RIL( 1758): COMPLETE - STATE[1] < 
E/use-Rlog/RLOG-RIL( 1758): [RM REQ]: req(0x40c6ecb0), tok(0x0)
E/use-Rlog/RLOG-RIL( 1758): [EVT]:Req(0), RX(0)
E/use-Rlog/RLOG-RIL( 1758): [EVT]:Req(0), RX(0)
D/SubController(  945): [getSubId]- size == 0, return dummy instead
E/use-Rlog/RLOG-RIL( 1758): [EVT]:Req(0), RX(0)
D/TelephonyManager(  945): setTelephonyProperty property=gsm.operator.alpha propVal=
D/RILJ    (  945): Error: 0
D/RILJ    (  945): [0019]< RADIO_POWER 
D/RILJ    (  945): Serial: -1419013628
D/RILJ    (  945): Error: 1
D/RilRequest(  945): [0020]< REQUEST_SET_PREFERRED_NETWORK_TYPE error: com.android.internal.telephony.CommandException: RADIO_NOT_AVAILABLE ret=
D/RILJ    (  945): Serial: -1419013627
D/RILJ    (  945): Error: 1
D/RilRequest(  945): [0021]< RIL_REQUEST_CDMA_SET_SUBSCRIPTION_SOURCE error: com.android.internal.telephony.CommandException: RADIO_NOT_AVAILABLE ret=
D/RILJ    (  945): [UNSL]< UNSOL_VOICE_RADIO_TECH_CHANGED {}
D/RILJ    (  945): [UNSL]< UNSOL_RESPONSE_RADIO_STATE_CHANGED RADIO_ON
D/RILJ    (  945): Serial: -1419013626
D/RILJ    (  945): Error: 0
D/RILJ    (  945): [0022]< RADIO_POWER 
D/SubController(  945): [getSubId]- size == 0, return dummy instead
D/TelephonyManager(  945): setTelephonyProperty property=gsm.operator.numeric propVal=
D/GsmSST  (  945): [GsmSST] operatorNumeric is null
D/SubController(  945): [getSubId]- size == 0, return dummy instead
D/TelephonyManager(  945): setTelephonyProperty property=gsm.operator.iso-country propVal=
D/SubController(  945): [getSubId]- size == 0, return dummy instead
D/RILJ    (  945): [UNSL]< UNSOL_RESPONSE_SIM_STATUS_CHANGED
D/RILJ    (  945): [UNSL]< UNSOL_RESPONSE_RADIO_STATE_CHANGED RADIO_ON
D/RILJ    (  945): [UNSL]< UNSOL_RESPONSE_VOICE_NETWORK_STATE_CHANGED
D/RILJ    (  945): [UNSL]< UNSOL_RESPONSE_VOICE_NETWORK_STATE_CHANGED
D/TelephonyManager(  945): setTelephonyProperty property=gsm.operator.isroaming propVal=false
D/SubController(  945): [getSubId]- size == 0, return dummy instead
D/DefaultPhoneNotifier(  945): nofityServiceState: mRegistry=com.android.internal.telephony.ITelephonyRegistry$Stub$Proxy@20324c19 ss=3 3 home null null null  Unknown Unknown CSS not supported -1 -1 RoamInd=-1 DefRoamInd=-1 EmergOnly=false sender=Handler (com.android.internal.telephony.gsm.GSMPhone) {c60dbcf} phondId=0 subId=-1
D/SubController(  945): [getPhoneId] asked for default subId=9223372036854775807
D/SubController(  945): [getPhoneId]- no sims, returning default phoneId=0
D/SubController(  945): [getSubId]- size == 0, return dummy instead
D/GsmSST  (  945): [GsmSST] notifyDataRegStateRilRadioTechnologyChanged: drs=3 rat=0
D/SubController(  945): [getSubId]- size == 0, return dummy instead
D/TelephonyManager(  945): setTelephonyProperty property=gsm.network.type propVal=Unknown
D/GsmSST  (  945): [GsmSST] Iwlan feature available = false
D/GsmSST  (  945): [GsmSST] Iwlan feature available = false
D/GsmDCT  (  945): [0]get all active apn types
D/GsmSST  (  945): [GsmSST] Iwlan feature available = false
D/ModemStackController(  945): EVENT_RADIO_AVAILABLE
D/ModemStackController(  945): processRadioAvailable on phoneId = 0
D/RILJ    (  945): GetModemCapability
D/RILJ    (  945): [0023]> OEM_HOOK_RAW[514f454d484f4f4b2300080000000000]
E/use-Rlog/RLOG-RIL( 1758): onRequest: OEM_HOOK_RAW
E/use-Rlog/RLOG-RIL( 1758): CreateRequest(): req(0x40c6ec50), id(59), tok(0x40c6eb78) - FUNC(0x4053c8c1)
E/use-Rlog/RLOG-RIL( 1758): [EVT]:Req(1), RX(0)
E/use-Rlog/RLOG-RIL( 1758): requestOEMHookRaw
E/use-Rlog/RLOG-RIL( 1758): requestOEMHookRaw : check validity failure
E/use-Rlog/RLOG-RIL( 1758): RIL_onRequestComplete: tok(0x40c6eb78)
E/use-Rlog/RLOG-RIL( 1758): [RM REQ]: req(0x40c6ec50), tok(0x40c6eb78)
E/use-Rlog/RLOG-RIL( 1758): [EVT]:Req(0), RX(0)
E/use-Rlog/RLOG-RIL( 1758): [EVT]:Req(0), RX(0)
D/RILJ    (  945): Serial: -1419013625
D/RILJ    (  945): Error: 2
D/RilRequest(  945): [0023]< OEM_HOOK_RAW error: com.android.internal.telephony.CommandException: GENERIC_FAILURE ret=
D/GsmDCT  (  945): [0]handleMessage msg={ when=-57ms what=270337 obj=android.os.AsyncResult@2e23d333 target=com.android.internal.telephony.dataconnection.DcTracker }
D/GsmDCT  (  945): [0]onRadioAvailable
D/GsmDCT  (  945): [0]overall state is IDLE
D/RILJ    (  945): [0024]> BASEBAND_VERSION
E/use-Rlog/RLOG-RIL( 1758): onRequest: BASEBAND_VERSION
E/use-Rlog/RLOG-RIL( 1758): CreateRequest(): req(0x40c6ec60), id(51), tok(0x40c6ea40) - FUNC(0x4053c471)
E/use-Rlog/RLOG-RIL( 1758): [EVT]:Req(1), RX(0)
E/use-Rlog/RLOG-RIL( 1758): requestGetMobileEquipVersion
E/use-Rlog/RLOG-RIL( 1758): TxMISC_GetMobileEquipVersion()
E/use-Rlog/RLOG-RIL( 1758): get_msg_sequence()
E/use-Rlog/RLOG-RIL( 1758): ipc_debug_send_ipc: timestamp 1423983336337458
E/use-Rlog/RLOG-RIL( 1758): TX: Time: 2349161361 / 104254
E/use-Rlog/RLOG-RIL( 1758): TX: (M)IPC_MISC_CMD  (S)IPC_MISC_ME_VERSION  (T)IPC_CMD_GET  len:8 mseq:3 aseq:0
E/use-Rlog/RLOG-RIL( 1758): TX: ---- DATA BEGIN ----
E/use-Rlog/RLOG-RIL( 1758): TX: FF 
E/use-Rlog/RLOG-RIL( 1758): TX: ---- DATA  END ----
E/use-Rlog/RLOG-RIL( 1758): WaitForExpectedCmd(): cur_time: 104254, cur_req->timeout: 109254, ph->near_timeout: 109254
D/RILJ    (  945): [0025]> GET_IMEI
E/use-Rlog/RLOG-RIL( 1758): onRequest: GET_IMEI
E/use-Rlog/RLOG-RIL( 1758): CreateRequest(): req(0x40c6ed38), id(38), tok(0x40c6ecc0) - FUNC(0x4053ca29)
E/use-Rlog/RLOG-RIL( 1758): [EVT]:Req(2), RX(0)
D/RILJ    (  945): [0026]> GET_IMEISV
E/use-Rlog/RLOG-RIL( 1758): onRequest: GET_IMEISV
E/use-Rlog/RLOG-RIL( 1758): CreateRequest(): req(0x40c6ed88), id(39), tok(0x40c6ece8) - FUNC(0x4053b509)
E/use-Rlog/RLOG-RIL( 1758): [EVT]:Req(3), RX(0)
E/PhoneProxy(  945): [PhoneProxy] EVENT_VOICE_RADIO_TECH_CHANGED: has no tech!
D/GsmSST  (  945): [GsmSST] mDeviceShuttingDown = false
D/GsmSST  (  945): [GsmSST] mDesiredPowerState = true
D/GsmSST  (  945): [GsmSST] getRadioState = RADIO_ON
E/use-Rlog/RLOG-RIL( 1758): processLine():
E/use-Rlog/RLOG-RIL( 1758): processLine: got a single frame.
E/use-Rlog/RLOG-RIL( 1758): ipc_debug_send_ipc: timestamp 1423983336344355
E/use-Rlog/RLOG-RIL( 1758): [EVT]:Req(3), RX(1)
E/use-Rlog/RLOG-RIL( 1758): RX: Time: 2349161368 / 104261
E/use-Rlog/RLOG-RIL( 1758): RX: (M)IPC_MISC_CMD  (S)IPC_MISC_ME_VERSION  (T)IPC_CMD_RESP  len:101 mseq:0 aseq:3
E/use-Rlog/RLOG-RIL( 1758): RX: ---- DATA BEGIN ----
E/use-Rlog/RLOG-RIL( 1758): RX: FF 54 36 37 39 55 
E/use-Rlog/RLOG-RIL( 1758): RX: 56 4B 4A 31 00 00 
E/use-Rlog/RLOG-RIL( 1758): RX: 00 00 00 00 00 00 
E/use-Rlog/RLOG-RIL( 1758): RX: 00 00 00 00 00 00 
E/use-Rlog/RLOG-RIL( 1758): RX: 00 00 00 00 00 00 
E/use-Rlog/RLOG-RIL( 1758): RX: 00 00 00 52 45 56 
E/use-Rlog/RLOG-RIL( 1758): RX: 31 2E 30 00 00 00 
E/use-Rlog/RLOG-RIL( 1758): RX: 00 00 00 00 00 00 
E/use-Rlog/RLOG-RIL( 1758): RX: 00 00 00 00 00 00 
E/use-Rlog/RLOG-RIL( 1758): RX: 00 00 00 00 00 00 
E/use-Rlog/RLOG-RIL( 1758): RX: 00 00 00 00 00 32 
E/use-Rlog/RLOG-RIL( 1758): RX: 30 31 31 2E 31 32 
E/use-Rlog/RLOG-RIL( 1758): RX: 2E 31 30 00 00 00 
E/use-Rlog/RLOG-RIL( 1758): RX: 00 00 00 00 00 00 
E/use-Rlog/RLOG-RIL( 1758): RX: 00 00 00 00 00 00 
E/use-Rlog/RLOG-RIL( 1758): RX: 00 00 00 00 00 00 
E/use-Rlog/RLOG-RIL( 1758): RX: 00 53 47 48 2D 54 
E/use-Rlog/RLOG-RIL( 1758): RX: 36 37 39 44 42 59 
E/use-Rlog/RLOG-RIL( 1758): RX: 54 4D 42 00 00 00 
E/use-Rlog/RLOG-RIL( 1758): RX: 00 00 00 00 00 00 
E/use-Rlog/RLOG-RIL( 1758): RX: 00 00 00 00 00 00 
E/use-Rlog/RLOG-RIL( 1758): RX: 00 00 00 00 00 00 
E/use-Rlog/RLOG-RIL( 1758): RX: 00 00 00 00 00 00 
E/use-Rlog/RLOG-RIL( 1758): RX: 00 00 00 00 00 00 
E/use-Rlog/RLOG-RIL( 1758): RX: 00 00 00 00 00 00 
E/use-Rlog/RLOG-RIL( 1758): RX: 00 00 00 00 00 00 
E/use-Rlog/RLOG-RIL( 1758): RX: 00 00 00 00 00 00 
E/use-Rlog/RLOG-RIL( 1758): RX: 00 00 00 00 00 00 
E/use-Rlog/RLOG-RIL( 1758): RX: 00 00 00 00 00 00 
E/use-Rlog/RLOG-RIL( 1758): RX: 00 00 00 00 00 00 
E/use-Rlog/RLOG-RIL( 1758): RX: 00 00 00 00 00 00 
E/use-Rlog/RLOG-RIL( 1758): RX: 00 00 00 00 00 00 
E/use-Rlog/RLOG-RIL( 1758): RX: 00 00 00 00 00 00 
E/use-Rlog/RLOG-RIL( 1758): RX: 00 00 00 00 00 00 
E/use-Rlog/RLOG-RIL( 1758): RX: 00 00 00 00 00 00 
E/use-Rlog/RLOG-RIL( 1758): RX: 00 00 00 00 00 00 
E/use-Rlog/RLOG-RIL( 1758): RX: 00 00 00 00 00 00 
E/use-Rlog/RLOG-RIL( 1758): RX: 00 00 00 00 00 00 
E/use-Rlog/RLOG-RIL( 1758): RX: 00 00 00 00 00 00 
E/use-Rlog/RLOG-RIL( 1758): RX: 00 00 00 00 00 00 
E/use-Rlog/RLOG-RIL( 1758): RX: 00 00 00 00 00 00 
E/use-Rlog/RLOG-RIL( 1758): RX: 00 00 00 00 
E/use-Rlog/RLOG-RIL( 1758): RX: ---- DATA  END ----
E/use-Rlog/RLOG-RIL( 1758): requestGetMobileEquipVersion
