E/use-Rlog/RLOG-RIL( 1926): RxMISC_ResMobileEquipVersion()
E/use-Rlog/RLOG-RIL( 1926): ril.sw_ver=T679UVKJ1
E/use-Rlog/RLOG-RIL( 1926): ril.hw_ver=REV1.0
E/use-Rlog/RLOG-RIL( 1926): ril.rfcal_date=2011.12.10
E/use-Rlog/RLOG-RIL( 1926): ril.product_code=SGH-T679DBYTMB
E/use-Rlog/RLOG-RIL( 1926): RIL_onRequestComplete: tok(0x40179ae0)
E/use-Rlog/RLOG-RIL( 1926): CreateInternalRequest(): req(0x40179f60), id(0), tok(NULL)
E/use-Rlog/RLOG-RIL( 1926): CreateInternalRequest(): req(0x40179c88), id(0), tok(NULL)
E/use-Rlog/RLOG-RIL( 1926): [RM REQ]: req(0x40179e18), tok(0x40179ae0)
E/use-Rlog/RLOG-RIL( 1926): [EVT]:Req(3), RX(0)
E/use-Rlog/RLOG-RIL( 1926): [EVT]:Req(3), RX(0)
E/use-Rlog/RLOG-RIL( 1926): requestGetIMEI
E/use-Rlog/RLOG-RIL( 1926): TxMISC_GetMobileEquipSerialNumber()
E/use-Rlog/RLOG-RIL( 1926): get_msg_sequence()
E/use-Rlog/RLOG-RIL( 1926): ipc_debug_send_ipc: timestamp 1423983345761530
E/use-Rlog/RLOG-RIL( 1926): TX: Time: 2349170785 / 113678
E/use-Rlog/RLOG-RIL( 1926): TX: (M)IPC_MISC_CMD  (S)IPC_MISC_ME_SN  (T)IPC_CMD_GET  len:8 mseq:4 aseq:0
E/use-Rlog/RLOG-RIL( 1926): TX: ---- DATA BEGIN ----
E/use-Rlog/RLOG-RIL( 1926): TX: 01 
E/use-Rlog/RLOG-RIL( 1926): TX: ---- DATA  END ----
E/use-Rlog/RLOG-RIL( 1926): WaitForExpectedCmd(): cur_time: 113678, cur_req->timeout: 118678, ph->near_timeout: 118665
E/use-Rlog/RLOG-RIL( 1926): WaitForEvent(): ETIMEDOUT - 113680
E/use-Rlog/RLOG-RIL( 1926): [EVT]:Req(3), RX(0)
D/RILJ    (  945): Serial: -735006782
D/RILJ    (  945): Error: 0
D/RILJ    (  945): [6866]< BASEBAND_VERSION T679UVKJ1
E/use-Rlog/RLOG-RIL( 1926): processLine():
E/use-Rlog/RLOG-RIL( 1926): processLine: got a single frame.
E/use-Rlog/RLOG-RIL( 1926): ipc_debug_send_ipc: timestamp 1423983345764582
E/use-Rlog/RLOG-RIL( 1926): [EVT]:Req(3), RX(1)
E/use-Rlog/RLOG-RIL( 1926): RX: Time: 2349170788 / 113681
E/use-Rlog/RLOG-RIL( 1926): RX: (M)IPC_MISC_CMD  (S)IPC_MISC_ME_SN  (T)IPC_CMD_RESP  len:29 mseq:0 aseq:4
E/use-Rlog/RLOG-RIL( 1926): RX: ---- DATA BEGIN ----
E/use-Rlog/RLOG-RIL( 1926): RX: 01 11 33 35 39 38 
E/use-Rlog/RLOG-RIL( 1926): RX: 37 34 30 34 30 39 
E/use-Rlog/RLOG-RIL( 1926): RX: 35 32 35 30 34 30 
E/use-Rlog/RLOG-RIL( 1926): RX: 32 00 00 00 00 00 
E/use-Rlog/RLOG-RIL( 1926): RX: 00 00 00 00 00 00 
E/use-Rlog/RLOG-RIL( 1926): RX: 00 00 00 00 
E/use-Rlog/RLOG-RIL( 1926): RX: ---- DATA  END ----
E/use-Rlog/RLOG-RIL( 1926): requestGetIMEI
E/use-Rlog/RLOG-RIL( 1926): RxMISC_ResMobileEquipSerialNumber()
E/use-Rlog/RLOG-RIL( 1926): sv <359874040952504>
E/use-Rlog/RLOG-RIL( 1926): RIL_onRequestComplete: tok(0x40179ee8)
E/use-Rlog/RLOG-RIL( 1926): IMEI_FILE file open OK.
E/use-Rlog/RLOG-RIL( 1926): chmod 665 /data/radio/ahrh
D/RILJ    (  945): Serial: -735006781
D/RILJ    (  945): Error: 0
D/RILJ    (  945): [6867]< GET_IMEI 
D/RILJ    (  945): [6868]> GET_IMEISV
E/use-Rlog/RLOG-RIL( 1926): onRequest: GET_IMEISV
E/use-Rlog/RLOG-RIL( 1926): CreateRequest(): req(0x40179e18), id(39), tok(0x40179ae0) - FUNC(0x407d3509)
E/PhoneProxy(  945): [PhoneProxy] EVENT_VOICE_RADIO_TECH_CHANGED: has no tech!
D/GsmSST  (  945): [GsmSST] mDeviceShuttingDown = false
D/GsmSST  (  945): [GsmSST] mDesiredPowerState = true
D/GsmSST  (  945): [GsmSST] getRadioState = RADIO_ON
D/GsmSST  (  945): [GsmSST] mPowerOffDelayNeed = true
D/GsmSST  (  945): [GsmSST] mAlarmSwitch = false
D/RILJ    (  945): [6869]> OPERATOR
E/use-Rlog/RLOG-RIL( 1926): requestGetIMEI - COMPLETE - STATE[1] < 
E/use-Rlog/RLOG-RIL( 1926): CreateInternalRequest(): req(0x404e1f70), id(0), tok(NULL)
E/use-Rlog/RLOG-RIL( 1926): CreateInternalRequest(): req(0x40179b80), id(0), tok(NULL)
E/use-Rlog/RLOG-RIL( 1926): CreateInternalRequest(): req(0x40179bd0), id(0), tok(NULL)
E/use-Rlog/RLOG-RIL( 1926): [RM REQ]: req(0x40179f00), tok(0x40179ee8)
E/use-Rlog/RLOG-RIL( 1926): [EVT]:Req(6), RX(0)
E/use-Rlog/RLOG-RIL( 1926): [EVT]:Req(6), RX(0)
E/use-Rlog/RLOG-RIL( 1926): InternalRequestGetDeviceMacAddress()
E/use-Rlog/RLOG-RIL( 1926): TxCFG_GetDeviceMacAddress()
E/use-Rlog/RLOG-RIL( 1926): get_msg_sequence()
E/use-Rlog/RLOG-RIL( 1926): ipc_debug_send_ipc: timestamp 1423983345804072
E/use-Rlog/RLOG-RIL( 1926): TX: Time: 2349170828 / 113721
E/use-Rlog/RLOG-RIL( 1926): TX: (M)IPC_CFG_CMD  (S)IPC_CFG_MAC_ADDRESS  (T)IPC_CMD_GET  len:8 mseq:5 aseq:0
E/use-Rlog/RLOG-RIL( 1926): TX: ---- DATA BEGIN ----
E/use-Rlog/RLOG-RIL( 1926): TX: 02 
E/use-Rlog/RLOG-RIL( 1926): TX: ---- DATA  END ----
E/use-Rlog/RLOG-RIL( 1926): WaitForExpectedCmd(): cur_time: 113721, cur_req->timeout: 163721, ph->near_timeout: 118678
E/use-Rlog/RLOG-RIL( 1926): [EVT]:Req(6), RX(0)
E/use-Rlog/RLOG-RIL( 1926): processLine():
E/use-Rlog/RLOG-RIL( 1926): processLine: got a single frame.
E/use-Rlog/RLOG-RIL( 1926): ipc_debug_send_ipc: timestamp 1423983345805903
E/use-Rlog/RLOG-RIL( 1926): [EVT]:Req(6), RX(1)
E/use-Rlog/RLOG-RIL( 1926): RX: Time: 2349170830 / 113723
E/use-Rlog/RLOG-RIL( 1926): RX: (M)IPC_CFG_CMD  (S)IPC_CFG_MAC_ADDRESS  (T)IPC_CMD_RESP  len:f mseq:0 aseq:5
E/use-Rlog/RLOG-RIL( 1926): RX: ---- DATA BEGIN ----
E/use-Rlog/RLOG-RIL( 1926): RX: 02 06 B0 D0 9C C7 
E/use-Rlog/RLOG-RIL( 1926): RX: C9 37 
E/use-Rlog/RLOG-RIL( 1926): RX: ---- DATA  END ----
E/use-Rlog/RLOG-RIL( 1926): InternalRequestGetDeviceMacAddress()
E/use-Rlog/RLOG-RIL( 1926): RxCFG_ResDeviceMACAddress()
E/use-Rlog/RLOG-RIL( 1926): Dev MAC(02): B0D09CC7C937
E/use-Rlog/RLOG-RIL( 1926): TxCFG_GetDeviceMacAddress()
E/use-Rlog/RLOG-RIL( 1926): get_msg_sequence()
E/use-Rlog/RLOG-RIL( 1926): ipc_debug_send_ipc: timestamp 1423983345807124
E/use-Rlog/RLOG-RIL( 1926): TX: Time: 2349170831 / 113724
E/use-Rlog/RLOG-RIL( 1926): TX: (M)IPC_CFG_CMD  (S)IPC_CFG_MAC_ADDRESS  (T)IPC_CMD_GET  len:8 mseq:6 aseq:0
E/use-Rlog/RLOG-RIL( 1926): TX: ---- DATA BEGIN ----
E/use-Rlog/RLOG-RIL( 1926): TX: 01 
E/use-Rlog/RLOG-RIL( 1926): TX: ---- DATA  END ----
E/use-Rlog/RLOG-RIL( 1926): WaitForExpectedCmd(): cur_time: 113724, cur_req->timeout: 163724, ph->near_timeout: 163721
E/use-Rlog/RLOG-RIL( 1926): processLine():
E/use-Rlog/RLOG-RIL( 1926): processLine: got a single frame.
E/use-Rlog/RLOG-RIL( 1926): ipc_debug_send_ipc: timestamp 1423983345809107
E/use-Rlog/RLOG-RIL( 1926): [EVT]:Req(6), RX(1)
E/use-Rlog/RLOG-RIL( 1926): RX: Time: 2349170833 / 113726
E/use-Rlog/RLOG-RIL( 1926): RX: (M)IPC_CFG_CMD  (S)IPC_CFG_MAC_ADDRESS  (T)IPC_CMD_RESP  len:f mseq:0 aseq:6
E/use-Rlog/RLOG-RIL( 1926): RX: ---- DATA BEGIN ----
E/use-Rlog/RLOG-RIL( 1926): RX: 01 06 B0 D0 9C C7 
E/use-Rlog/RLOG-RIL( 1926): RX: C9 38 
E/use-Rlog/RLOG-RIL( 1926): RX: ---- DATA  END ----
E/use-Rlog/RLOG-RIL( 1926): InternalRequestGetDeviceMacAddress()
E/use-Rlog/RLOG-RIL( 1926): RxCFG_ResDeviceMACAddress()
E/use-Rlog/RLOG-RIL( 1926): valid Mac Address : B0:D0:9C:C7:C9:38, length : 17
E/use-Rlog/RLOG-RIL( 1926): copy to file
E/use-Rlog/RLOG-RIL( 1926): copyWIFIMacAddressToData()
E/use-Rlog/RLOG-RIL( 1926): /data/.nvmac.info file open OK.
E/use-Rlog/RLOG-RIL( 1926): Dev MAC(01): B0:D0:9C:C7:C9:38
E/use-Rlog/RLOG-RIL( 1926): [RM REQ]: req(0x40179f60), tok(0x0)
E/use-Rlog/RLOG-RIL( 1926): [EVT]:Req(5), RX(0)
E/use-Rlog/RLOG-RIL( 1926): [EVT]:Req(5), RX(0)
E/use-Rlog/RLOG-RIL( 1926): AP NV MPS_CODE open error.
E/use-Rlog/RLOG-RIL( 1926): [RM REQ]: req(0x40179c88), tok(0x0)
E/use-Rlog/RLOG-RIL( 1926): [EVT]:Req(4), RX(0)
E/use-Rlog/RLOG-RIL( 1926): [EVT]:Req(4), RX(0)
E/use-Rlog/RLOG-RIL( 1926): requestGetIMEISV
E/use-Rlog/RLOG-RIL( 1926): RIL_onRequestComplete: tok(0x40179ae0)
E/use-Rlog/RLOG-RIL( 1926): requestGetIMEISV - COMPLETE - IMEISV[02] < 
E/use-Rlog/RLOG-RIL( 1926): [RM REQ]: req(0x40179e18), tok(0x40179ae0)
E/use-Rlog/RLOG-RIL( 1926): [EVT]:Req(3), RX(0)
E/use-Rlog/RLOG-RIL( 1926): [EVT]:Req(3), RX(0)
E/use-Rlog/RLOG-RIL( 1926): InternalRequestGetMobileEquipSerialNumber()
E/use-Rlog/RLOG-RIL( 1926): TxMISC_GetMobileEquipSerialNumber_SerialNumber()
E/use-Rlog/RLOG-RIL( 1926): get_msg_sequence()
E/use-Rlog/RLOG-RIL( 1926): ipc_debug_send_ipc: timestamp 1423983345814143
E/use-Rlog/RLOG-RIL( 1926): TX: Time: 2349170838 / 113731
E/use-Rlog/RLOG-RIL( 1926): TX: (M)IPC_MISC_CMD  (S)IPC_MISC_ME_SN  (T)IPC_CMD_GET  len:8 mseq:7 aseq:0
E/use-Rlog/RLOG-RIL( 1926): TX: ---- DATA BEGIN ----
E/use-Rlog/RLOG-RIL( 1926): TX: 04 
E/use-Rlog/RLOG-RIL( 1926): TX: ---- DATA  END ----
E/use-Rlog/RLOG-RIL( 1926): WaitForExpectedCmd(): cur_time: 113731, cur_req->timeout: 118731, ph->near_timeout: 118731
D/RILJ    (  945): Serial: -735006780
D/RILJ    (  945): Error: 0
D/RILJ    (  945): [6868]< GET_IMEISV 
E/use-Rlog/RLOG-RIL( 1926): processLine():
E/use-Rlog/RLOG-RIL( 1926): processLine: got a single frame.
E/use-Rlog/RLOG-RIL( 1926): ipc_debug_send_ipc: timestamp 1423983345817255
E/use-Rlog/RLOG-RIL( 1926): [EVT]:Req(3), RX(1)
E/use-Rlog/RLOG-RIL( 1926): RX: Time: 2349170841 / 113734
E/use-Rlog/RLOG-RIL( 1926): RX: (M)IPC_MISC_CMD  (S)IPC_MISC_ME_SN  (T)IPC_CMD_RESP  len:29 mseq:0 aseq:7
E/use-Rlog/RLOG-RIL( 1926): RX: ---- DATA BEGIN ----
E/use-Rlog/RLOG-RIL( 1926): RX: 04 0B 30 30 30 30 
E/use-Rlog/RLOG-RIL( 1926): RX: 30 30 30 30 30 30 
E/use-Rlog/RLOG-RIL( 1926): RX: 30 00 35 30 34 30 
E/use-Rlog/RLOG-RIL( 1926): RX: 32 00 00 00 00 00 
E/use-Rlog/RLOG-RIL( 1926): RX: 00 00 00 00 00 00 
E/use-Rlog/RLOG-RIL( 1926): RX: 00 00 00 00 
E/use-Rlog/RLOG-RIL( 1926): RX: ---- DATA  END ----
E/use-Rlog/RLOG-RIL( 1926): InternalRequestGetMobileEquipSerialNumber()
E/use-Rlog/RLOG-RIL( 1926): RxMISC_ResMobileEquipSerialNumber_SerialNumber()
E/use-Rlog/RLOG-RIL( 1926): serial number <00000000000>
E/use-Rlog/RLOG-RIL( 1926): RIL_onRequestComplete: tok(0x0)
E/use-Rlog/RLOG-RILC( 1926): RIL_onRequestComplete: invalid RIL_Token
E/use-Rlog/RLOG-RIL( 1926): InternalRequestGetMobileEquipSerialNumber - COMPLETE - STATE[1] < 
E/use-Rlog/RLOG-RIL( 1926): [RM REQ]: req(0x404e1f70), tok(0x0)
E/use-Rlog/RLOG-RIL( 1926): [EVT]:Req(2), RX(0)
E/use-Rlog/RLOG-RIL( 1926): [EVT]:Req(2), RX(0)
E/use-Rlog/RLOG-RIL( 1926): InternalRequestGetMobileEquipManufactureDate()
E/use-Rlog/RLOG-RIL( 1926): TxMISC_GetMobileEquipSerialNumber_ManufactureDate()
E/use-Rlog/RLOG-RIL( 1926): get_msg_sequence()
E/use-Rlog/RLOG-RIL( 1926): ipc_debug_send_ipc: timestamp 1423983345818720
E/use-Rlog/RLOG-RIL( 1926): TX: Time: 2349170842 / 113736
E/use-Rlog/RLOG-RIL( 1926): TX: (M)IPC_MISC_CMD  (S)IPC_MISC_ME_SN  (T)IPC_CMD_GET  len:8 mseq:8 aseq:0
E/use-Rlog/RLOG-RIL( 1926): TX: ---- DATA BEGIN ----
E/use-Rlog/RLOG-RIL( 1926): TX: 05 
E/use-Rlog/RLOG-RIL( 1926): TX: ---- DATA  END ----
E/use-Rlog/RLOG-RIL( 1926): WaitForExpectedCmd(): cur_time: 113736, cur_req->timeout: 118736, ph->near_timeout: 118731
E/use-Rlog/RLOG-RIL( 1926): processLine():
E/use-Rlog/RLOG-RIL( 1926): processLine: got a single frame.
E/use-Rlog/RLOG-RIL( 1926): ipc_debug_send_ipc: timestamp 1423983345820338
E/use-Rlog/RLOG-RIL( 1926): [EVT]:Req(2), RX(1)
E/use-Rlog/RLOG-RIL( 1926): RX: Time: 2349170844 / 113737
E/use-Rlog/RLOG-RIL( 1926): RX: (M)IPC_MISC_CMD  (S)IPC_MISC_ME_SN  (T)IPC_CMD_RESP  len:29 mseq:0 aseq:8
E/use-Rlog/RLOG-RIL( 1926): RX: ---- DATA BEGIN ----
E/use-Rlog/RLOG-RIL( 1926): RX: 05 07 01 00 80 C7 
E/use-Rlog/RLOG-RIL( 1926): RX: C9 37 00 00 00 00 
E/use-Rlog/RLOG-RIL( 1926): RX: 00 00 00 00 00 00 
E/use-Rlog/RLOG-RIL( 1926): RX: 00 00 00 00 00 00 
E/use-Rlog/RLOG-RIL( 1926): RX: 00 00 00 00 00 00 
E/use-Rlog/RLOG-RIL( 1926): RX: 00 00 00 00 
E/use-Rlog/RLOG-RIL( 1926): RX: ---- DATA  END ----
E/use-Rlog/RLOG-RIL( 1926): InternalRequestGetMobileEquipManufactureDate()
E/use-Rlog/RLOG-RIL( 1926): RxMISC_ResMobileEquipSerialNumber_ManufactureDate()
E/use-Rlog/RLOG-RIL( 1926): manufacturedate number <>
E/use-Rlog/RLOG-RIL( 1926): RIL_onRequestComplete: tok(0x0)
E/use-Rlog/RLOG-RILC( 1926): RIL_onRequestComplete: invalid RIL_Token
E/use-Rlog/RLOG-RIL( 1926): InternalRequestGetMobileEquipManufactureDate - COMPLETE - STATE[1] < 
E/use-Rlog/RLOG-RIL( 1926): [RM REQ]: req(0x40179b80), tok(0x0)
E/use-Rlog/RLOG-RIL( 1926): [EVT]:Req(1), RX(0)
E/use-Rlog/RLOG-RIL( 1926): [EVT]:Req(1), RX(0)
E/use-Rlog/RLOG-RIL( 1926): InternalRequestGetMobileEquipBarcode()
E/use-Rlog/RLOG-RIL( 1926): TxMISC_GetMobileEquipSerialNumber_Barcode()
E/use-Rlog/RLOG-RIL( 1926): get_msg_sequence()
E/use-Rlog/RLOG-RIL( 1926): ipc_debug_send_ipc: timestamp 1423983345821803
E/use-Rlog/RLOG-RIL( 1926): TX: Time: 2349170847 / 113740
E/use-Rlog/RLOG-RIL( 1926): TX: (M)IPC_MISC_CMD  (S)IPC_MISC_ME_SN  (T)IPC_CMD_GET  len:8 mseq:9 aseq:0
E/use-Rlog/RLOG-RIL( 1926): TX: ---- DATA BEGIN ----
E/use-Rlog/RLOG-RIL( 1926): TX: 06 
E/use-Rlog/RLOG-RIL( 1926): TX: ---- DATA  END ----
E/use-Rlog/RLOG-RIL( 1926): WaitForExpectedCmd(): cur_time: 113740, cur_req->timeout: 118740, ph->near_timeout: 118736
E/use-Rlog/RLOG-RIL( 1926): processLine():
E/use-Rlog/RLOG-RIL( 1926): processLine: got a single frame.
E/use-Rlog/RLOG-RIL( 1926): ipc_debug_send_ipc: timestamp 1423983345824946
E/use-Rlog/RLOG-RIL( 1926): [EVT]:Req(1), RX(1)
E/use-Rlog/RLOG-RIL( 1926): RX: Time: 2349170849 / 113742
E/use-Rlog/RLOG-RIL( 1926): RX: (M)IPC_MISC_CMD  (S)IPC_MISC_ME_SN  (T)IPC_CMD_RESP  len:29 mseq:0 aseq:9
E/use-Rlog/RLOG-RIL( 1926): RX: ---- DATA BEGIN ----
E/use-Rlog/RLOG-RIL( 1926): RX: 06 02 04 33 31 30 
E/use-Rlog/RLOG-RIL( 1926): RX: 32 36 30 F7 5C 00 
E/use-Rlog/RLOG-RIL( 1926): RX: 00 00 00 00 00 00 
E/use-Rlog/RLOG-RIL( 1926): RX: 00 00 00 00 00 00 
E/use-Rlog/RLOG-RIL( 1926): RX: 00 00 00 00 00 00 
E/use-Rlog/RLOG-RIL( 1926): RX: 00 00 00 52 
E/use-Rlog/RLOG-RIL( 1926): RX: ---- DATA  END ----
E/use-Rlog/RLOG-RIL( 1926): InternalRequestGetMobileEquipBarcode()
E/use-Rlog/RLOG-RIL( 1926): RxMISC_ResMobileEquipSerialNumber_Barcode()
E/use-Rlog/RLOG-RIL( 1926): barcode number <310260÷\>
E/use-Rlog/RLOG-RIL( 1926): RIL_onRequestComplete: tok(0x0)
E/use-Rlog/RLOG-RILC( 1926): RIL_onRequestComplete: invalid RIL_Token
E/use-Rlog/RLOG-RIL( 1926): InternalRequestGetMobileEquipBarcode - COMPLETE - STATE[1] < 
E/use-Rlog/RLOG-RIL( 1926): [RM REQ]: req(0x40179bd0), tok(0x0)
E/use-Rlog/RLOG-RIL( 1926): [EVT]:Req(0), RX(0)
E/use-Rlog/RLOG-RIL( 1926): [EVT]:Req(0), RX(0)
E/use-Rlog/RLOG-RIL( 1926): onRequest: OPERATOR
E/use-Rlog/RLOG-RIL( 1926): CreateRequest(): req(0x40179e18), id(22), tok(0x40179ae0) - FUNC(0x407d2231)
E/use-Rlog/RLOG-RIL( 1926): [EVT]:Req(1), RX(0)
E/use-Rlog/RLOG-RIL( 1926): requestOperator()
E/use-Rlog/RLOG-RIL( 1926): TxNET_GetCurrentPLMN()
E/use-Rlog/RLOG-RIL( 1926): get_msg_sequence()
E/use-Rlog/RLOG-RIL( 1926): ipc_debug_send_ipc: timestamp 1423983345827235
E/use-Rlog/RLOG-RIL( 1926): TX: Time: 2349170851 / 113744
E/use-Rlog/RLOG-RIL( 1926): TX: (M)IPC_NET_CMD  (S)IPC_NET_SERVING_NETWORK  (T)IPC_CMD_GET  len:7 mseq:a aseq:0
E/use-Rlog/RLOG-RIL( 1926): WaitForExpectedCmd(): cur_time: 113744, cur_req->timeout: 148744, ph->near_timeout: 148744
D/RILJ    (  945): [6870]> DATA_REGISTRATION_STATE
E/use-Rlog/RLOG-RIL( 1926): processLine():
E/use-Rlog/RLOG-RIL( 1926): processLine: got a single frame.
E/use-Rlog/RLOG-RIL( 1926): ipc_debug_send_ipc: timestamp 1423983345828822
E/use-Rlog/RLOG-RIL( 1926): [EVT]:Req(1), RX(1)
E/use-Rlog/RLOG-RIL( 1926): RX: Time: 2349170853 / 113746
E/use-Rlog/RLOG-RIL( 1926): RX: (M)IPC_NET_CMD  (S)IPC_NET_SERVING_NETWORK  (T)IPC_CMD_RESP  len:12 mseq:0 aseq:a
E/use-Rlog/RLOG-RIL( 1926): RX: ---- DATA BEGIN ----
E/use-Rlog/RLOG-RIL( 1926): RX: 02 02 04 33 31 30 
E/use-Rlog/RLOG-RIL( 1926): RX: 32 36 30 F7 5C 
E/use-Rlog/RLOG-RIL( 1926): RX: ---- DATA  END ----
E/use-Rlog/RLOG-RIL( 1926): requestOperator()
E/use-Rlog/RLOG-RIL( 1926): lookupOpnameTable(): PLMN(310260)
E/use-Rlog/RLOG-RIL( 1926): RxNET_ResCurrentPLMN(): PLMN(310260), OP1((T-Mobile ) OP2(T-Mobile )
E/use-Rlog/RLOG-RIL( 1926): RIL_onRequestComplete: tok(0x40179ae0)
E/use-Rlog/RLOG-RIL( 1926): [RM REQ]: req(0x40179e18), tok(0x40179ae0)
E/use-Rlog/RLOG-RIL( 1926): [EVT]:Req(0), RX(0)
E/use-Rlog/RLOG-RIL( 1926): [EVT]:Req(0), RX(0)
D/RILJ    (  945): Serial: -735006779
D/RILJ    (  945): Error: 0
D/RILJ    (  945): [6869]< OPERATOR {T-Mobile , T-Mobile , 310260}
E/use-Rlog/RLOG-RIL( 1926): onRequest: RIL_REQUEST_GPRS_REGISTRATION_STATE
E/use-Rlog/RLOG-RIL( 1926): CreateRequest(): req(0x40179e18), id(21), tok(0x40179ae0) - FUNC(0x407d22bd)
E/use-Rlog/RLOG-RIL( 1926): [EVT]:Req(1), RX(0)
E/use-Rlog/RLOG-RIL( 1926): requestGprsRegistrationState()
E/use-Rlog/RLOG-RIL( 1926): TxNET_GetDataNetworkRegistration()
E/use-Rlog/RLOG-RIL( 1926): get_msg_sequence()
E/use-Rlog/RLOG-RIL( 1926): ipc_debug_send_ipc: timestamp 1423983345836726
E/use-Rlog/RLOG-RIL( 1926): TX: Time: 2349170860 / 113754
E/use-Rlog/RLOG-RIL( 1926): TX: (M)IPC_NET_CMD  (S)IPC_NET_REGIST  (T)IPC_CMD_GET  len:9 mseq:b aseq:0
E/use-Rlog/RLOG-RIL( 1926): TX: ---- DATA BEGIN ----
E/use-Rlog/RLOG-RIL( 1926): TX: FF 03 
E/use-Rlog/RLOG-RIL( 1926): TX: ---- DATA  END ----
E/use-Rlog/RLOG-RIL( 1926): WaitForExpectedCmd(): cur_time: 113754, cur_req->timeout: 148754, ph->near_timeout: 148754
E/use-Rlog/RLOG-RIL( 1926): processLine():
E/use-Rlog/RLOG-RIL( 1926): processLine: got a single frame.
E/use-Rlog/RLOG-RIL( 1926): ipc_debug_send_ipc: timestamp 1423983345838343
E/use-Rlog/RLOG-RIL( 1926): [EVT]:Req(1), RX(1)
E/use-Rlog/RLOG-RIL( 1926): RX: Time: 2349170862 / 113755
E/use-Rlog/RLOG-RIL( 1926): RX: (M)IPC_NET_CMD  (S)IPC_NET_REGIST  (T)IPC_CMD_RESP  len:12 mseq:0 aseq:b
E/use-Rlog/RLOG-RIL( 1926): RX: ---- DATA BEGIN ----
E/use-Rlog/RLOG-RIL( 1926): RX: 04 03 02 63 F7 5C 
E/use-Rlog/RLOG-RIL( 1926): RX: 5F 08 6F 00 00 
E/use-Rlog/RLOG-RIL( 1926): RX: ---- DATA  END ----
E/use-Rlog/RLOG-RIL( 1926): requestGprsRegistrationState()
E/use-Rlog/RLOG-RIL( 1926): RxNET_ResNetworkRegistration()
E/use-Rlog/RLOG-RIL( 1926): RegiStatus_Ipc2Ril()
E/use-Rlog/RLOG-RIL( 1926): RIL_onRequestComplete: tok(0x40179ae0)
E/use-Rlog/RLOG-RIL( 1926): [RM REQ]: req(0x40179e18), tok(0x40179ae0)
E/use-Rlog/RLOG-RIL( 1926): [EVT]:Req(0), RX(0)
E/use-Rlog/RLOG-RIL( 1926): [EVT]:Req(0), RX(0)
D/RILJ    (  945): Serial: -735006778
D/RILJ    (  945): Error: 0
D/RILJ    (  945): [6870]< DATA_REGISTRATION_STATE {1, 5cf7, 006f085f, 3}
D/RILJ    (  945): [6871]> VOICE_REGISTRATION_STATE
E/use-Rlog/RLOG-RIL( 1926): onRequest: RIL_REQUEST_REGISTRATION_STATE
E/use-Rlog/RLOG-RIL( 1926): CreateRequest(): req(0x40179e18), id(20), tok(0x40179ae0) - FUNC(0x407d2349)
E/use-Rlog/RLOG-RIL( 1926): [EVT]:Req(1), RX(0)
E/use-Rlog/RLOG-RIL( 1926): requestRegistrationState()
E/use-Rlog/RLOG-RIL( 1926): TxNET_GetNetworkRegistration()
E/use-Rlog/RLOG-RIL( 1926): get_msg_sequence()
E/use-Rlog/RLOG-RIL( 1926): ipc_debug_send_ipc: timestamp 1423983345850916
E/use-Rlog/RLOG-RIL( 1926): TX: Time: 2349170874 / 113768
E/use-Rlog/RLOG-RIL( 1926): TX: (M)IPC_NET_CMD  (S)IPC_NET_REGIST  (T)IPC_CMD_GET  len:9 mseq:c aseq:0
E/use-Rlog/RLOG-RIL( 1926): TX: ---- DATA BEGIN ----
E/use-Rlog/RLOG-RIL( 1926): TX: FF 02 
E/use-Rlog/RLOG-RIL( 1926): TX: ---- DATA  END ----
E/use-Rlog/RLOG-RIL( 1926): WaitForExpectedCmd(): cur_time: 113768, cur_req->timeout: 148768, ph->near_timeout: 148768
D/RILJ    (  945): [6872]> QUERY_NETWORK_SELECTION_MODE
E/use-Rlog/RLOG-RIL( 1926): processLine():
E/use-Rlog/RLOG-RIL( 1926): processLine: got a single frame.
E/use-Rlog/RLOG-RIL( 1926): ipc_debug_send_ipc: timestamp 1423983345854456
E/use-Rlog/RLOG-RIL( 1926): [EVT]:Req(1), RX(1)
E/use-Rlog/RLOG-RIL( 1926): RX: Time: 2349170878 / 113771
E/use-Rlog/RLOG-RIL( 1926): RX: (M)IPC_NET_CMD  (S)IPC_NET_REGIST  (T)IPC_CMD_RESP  len:12 mseq:0 aseq:c
E/use-Rlog/RLOG-RIL( 1926): RX: ---- DATA BEGIN ----
E/use-Rlog/RLOG-RIL( 1926): RX: 04 02 02 63 F7 5C 
E/use-Rlog/RLOG-RIL( 1926): RX: 5F 08 6F 00 00 
E/use-Rlog/RLOG-RIL( 1926): RX: ---- DATA  END ----
E/use-Rlog/RLOG-RIL( 1926): requestRegistrationState()
E/use-Rlog/RLOG-RIL( 1926): RxNET_ResNetworkRegistration()
E/use-Rlog/RLOG-RIL( 1926): RegiStatus_Ipc2Ril()
E/use-Rlog/RLOG-RIL( 1926): RxNET_ResNetworkRegistration: cs_reg_status: 1, rej_cause 0
E/use-Rlog/RLOG-RIL( 1926): RIL_onRequestComplete: tok(0x40179ae0)
E/use-Rlog/RLOG-RIL( 1926): [RM REQ]: req(0x40179e18), tok(0x40179ae0)
E/use-Rlog/RLOG-RIL( 1926): [EVT]:Req(0), RX(0)
E/use-Rlog/RLOG-RIL( 1926): [EVT]:Req(0), RX(0)
D/RILJ    (  945): Serial: -735006777
D/RILJ    (  945): Error: 0
D/RILJ    (  945): [6871]< VOICE_REGISTRATION_STATE {1, 5cf7, 006f085f, null, null, null, null, null, null, null, null, null, null, 0}
E/use-Rlog/RLOG-RIL( 1926): onRequest: QUERY_NETWORK_SELECTION_MODE
E/use-Rlog/RLOG-RIL( 1926): CreateRequest(): req(0x40179e18), id(45), tok(0x40179ae0) - FUNC(0x407d2465)
E/use-Rlog/RLOG-RIL( 1926): [EVT]:Req(1), RX(0)
E/use-Rlog/RLOG-RIL( 1926): requestQueryNetworkSelectionMode()
E/use-Rlog/RLOG-RIL( 1926): TxNET_GetPLMNSelection()
E/use-Rlog/RLOG-RIL( 1926): get_msg_sequence()
E/use-Rlog/RLOG-RIL( 1926): ipc_debug_send_ipc: timestamp 1423983345865260
E/use-Rlog/RLOG-RIL( 1926): TX: Time: 2349170889 / 113782
E/use-Rlog/RLOG-RIL( 1926): TX: (M)IPC_NET_CMD  (S)IPC_NET_PLMN_SEL  (T)IPC_CMD_GET  len:7 mseq:d aseq:0
E/use-Rlog/RLOG-RIL( 1926): WaitForExpectedCmd(): cur_time: 113782, cur_req->timeout: 148782, ph->near_timeout: 148782
D/UiccController(  945): Received EVENT_ICC_STATUS_CHANGED, calling getIccCardStatus
D/RILJ    (  945): [6873]> GET_SIM_STATUS
E/use-Rlog/RLOG-RIL( 1926): processLine():
E/use-Rlog/RLOG-RIL( 1926): processLine: got a single frame.
E/use-Rlog/RLOG-RIL( 1926): ipc_debug_send_ipc: timestamp 1423983345867457
E/use-Rlog/RLOG-RIL( 1926): [EVT]:Req(1), RX(1)
E/use-Rlog/RLOG-RIL( 1926): RX: Time: 2349170891 / 113784
E/use-Rlog/RLOG-RIL( 1926): RX: (M)IPC_NET_CMD  (S)IPC_NET_PLMN_SEL  (T)IPC_CMD_RESP  len:e mseq:0 aseq:d
E/use-Rlog/RLOG-RIL( 1926): RX: ---- DATA BEGIN ----
E/use-Rlog/RLOG-RIL( 1926): RX: 02 33 31 30 32 36 
E/use-Rlog/RLOG-RIL( 1926): RX: 30 
E/use-Rlog/RLOG-RIL( 1926): RX: ---- DATA  END ----
E/use-Rlog/RLOG-RIL( 1926): requestQueryNetworkSelectionMode()
E/use-Rlog/RLOG-RIL( 1926): RxNET_ResPLMNSelection()
E/use-Rlog/RLOG-RIL( 1926): RIL_onRequestComplete: tok(0x40179ae0)
E/use-Rlog/RLOG-RIL( 1926): [RM REQ]: req(0x40179e18), tok(0x40179ae0)
E/use-Rlog/RLOG-RIL( 1926): [EVT]:Req(0), RX(0)
E/use-Rlog/RLOG-RIL( 1926): [EVT]:Req(0), RX(0)
D/RILJ    (  945): Serial: -735006776
D/RILJ    (  945): Error: 0
D/RILJ    (  945): [6872]< QUERY_NETWORK_SELECTION_MODE {0}
E/use-Rlog/RLOG-RIL( 1926): onRequest: GET_SIM_STATUS
E/use-Rlog/RLOG-RIL( 1926): CreateRequest(): req(0x40179e18), id(1), tok(0x40179ae0) - FUNC(0x407d0671)
E/use-Rlog/RLOG-RIL( 1926): [EVT]:Req(1), RX(0)
E/use-Rlog/RLOG-RIL( 1926): requestGetSIMStatus state 0
E/use-Rlog/RLOG-RIL( 1926): TxSEC_GetPinStatus()
E/use-Rlog/RLOG-RIL( 1926): get_msg_sequence()
E/use-Rlog/RLOG-RIL( 1926): ipc_debug_send_ipc: timestamp 1423983345874903
E/use-Rlog/RLOG-RIL( 1926): TX: Time: 2349170898 / 113792
E/use-Rlog/RLOG-RIL( 1926): TX: (M)IPC_SEC_CMD  (S)IPC_SEC_PIN_STATUS  (T)IPC_CMD_GET  len:7 mseq:e aseq:0
E/use-Rlog/RLOG-RIL( 1926): WaitForExpectedCmd(): cur_time: 113792, cur_req->timeout: 173792, ph->near_timeout: 173792
D/RILJ    (  945): [6874]> GET_CURRENT_CALLS
E/use-Rlog/RLOG-RIL( 1926): processLine():
E/use-Rlog/RLOG-RIL( 1926): processLine: got a single frame.
E/use-Rlog/RLOG-RIL( 1926): ipc_debug_send_ipc: timestamp 1423983345876429
E/use-Rlog/RLOG-RIL( 1926): [EVT]:Req(1), RX(1)
E/use-Rlog/RLOG-RIL( 1926): RX: Time: 2349170900 / 113793
E/use-Rlog/RLOG-RIL( 1926): RX: (M)IPC_SEC_CMD  (S)IPC_SEC_PIN_STATUS  (T)IPC_CMD_RESP  len:9 mseq:0 aseq:e
E/use-Rlog/RLOG-RIL( 1926): RX: ---- DATA BEGIN ----
E/use-Rlog/RLOG-RIL( 1926): RX: 00 00 
E/use-Rlog/RLOG-RIL( 1926): RX: ---- DATA  END ----
E/use-Rlog/RLOG-RIL( 1926): RxSEC_ResPinStatus!!!
E/use-Rlog/RLOG-RIL( 1926): Rsp : SIM READY
E/use-Rlog/RLOG-RIL( 1926): RIL_onRequestComplete: tok(0x40179ae0)
E/use-Rlog/RLOG-RIL( 1926): [RM REQ]: req(0x40179e18), tok(0x40179ae0)
E/use-Rlog/RLOG-RIL( 1926): [EVT]:Req(0), RX(0)
E/use-Rlog/RLOG-RIL( 1926): [EVT]:Req(0), RX(0)
D/RILJ    (  945): Serial: -735006775
D/RILJ    (  945): Error: 0
W/RILJ    (  945): [6873]< GET_SIM_STATUS exception, possible invalid RIL response
W/RILJ    (  945): java.lang.NegativeArraySizeException: -1
W/RILJ    (  945): 	at com.android.internal.telephony.RIL.responseIccCardStatus(RIL.java:3777)
W/RILJ    (  945): 	at com.android.internal.telephony.SamsungRIL.processSolicited(SamsungRIL.java:149)
W/RILJ    (  945): 	at com.android.internal.telephony.RIL.processResponse(RIL.java:2609)
W/RILJ    (  945): 	at com.android.internal.telephony.RIL$RILReceiver.run(RIL.java:602)
W/RILJ    (  945): 	at java.lang.Thread.run(Thread.java:818)
E/use-Rlog/RLOG-RIL( 1926): onRequest: GET_CURRENT_CALLS
E/use-Rlog/RLOG-RIL( 1926): CreateRequest(): req(0x40179e18), id(9), tok(0x40179ae0) - FUNC(0x407ce0b9)
E/use-Rlog/RLOG-RIL( 1926): [EVT]:Req(1), RX(0)
E/use-Rlog/RLOG-RIL( 1926): requestGetCurrentCalls()
E/use-Rlog/RLOG-RIL( 1926): TxCall_GetCallList()
E/use-Rlog/RLOG-RIL( 1926): get_msg_sequence()
E/use-Rlog/RLOG-RIL( 1926): ipc_debug_send_ipc: timestamp 1423983345890833
E/use-Rlog/RLOG-RIL( 1926): TX: Time: 2349170914 / 113808
E/use-Rlog/RLOG-RIL( 1926): TX: (M)IPC_CALL_CMD  (S)IPC_CALL_LIST  (T)IPC_CMD_GET  len:7 mseq:f aseq:0
E/use-Rlog/RLOG-RIL( 1926): WaitForExpectedCmd(): cur_time: 113808, cur_req->timeout: 118808, ph->near_timeout: 118808
D/RILJ    (  945): [6875]> RIL_REQUEST_VOICE_RADIO_TECH
E/use-Rlog/RLOG-RIL( 1926): processLine():
E/use-Rlog/RLOG-RIL( 1926): processLine: got a single frame.
E/use-Rlog/RLOG-RIL( 1926): ipc_debug_send_ipc: timestamp 1423983345893336
E/use-Rlog/RLOG-RIL( 1926): [EVT]:Req(1), RX(1)
E/use-Rlog/RLOG-RIL( 1926): RX: Time: 2349170917 / 113810
E/use-Rlog/RLOG-RIL( 1926): RX: (M)IPC_CALL_CMD  (S)IPC_CALL_LIST  (T)IPC_CMD_RESP  len:8 mseq:0 aseq:f
E/use-Rlog/RLOG-RIL( 1926): RX: ---- DATA BEGIN ----
E/use-Rlog/RLOG-RIL( 1926): RX: 00 
E/use-Rlog/RLOG-RIL( 1926): RX: ---- DATA  END ----
E/use-Rlog/RLOG-RIL( 1926): requestGetCurrentCalls()
E/use-Rlog/RLOG-RIL( 1926): RxCall_CallList
E/use-Rlog/RLOG-RIL( 1926): RIL_onRequestComplete: tok(0x40179ae0)
E/use-Rlog/RLOG-RIL( 1926): RxCall_CallList: countCalls 0, err 0x0
E/use-Rlog/RLOG-RIL( 1926): [RM REQ]: req(0x40179e18), tok(0x40179ae0)
E/use-Rlog/RLOG-RIL( 1926): [EVT]:Req(0), RX(0)
E/use-Rlog/RLOG-RIL( 1926): [EVT]:Req(0), RX(0)
D/RILJ    (  945): Serial: -735006774
D/RILJ    (  945): Error: 0
D/RILJ    (  945): Parcel size = 12
D/RILJ    (  945): Parcel pos = 12
D/RILJ    (  945): Parcel dataAvail = 0
D/RILJ    (  945): [6874]< GET_CURRENT_CALLS  
E/use-Rlog/RLOG-RIL( 1926): onRequest: DIAL_VIDEO_CALL
E/use-Rlog/RLOG-RIL( 1926): CreateRequest(): req(0x40179e18), id(10010), tok(0x40179ae0) - FUNC(0x407cde71)
E/use-Rlog/RLOG-RIL( 1926): [EVT]:Req(1), RX(0)
E/use-Rlog/RLOG-RIL( 1926): requestDialVideoCall()
E/use-Rlog/RLOG-RIL( 1926): RIL_onRequestComplete: tok(0x40179ae0)
E/use-Rlog/RLOG-RIL( 1926): [RM REQ]: req(0x40179e18), tok(0x40179ae0)
E/use-Rlog/RLOG-RIL( 1926): [EVT]:Req(0), RX(0)
E/use-Rlog/RLOG-RIL( 1926): [EVT]:Req(0), RX(0)
D/RILJ    (  945): Serial: -735006773
D/RILJ    (  945): Error: 2
D/RilRequest(  945): [6875]< RIL_REQUEST_VOICE_RADIO_TECH error: com.android.internal.telephony.CommandException: GENERIC_FAILURE ret=
D/RILJ    (  945): [6876]> RIL_REQUEST_IMS_REGISTRATION_STATE
E/use-Rlog/RLOG-RIL( 1926): onRequest: LOCK_INFO
E/use-Rlog/RLOG-RIL( 1926): CreateRequest(): req(0x40179e18), id(10014), tok(0x40179ae0) - FUNC(0x407cefad)
D/RILJ    (  945): [6877]> RIL_REQUEST_CDMA_GET_SUBSCRIPTION_SOURCE
D/UiccController(  945): Received EVENT_ICC_STATUS_CHANGED, calling getIccCardStatus
D/RILJ    (  945): [6878]> GET_SIM_STATUS
D/RILJ    (  945): [6879]> OPERATOR
D/RILJ    (  945): [6880]> DATA_REGISTRATION_STATE
D/RILJ    (  945): [6881]> VOICE_REGISTRATION_STATE
D/RILJ    (  945): [6882]> QUERY_NETWORK_SELECTION_MODE
D/RILJ    (  945): [6883]> OPERATOR
D/RILJ    (  945): [6884]> DATA_REGISTRATION_STATE
D/RILJ    (  945): [6885]> VOICE_REGISTRATION_STATE
D/RILJ    (  945): [6886]> QUERY_NETWORK_SELECTION_MODE
D/DctController(  945): [DctController] DataStateReceiver: ignore invalid subId=-1 phoneId = 0
D/GsmDCT  (  945): [0]handleMessage msg={ when=-270ms what=270377 obj=android.os.AsyncResult@1b2bedc6 target=com.android.internal.telephony.dataconnection.DcTracker }
D/GsmDCT  (  945): [0]onUpdateIcc: newIccRecords null
D/ModemStackController(  945): EVENT_GET_MODEM_CAPS_DONE
E/ModemStackController(  945): onGetModemCapabilityDone: EXIT!, result null or Exception =com.android.internal.telephony.CommandException: GENERIC_FAILURE
D/GSMPhone(  945): Baseband version: T679UVKJ1
D/SubController(  945): [getSubId]- size == 0, return dummy instead
D/TelephonyManager(  945): setTelephonyProperty property=gsm.version.baseband propVal=T679UVKJ1
D/UiccController(  945): Received EVENT_GET_ICC_STATUS_DONE
E/UiccController(  945): Error getting ICC status. RIL_REQUEST_GET_ICC_STATUS should never return an error
E/UiccController(  945): java.lang.NegativeArraySizeException: -1
E/UiccController(  945): 	at com.android.internal.telephony.RIL.responseIccCardStatus(RIL.java:3777)
E/UiccController(  945): 	at com.android.internal.telephony.SamsungRIL.processSolicited(SamsungRIL.java:149)
E/UiccController(  945): 	at com.android.internal.telephony.RIL.processResponse(RIL.java:2609)
E/UiccController(  945): 	at com.android.internal.telephony.RIL$RILReceiver.run(RIL.java:602)
E/UiccController(  945): 	at java.lang.Thread.run(Thread.java:818)
E/PhoneProxy(  945): [PhoneProxy] EVENT_REQUEST_VOICE_RADIO_TECH_DONE: exception=com.android.internal.telephony.CommandException: GENERIC_FAILURE
D/SUB     (  945): [SubInfoRecordUpdater]EVENT_STACK_READY
D/SUB     (  945): [SubInfoRecordUpdater]All IccIds query complete
I/RILJ    (  945): 'rild' socket closed
I/RILJ    (  945): java.io.IOException: Connection reset by peer
I/RILJ    (  945): 	at android.net.LocalSocketImpl.readba_native(Native Method)
I/RILJ    (  945): 	at android.net.LocalSocketImpl.access$400(LocalSocketImpl.java:33)
I/RILJ    (  945): 	at android.net.LocalSocketImpl$SocketInputStream.read(LocalSocketImpl.java:103)
I/RILJ    (  945): 	at com.android.internal.telephony.RIL.readRilMessage(RIL.java:468)
I/RILJ    (  945): 	at com.android.internal.telephony.RIL.access$300(RIL.java:231)
I/RILJ    (  945): 	at com.android.internal.telephony.RIL$RILReceiver.run(RIL.java:589)
I/RILJ    (  945): 	at java.lang.Thread.run(Thread.java:818)
I/RILJ    (  945): Disconnected from 'rild' socket
D/RilRequest(  945): [6876]< RIL_REQUEST_IMS_REGISTRATION_STATE error: com.android.internal.telephony.CommandException: RADIO_NOT_AVAILABLE ret=
D/RilRequest(  945): [6877]< RIL_REQUEST_CDMA_GET_SUBSCRIPTION_SOURCE error: com.android.internal.telephony.CommandException: RADIO_NOT_AVAILABLE ret=
D/RilRequest(  945): [6878]< GET_SIM_STATUS error: com.android.internal.telephony.CommandException: RADIO_NOT_AVAILABLE ret=
D/RilRequest(  945): [6879]< OPERATOR error: com.android.internal.telephony.CommandException: RADIO_NOT_AVAILABLE ret=
D/RilRequest(  945): [6880]< DATA_REGISTRATION_STATE error: com.android.internal.telephony.CommandException: RADIO_NOT_AVAILABLE ret=
D/RilRequest(  945): [6881]< VOICE_REGISTRATION_STATE error: com.android.internal.telephony.CommandException: RADIO_NOT_AVAILABLE ret=
D/RilRequest(  945): [6882]< QUERY_NETWORK_SELECTION_MODE error: com.android.internal.telephony.CommandException: RADIO_NOT_AVAILABLE ret=
D/RilRequest(  945): [6883]< OPERATOR error: com.android.internal.telephony.CommandException: RADIO_NOT_AVAILABLE ret=
D/RilRequest(  945): [6884]< DATA_REGISTRATION_STATE error: com.android.internal.telephony.CommandException: RADIO_NOT_AVAILABLE ret=
D/RilRequest(  945): [6885]< VOICE_REGISTRATION_STATE error: com.android.internal.telephony.CommandException: RADIO_NOT_AVAILABLE ret=
D/RilRequest(  945): [6886]< QUERY_NETWORK_SELECTION_MODE error: com.android.internal.telephony.CommandException: RADIO_NOT_AVAILABLE ret=
D/GsmSST  (  945): [GsmSST] mDeviceShuttingDown = false
D/GsmSST  (  945): [GsmSST] mDesiredPowerState = true
D/GsmSST  (  945): [GsmSST] getRadioState = RADIO_UNAVAILABLE
D/GsmSST  (  945): [GsmSST] mPowerOffDelayNeed = true
D/GsmSST  (  945): [GsmSST] mAlarmSwitch = false
D/PHONE   (  945): [ServiceState] setNullState=1
D/GsmSST  (  945): [GsmSST] Poll ServiceState done:  oldSS=[3 3 home null null null  Unknown Unknown CSS not supported -1 -1 RoamInd=-1 DefRoamInd=-1 EmergOnly=false] newSS=[1 1 home null null null  Unknown Unknown CSS not supported -1 -1 RoamInd=-1 DefRoamInd=-1 EmergOnly=false] oldMaxDataCalls=1 mNewMaxDataCalls=1 oldReasonDataDenied=-1 mNewReasonDataDenied=-1
D/PHONE   (  945): [ServiceState] setNullState=1
D/GsmSST  (  945): [GsmSST] updateSpnDisplay: radio is on but out of service, set plmn='No service.'
D/GsmSST  (  945): [GsmSST] updateSpnDisplay: changed sending intent rule=0 showPlmn='true' plmn='No service.' showSpn='false' spn=''
D/SubController(  945): [getSubId]- size == 0, return dummy instead
D/SubController(  945): [getSubId]- size == 0, return dummy instead
D/TelephonyManager(  945): setTelephonyProperty property=gsm.operator.alpha propVal=
D/SubController(  945): [getSubId]- size == 0, return dummy instead
D/TelephonyManager(  945): setTelephonyProperty property=gsm.operator.numeric propVal=
D/GsmSST  (  945): [GsmSST] operatorNumeric is null
D/SubController(  945): [getSubId]- size == 0, return dummy instead
D/TelephonyManager(  945): setTelephonyProperty property=gsm.operator.iso-country propVal=
D/SubController(  945): [getSubId]- size == 0, return dummy instead
D/TelephonyManager(  945): setTelephonyProperty property=gsm.operator.isroaming propVal=false
D/SubController(  945): [getSubId]- size == 0, return dummy instead
D/DefaultPhoneNotifier(  945): nofityServiceState: mRegistry=com.android.internal.telephony.ITelephonyRegistry$Stub$Proxy@20324c19 ss=1 1 home null null null  Unknown Unknown CSS not supported -1 -1 RoamInd=-1 DefRoamInd=-1 EmergOnly=false sender=Handler (com.android.internal.telephony.gsm.GSMPhone) {c60dbcf} phondId=0 subId=-1
D/SubController(  945): [getPhoneId] asked for default subId=9223372036854775807
D/SubController(  945): [getPhoneId]- no sims, returning default phoneId=0
D/SubController(  945): [getSubId]- size == 0, return dummy instead
D/GsmSST  (  945): [GsmSST] notifyDataRegStateRilRadioTechnologyChanged: drs=1 rat=0
D/SubController(  945): [getSubId]- size == 0, return dummy instead
D/TelephonyManager(  945): setTelephonyProperty property=gsm.network.type propVal=Unknown
D/GsmSST  (  945): [GsmSST] Iwlan feature available = false
D/GsmSST  (  945): [GsmSST] Iwlan feature available = false
D/GsmDCT  (  945): [0]get all active apn types
D/UiccController(  945): EVENT_RADIO_UNAVAILABLE, dispose card
D/RILJ    (  945): [9414]> GET_CURRENT_CALLS
D/RilRequest(  945): [9414]< GET_CURRENT_CALLS error: com.android.internal.telephony.CommandException: RADIO_NOT_AVAILABLE ret=
D/GsmDCT  (  945): [0]handleMessage msg={ when=-309ms what=270342 obj=android.os.AsyncResult@214ac187 target=com.android.internal.telephony.dataconnection.DcTracker }
D/GsmDCT  (  945): [0]onRadioOffOrNotAvailable: is off and clean up all connections
D/GsmDCT  (  945): [0]cleanUpAllConnections: tearDown=false reason=radioTurnedOff
D/GsmDCT  (  945): [0]cleanUpConnection: E tearDown=false reason=radioTurnedOff apnContext={mApnType=default mState=IDLE mWaitingApns={null} mWaitingApnsPermanentFailureCountDown=0 mApnSetting={null} mReason=radioTurnedOff mDataEnabled=false mDependencyMet=true}
D/GSMPhone(  945): getDataConnectionState: Data is Out of Service. ret = DISCONNECTED
D/SubController(  945): [getSubId]- size == 0, return dummy instead
D/GsmDCT  (  945): [0]isDataAllowed: not allowed due to - Attached= false - SIM not loaded and not NV subscription
D/GsmDCT  (  945): [ApnContext:default] getApnSetting: apnSetting=null
D/SubController(  945): [getPhoneId]- no sims, returning default phoneId=0
D/GsmDCT  (  945): [0]setupDataForSinglePdn: reason = radioTurnedOff isDisconnected = true
D/GsmDCT  (  945): [0]isOnlySingleDcAllowed(0): false
D/GsmDCT  (  945): [0]cleanUpConnection: X tearDown=false reason=radioTurnedOff apnContext={mApnType=default mState=IDLE mWaitingApns={null} mWaitingApnsPermanentFailureCountDown=0 mApnSetting={null} mReason=radioTurnedOff mDataEnabled=false mDependencyMet=true} dcac=null
D/GsmDCT  (  945): [0]cleanUpConnection: E tearDown=false reason=radioTurnedOff apnContext={mApnType=mms mState=IDLE mWaitingApns={null} mWaitingApnsPermanentFailureCountDown=0 mApnSetting={null} mReason=radioTurnedOff mDataEnabled=false mDependencyMet=true}
D/GSMPhone(  945): getDataConnectionState: Data is Out of Service. ret = DISCONNECTED
D/SubController(  945): [getSubId]- size == 0, return dummy instead
D/GsmDCT  (  945): [0]isDataAllowed: not allowed due to - Attached= false - SIM not loaded and not NV subscription
D/GsmDCT  (  945): [ApnContext:mms] getApnSetting: apnSetting=null
D/SubController(  945): [getPhoneId]- no sims, returning default phoneId=0
D/GsmDCT  (  945): [0]setupDataForSinglePdn: reason = radioTurnedOff isDisconnected = true
D/GsmDCT  (  945): [0]isOnlySingleDcAllowed(0): false
D/GsmDCT  (  945): [0]cleanUpConnection: X tearDown=false reason=radioTurnedOff apnContext={mApnType=mms mState=IDLE mWaitingApns={null} mWaitingApnsPermanentFailureCountDown=0 mApnSetting={null} mReason=radioTurnedOff mDataEnabled=false mDependencyMet=true} dcac=null
D/GsmDCT  (  945): [0]cleanUpConnection: E tearDown=false reason=radioTurnedOff apnContext={mApnType=supl mState=IDLE mWaitingApns={null} mWaitingApnsPermanentFailureCountDown=0 mApnSetting={null} mReason=radioTurnedOff mDataEnabled=false mDependencyMet=true}
D/GSMPhone(  945): getDataConnectionState: Data is Out of Service. ret = DISCONNECTED
D/SubController(  945): [getSubId]- size == 0, return dummy instead
D/GsmDCT  (  945): [0]isDataAllowed: not allowed due to - Attached= false - SIM not loaded and not NV subscription
D/GsmDCT  (  945): [ApnContext:supl] getApnSetting: apnSetting=null
D/SubController(  945): [getPhoneId]- no sims, returning default phoneId=0
D/GsmDCT  (  945): [0]setupDataForSinglePdn: reason = radioTurnedOff isDisconnected = true
D/GsmDCT  (  945): [0]isOnlySingleDcAllowed(0): false
D/GsmDCT  (  945): [0]cleanUpConnection: X tearDown=false reason=radioTurnedOff apnContext={mApnType=supl mState=IDLE mWaitingApns={null} mWaitingApnsPermanentFailureCountDown=0 mApnSetting={null} mReason=radioTurnedOff mDataEnabled=false mDependencyMet=true} dcac=null
D/GsmDCT  (  945): [0]cleanUpConnection: E tearDown=false reason=radioTurnedOff apnContext={mApnType=dun mState=IDLE mWaitingApns={null} mWaitingApnsPermanentFailureCountDown=0 mApnSetting={null} mReason=radioTurnedOff mDataEnabled=false mDependencyMet=true}
D/GSMPhone(  945): getDataConnectionState: Data is Out of Service. ret = DISCONNECTED
D/SubController(  945): [getSubId]- size == 0, return dummy instead
D/GsmDCT  (  945): [0]isDataAllowed: not allowed due to - Attached= false - SIM not loaded and not NV subscription
D/GsmDCT  (  945): [ApnContext:dun] getApnSetting: apnSetting=null
D/SubController(  945): [getPhoneId]- no sims, returning default phoneId=0
D/GsmDCT  (  945): [0]setupDataForSinglePdn: reason = radioTurnedOff isDisconnected = true
D/GsmDCT  (  945): [0]isOnlySingleDcAllowed(0): false
D/GsmDCT  (  945): [0]cleanUpConnection: X tearDown=false reason=radioTurnedOff apnContext={mApnType=dun mState=IDLE mWaitingApns={null} mWaitingApnsPermanentFailureCountDown=0 mApnSetting={null} mReason=radioTurnedOff mDataEnabled=false mDependencyMet=true} dcac=null
D/GsmDCT  (  945): [0]cleanUpConnection: E tearDown=false reason=radioTurnedOff apnContext={mApnType=hipri mState=IDLE mWaitingApns={null} mWaitingApnsPermanentFailureCountDown=0 mApnSetting={null} mReason=radioTurnedOff mDataEnabled=false mDependencyMet=true}
D/GSMPhone(  945): getDataConnectionState: Data is Out of Service. ret = DISCONNECTED
D/SubController(  945): [getSubId]- size == 0, return dummy instead
D/GsmDCT  (  945): [0]isDataAllowed: not allowed due to - Attached= false - SIM not loaded and not NV subscription
D/GsmDCT  (  945): [ApnContext:hipri] getApnSetting: apnSetting=null
D/SubController(  945): [getPhoneId]- no sims, returning default phoneId=0
D/GsmDCT  (  945): [0]setupDataForSinglePdn: reason = radioTurnedOff isDisconnected = true
D/GsmDCT  (  945): [0]isOnlySingleDcAllowed(0): false
D/GsmDCT  (  945): [0]cleanUpConnection: X tearDown=false reason=radioTurnedOff apnContext={mApnType=hipri mState=IDLE mWaitingApns={null} mWaitingApnsPermanentFailureCountDown=0 mApnSetting={null} mReason=radioTurnedOff mDataEnabled=false mDependencyMet=true} dcac=null
D/GsmDCT  (  945): [0]stopNetStatPoll
D/GsmDCT  (  945): [0]stopDataStallAlarm: current tag=65587 mDataStallAlarmIntent=null
D/GsmDCT  (  945): [0]cleanUpConnection: mDisconnectPendingCount = 0
D/SubController(  945): [getSubId]- size == 0, return dummy instead
D/GsmDCT  (  945): [0]isDataAllowed: not allowed due to - Attached= false - SIM not loaded and not NV subscription
D/GsmDCT  (  945): [ApnContext:default] getApnSetting: apnSetting=null
D/SubController(  945): [getPhoneId]- no sims, returning default phoneId=0
D/SubController(  945): [getSubId]- size == 0, return dummy instead
D/GsmDCT  (  945): [0]isDataAllowed: not allowed due to - Attached= false - SIM not loaded and not NV subscription
D/GsmDCT  (  945): [ApnContext:mms] getApnSetting: apnSetting=null
D/SubController(  945): [getPhoneId]- no sims, returning default phoneId=0
D/SubController(  945): [getSubId]- size == 0, return dummy instead
D/GsmDCT  (  945): [0]isDataAllowed: not allowed due to - Attached= false - SIM not loaded and not NV subscription
D/GsmDCT  (  945): [ApnContext:supl] getApnSetting: apnSetting=null
D/SubController(  945): [getPhoneId]- no sims, returning default phoneId=0
D/SubController(  945): [getSubId]- size == 0, return dummy instead
D/GsmDCT  (  945): [0]isDataAllowed: not allowed due to - Attached= false - SIM not loaded and not NV subscription
D/GsmDCT  (  945): [ApnContext:dun] getApnSetting: apnSetting=null
D/SubController(  945): [getPhoneId]- no sims, returning default phoneId=0
D/SubController(  945): [getSubId]- size == 0, return dummy instead
D/GsmDCT  (  945): [0]isDataAllowed: not allowed due to - Attached= false - SIM not loaded and not NV subscription
D/GsmDCT  (  945): [ApnContext:hipri] getApnSetting: apnSetting=null
D/SubController(  945): [getPhoneId]- no sims, returning default phoneId=0
D/DctController(  945): [DctController] EVENT_PHONE1_RADIO_OFF.
E/RIL_ImsSms(  945): IMS State query failed with exp com.android.internal.telephony.CommandException: RADIO_NOT_AVAILABLE
D/CdmaSSM (  945): CDMA_SUBSCRIPTION_SOURCE event = 2
W/CdmaSSM (  945): Unable to get CDMA Subscription Source, Exception: com.android.internal.telephony.CommandException: RADIO_NOT_AVAILABLE, result: null
D/UiccController(  945): Received EVENT_GET_ICC_STATUS_DONE
E/UiccController(  945): Error getting ICC status. RIL_REQUEST_GET_ICC_STATUS should never return an error
E/UiccController(  945): com.android.internal.telephony.CommandException: RADIO_NOT_AVAILABLE
E/UiccController(  945): 	at com.android.internal.telephony.RILRequest.onError(RIL.java:207)
E/UiccController(  945): 	at com.android.internal.telephony.RIL.clearRequestList(RIL.java:2638)
E/UiccController(  945): 	at com.android.internal.telephony.RIL$RILReceiver.run(RIL.java:627)
E/UiccController(  945): 	at java.lang.Thread.run(Thread.java:818)
D/DctController(  945): [DctController] DataStateReceiver: ignore invalid subId=-1 phoneId = 0
D/GsmDCT  (  945): [0]handleMessage msg={ when=-1s797ms what=270377 obj=android.os.AsyncResult@2935b8b4 target=com.android.internal.telephony.dataconnection.DcTracker }
D/GsmDCT  (  945): [0]onUpdateIcc: newIccRecords null
D/SimPhoneBookIM(  945): [SimPbInterfaceManager] Card update received: null
D/SimPhoneBookIM(  945): [SimPbInterfaceManager] Card is null. Cleanup
D/GsmDCT  (  945): [0]handleMessage msg={ when=-1s797ms what=270369 obj=android.os.AsyncResult@395eacdd target=com.android.internal.telephony.dataconnection.DcTracker }
D/GsmDCT  (  945): [0]onUpdateIcc: newIccRecords null
D/SubController(  945): [getSubId]- size == 0, return dummy instead
D/GsmSMSDispatcher(  945): GsmSMSDispatcher: subId = -1 slotId = 0
D/SUB     (  945): [SubInfoRecordUpdater]updateIccAvailability: Enter, slotId 0
D/SUB     (  945): [SubInfoRecordUpdater]Slot[0]: New Card State = CARDSTATE_ABSENT Old Card State = CARDSTATE_ABSENT
D/SUB     (  945): [SubInfoRecordUpdater]All IccIds query complete
